Archive member included to satisfy reference by file (symbol)

C:/ST/STM32CubeIDE_1.15.0/STM32CubeIDE/plugins/com.st.stm32cube.ide.mcu.externaltools.gnu-tools-for-stm32.13.3.rel1.win32_1.0.0.202411081344/tools/bin/../lib/gcc/arm-none-eabi/13.3.1/../../../../arm-none-eabi/lib/thumb/v7e-m+fp/hard\libm.a(libm_a-w_acos.o)
                              ./Core/Src/Free42/core_commands6.o (acos)
C:/ST/STM32CubeIDE_1.15.0/STM32CubeIDE/plugins/com.st.stm32cube.ide.mcu.externaltools.gnu-tools-for-stm32.13.3.rel1.win32_1.0.0.202411081344/tools/bin/../lib/gcc/arm-none-eabi/13.3.1/../../../../arm-none-eabi/lib/thumb/v7e-m+fp/hard\libm.a(libm_a-w_acosh.o)
                              ./Core/Src/Free42/core_commands3.o (acosh)
C:/ST/STM32CubeIDE_1.15.0/STM32CubeIDE/plugins/com.st.stm32cube.ide.mcu.externaltools.gnu-tools-for-stm32.13.3.rel1.win32_1.0.0.202411081344/tools/bin/../lib/gcc/arm-none-eabi/13.3.1/../../../../arm-none-eabi/lib/thumb/v7e-m+fp/hard\libm.a(libm_a-w_asin.o)
                              ./Core/Src/Free42/core_commands6.o (asin)
C:/ST/STM32CubeIDE_1.15.0/STM32CubeIDE/plugins/com.st.stm32cube.ide.mcu.externaltools.gnu-tools-for-stm32.13.3.rel1.win32_1.0.0.202411081344/tools/bin/../lib/gcc/arm-none-eabi/13.3.1/../../../../arm-none-eabi/lib/thumb/v7e-m+fp/hard\libm.a(libm_a-w_atan2.o)
                              ./Core/Src/Free42/core_commands6.o (atan2)
C:/ST/STM32CubeIDE_1.15.0/STM32CubeIDE/plugins/com.st.stm32cube.ide.mcu.externaltools.gnu-tools-for-stm32.13.3.rel1.win32_1.0.0.202411081344/tools/bin/../lib/gcc/arm-none-eabi/13.3.1/../../../../arm-none-eabi/lib/thumb/v7e-m+fp/hard\libm.a(libm_a-w_atanh.o)
                              ./Core/Src/Free42/core_commands3.o (atanh)
C:/ST/STM32CubeIDE_1.15.0/STM32CubeIDE/plugins/com.st.stm32cube.ide.mcu.externaltools.gnu-tools-for-stm32.13.3.rel1.win32_1.0.0.202411081344/tools/bin/../lib/gcc/arm-none-eabi/13.3.1/../../../../arm-none-eabi/lib/thumb/v7e-m+fp/hard\libm.a(libm_a-w_cosh.o)
                              ./Core/Src/Free42/core_commands3.o (cosh)
C:/ST/STM32CubeIDE_1.15.0/STM32CubeIDE/plugins/com.st.stm32cube.ide.mcu.externaltools.gnu-tools-for-stm32.13.3.rel1.win32_1.0.0.202411081344/tools/bin/../lib/gcc/arm-none-eabi/13.3.1/../../../../arm-none-eabi/lib/thumb/v7e-m+fp/hard\libm.a(libm_a-w_exp.o)
                              ./Core/Src/Free42/core_commands1.o (exp)
C:/ST/STM32CubeIDE_1.15.0/STM32CubeIDE/plugins/com.st.stm32cube.ide.mcu.externaltools.gnu-tools-for-stm32.13.3.rel1.win32_1.0.0.202411081344/tools/bin/../lib/gcc/arm-none-eabi/13.3.1/../../../../arm-none-eabi/lib/thumb/v7e-m+fp/hard\libm.a(libm_a-w_fmod.o)
                              ./Core/Src/Free42/core_commands1.o (fmod)
C:/ST/STM32CubeIDE_1.15.0/STM32CubeIDE/plugins/com.st.stm32cube.ide.mcu.externaltools.gnu-tools-for-stm32.13.3.rel1.win32_1.0.0.202411081344/tools/bin/../lib/gcc/arm-none-eabi/13.3.1/../../../../arm-none-eabi/lib/thumb/v7e-m+fp/hard\libm.a(libm_a-w_hypot.o)
                              ./Core/Src/Free42/core_commands1.o (hypot)
C:/ST/STM32CubeIDE_1.15.0/STM32CubeIDE/plugins/com.st.stm32cube.ide.mcu.externaltools.gnu-tools-for-stm32.13.3.rel1.win32_1.0.0.202411081344/tools/bin/../lib/gcc/arm-none-eabi/13.3.1/../../../../arm-none-eabi/lib/thumb/v7e-m+fp/hard\libm.a(libm_a-w_lgamma.o)
                              ./Core/Src/IntelDecimal/bid32_lgamma.o (lgamma)
C:/ST/STM32CubeIDE_1.15.0/STM32CubeIDE/plugins/com.st.stm32cube.ide.mcu.externaltools.gnu-tools-for-stm32.13.3.rel1.win32_1.0.0.202411081344/tools/bin/../lib/gcc/arm-none-eabi/13.3.1/../../../../arm-none-eabi/lib/thumb/v7e-m+fp/hard\libm.a(libm_a-w_log.o)
                              ./Core/Src/Free42/core_commands4.o (log)
C:/ST/STM32CubeIDE_1.15.0/STM32CubeIDE/plugins/com.st.stm32cube.ide.mcu.externaltools.gnu-tools-for-stm32.13.3.rel1.win32_1.0.0.202411081344/tools/bin/../lib/gcc/arm-none-eabi/13.3.1/../../../../arm-none-eabi/lib/thumb/v7e-m+fp/hard\libm.a(libm_a-w_log10.o)
                              ./Core/Src/Free42/core_commands1.o (log10)
C:/ST/STM32CubeIDE_1.15.0/STM32CubeIDE/plugins/com.st.stm32cube.ide.mcu.externaltools.gnu-tools-for-stm32.13.3.rel1.win32_1.0.0.202411081344/tools/bin/../lib/gcc/arm-none-eabi/13.3.1/../../../../arm-none-eabi/lib/thumb/v7e-m+fp/hard\libm.a(libm_a-w_pow.o)
                              ./Core/Src/Free42/core_commands6.o (pow)
C:/ST/STM32CubeIDE_1.15.0/STM32CubeIDE/plugins/com.st.stm32cube.ide.mcu.externaltools.gnu-tools-for-stm32.13.3.rel1.win32_1.0.0.202411081344/tools/bin/../lib/gcc/arm-none-eabi/13.3.1/../../../../arm-none-eabi/lib/thumb/v7e-m+fp/hard\libm.a(libm_a-w_sinh.o)
                              ./Core/Src/Free42/core_commands3.o (sinh)
C:/ST/STM32CubeIDE_1.15.0/STM32CubeIDE/plugins/com.st.stm32cube.ide.mcu.externaltools.gnu-tools-for-stm32.13.3.rel1.win32_1.0.0.202411081344/tools/bin/../lib/gcc/arm-none-eabi/13.3.1/../../../../arm-none-eabi/lib/thumb/v7e-m+fp/hard\libm.a(libm_a-w_sqrt.o)
[...]
Memory Configuration

Name             Origin             Length             Attributes
SYS_CALL_DATA    0x20000000         0x0000000c         rw
RAM              0x20008c00         0x0000f400         xrw
RAM2             0x10000000         0x00008000         xrw
FLASH            0x90000000         0x00800000         xr
*default*        0x00000000         0xffffffff

Linker script and memory map

LOAD C:/ST/STM32CubeIDE_1.15.0/STM32CubeIDE/plugins/com.st.stm32cube.ide.mcu.externaltools.gnu-tools-for-stm32.13.3.rel1.win32_1.0.0.202411081344/tools/bin/../lib/gcc/arm-none-eabi/13.3.1/thumb/v7e-m+fp/hard/crti.o
LOAD C:/ST/STM32CubeIDE_1.15.0/STM32CubeIDE/plugins/com.st.stm32cube.ide.mcu.externaltools.gnu-tools-for-stm32.13.3.rel1.win32_1.0.0.202411081344/tools/bin/../lib/gcc/arm-none-eabi/13.3.1/thumb/v7e-m+fp/hard/crtbegin.o
LOAD C:/ST/STM32CubeIDE_1.15.0/STM32CubeIDE/plugins/com.st.stm32cube.ide.mcu.externaltools.gnu-tools-for-stm32.13.3.rel1.win32_1.0.0.202411081344/tools/bin/../lib/gcc/arm-none-eabi/13.3.1/../../../../arm-none-eabi/lib/thumb/v7e-m+fp/hard/crt0.o
LOAD ./Core/Src/Free42/core_commands1.o
LOAD ./Core/Src/Free42/core_commands2.o
LOAD ./Core/Src/Free42/core_commands3.o
LOAD ./Core/Src/Free42/core_commands4.o
LOAD ./Core/Src/Free42/core_commands5.o
LOAD ./Core/Src/Free42/core_commands6.o
LOAD ./Core/Src/Free42/core_commands7.o
LOAD ./Core/Src/Free42/core_display.o
LOAD ./Core/Src/Free42/core_globals.o
LOAD ./Core/Src/Free42/core_helpers.o
LOAD ./Core/Src/Free42/core_keydown.o
LOAD ./Core/Src/Free42/core_linalg1.o
LOAD ./Core/Src/Free42/core_linalg2.o
LOAD ./Core/Src/Free42/core_main.o
LOAD ./Core/Src/Free42/core_math1.o
LOAD ./Core/Src/Free42/core_math2.o
LOAD ./Core/Src/Free42/core_phloat.o
LOAD ./Core/Src/Free42/core_sto_rcl.o
LOAD ./Core/Src/Free42/core_tables.o
LOAD ./Core/Src/Free42/core_variables.o
LOAD ./Core/Src/Free42/shell_main.o
LOAD ./Core/Src/Free42/shell_spool.o
LOAD ./Core/Src/IntelDecimal/bid128.o
LOAD ./Core/Src/IntelDecimal/bid128_2_str_tables.o
LOAD ./Core/Src/IntelDecimal/bid128_acos.o
LOAD ./Core/Src/IntelDecimal/bid128_acosh.o
LOAD ./Core/Src/IntelDecimal/bid128_add.o
LOAD ./Core/Src/IntelDecimal/bid128_asin.o
LOAD ./Core/Src/IntelDecimal/bid128_asinh.o
LOAD ./Core/Src/IntelDecimal/bid128_atan.o
LOAD ./Core/Src/IntelDecimal/bid128_atan2.o
LOAD ./Core/Src/IntelDecimal/bid128_atanh.o
LOAD ./Core/Src/IntelDecimal/bid128_cbrt.o
LOAD ./Core/Src/IntelDecimal/bid128_compare.o
LOAD ./Core/Src/IntelDecimal/bid128_cos.o
LOAD ./Core/Src/IntelDecimal/bid128_cosh.o
LOAD ./Core/Src/IntelDecimal/bid128_div.o
LOAD ./Core/Src/IntelDecimal/bid128_erf.o
LOAD ./Core/Src/IntelDecimal/bid128_erfc.o
LOAD ./Core/Src/IntelDecimal/bid128_exp.o
LOAD ./Core/Src/IntelDecimal/bid128_exp10.o
LOAD ./Core/Src/IntelDecimal/bid128_exp2.o
LOAD ./Core/Src/IntelDecimal/bid128_expm1.o
LOAD ./Core/Src/IntelDecimal/bid128_fdimd.o
LOAD ./Core/Src/IntelDecimal/bid128_fma.o
LOAD ./Core/Src/IntelDecimal/bid128_fmod.o
LOAD ./Core/Src/IntelDecimal/bid128_frexp.o
LOAD ./Core/Src/IntelDecimal/bid128_hypot.o
LOAD ./Core/Src/IntelDecimal/bid128_ldexp.o
LOAD ./Core/Src/IntelDecimal/bid128_lgamma.o
LOAD ./Core/Src/IntelDecimal/bid128_llquantexpd.o
LOAD ./Core/Src/IntelDecimal/bid128_llrintd.o
LOAD ./Core/Src/IntelDecimal/bid128_llround.o
LOAD ./Core/Src/IntelDecimal/bid128_log.o
LOAD ./Core/Src/IntelDecimal/bid128_log10.o
LOAD ./Core/Src/IntelDecimal/bid128_log1p.o
LOAD ./Core/Src/IntelDecimal/bid128_log2.o
LOAD ./Core/Src/IntelDecimal/bid128_logb.o
LOAD ./Core/Src/IntelDecimal/bid128_logbd.o
LOAD ./Core/Src/IntelDecimal/bid128_lrintd.o
LOAD ./Core/Src/IntelDecimal/bid128_lround.o
LOAD ./Core/Src/IntelDecimal/bid128_minmax.o
LOAD ./Core/Src/IntelDecimal/bid128_modf.o
LOAD ./Core/Src/IntelDecimal/bid128_mul.o
LOAD ./Core/Src/IntelDecimal/bid128_nearbyintd.o
LOAD ./Core/Src/IntelDecimal/bid128_next.o
LOAD ./Core/Src/IntelDecimal/bid128_nexttowardd.o
LOAD ./Core/Src/IntelDecimal/bid128_noncomp.o
LOAD ./Core/Src/IntelDecimal/bid128_pow.o
LOAD ./Core/Src/IntelDecimal/bid128_quantexpd.o
LOAD ./Core/Src/IntelDecimal/bid128_quantize.o
LOAD ./Core/Src/IntelDecimal/bid128_quantumd.o
LOAD ./Core/Src/IntelDecimal/bid128_rem.o
LOAD ./Core/Src/IntelDecimal/bid128_round_integral.o
LOAD ./Core/Src/IntelDecimal/bid128_scalb.o
LOAD ./Core/Src/IntelDecimal/bid128_scalbl.o
LOAD ./Core/Src/IntelDecimal/bid128_sin.o
LOAD ./Core/Src/IntelDecimal/bid128_sinh.o
LOAD ./Core/Src/IntelDecimal/bid128_sqrt.o
LOAD ./Core/Src/IntelDecimal/bid128_string.o
LOAD ./Core/Src/IntelDecimal/bid128_tan.o
LOAD ./Core/Src/IntelDecimal/bid128_tanh.o
LOAD ./Core/Src/IntelDecimal/bid128_tgamma.o
LOAD ./Core/Src/IntelDecimal/bid128_to_int16.o
LOAD ./Core/Src/IntelDecimal/bid128_to_int32.o
LOAD ./Core/Src/IntelDecimal/bid128_to_int64.o
LOAD ./Core/Src/IntelDecimal/bid128_to_int8.o
LOAD ./Core/Src/IntelDecimal/bid128_to_uint16.o
LOAD ./Core/Src/IntelDecimal/bid128_to_uint32.o
LOAD ./Core/Src/IntelDecimal/bid128_to_uint64.o
LOAD ./Core/Src/IntelDecimal/bid128_to_uint8.o
LOAD ./Core/Src/IntelDecimal/bid32_acos.o
LOAD ./Core/Src/IntelDecimal/bid32_acosh.o
LOAD ./Core/Src/IntelDecimal/bid32_add.o
LOAD ./Core/Src/IntelDecimal/bid32_asin.o
LOAD ./Core/Src/IntelDecimal/bid32_asinh.o
LOAD ./Core/Src/IntelDecimal/bid32_atan.o
LOAD ./Core/Src/IntelDecimal/bid32_atan2.o
LOAD ./Core/Src/IntelDecimal/bid32_atanh.o
LOAD ./Core/Src/IntelDecimal/bid32_cbrt.o
LOAD ./Core/Src/IntelDecimal/bid32_compare.o
LOAD ./Core/Src/IntelDecimal/bid32_cos.o
LOAD ./Core/Src/IntelDecimal/bid32_cosh.o
LOAD ./Core/Src/IntelDecimal/bid32_div.o
LOAD ./Core/Src/IntelDecimal/bid32_erf.o
LOAD ./Core/Src/IntelDecimal/bid32_erfc.o
LOAD ./Core/Src/IntelDecimal/bid32_exp.o
LOAD ./Core/Src/IntelDecimal/bid32_exp10.o
LOAD ./Core/Src/IntelDecimal/bid32_exp2.o
LOAD ./Core/Src/IntelDecimal/bid32_expm1.o
LOAD ./Core/Src/IntelDecimal/bid32_fdimd.o
LOAD ./Core/Src/IntelDecimal/bid32_fma.o
LOAD ./Core/Src/IntelDecimal/bid32_fmod.o
LOAD ./Core/Src/IntelDecimal/bid32_frexp.o
LOAD ./Core/Src/IntelDecimal/bid32_hypot.o
LOAD ./Core/Src/IntelDecimal/bid32_ldexp.o
LOAD ./Core/Src/IntelDecimal/bid32_lgamma.o
LOAD ./Core/Src/IntelDecimal/bid32_llquantexpd.o
LOAD ./Core/Src/IntelDecimal/bid32_llrintd.o
LOAD ./Core/Src/IntelDecimal/bid32_llround.o
LOAD ./Core/Src/IntelDecimal/bid32_log.o
LOAD ./Core/Src/IntelDecimal/bid32_log10.o
LOAD ./Core/Src/IntelDecimal/bid32_log1p.o
LOAD ./Core/Src/IntelDecimal/bid32_log2.o
LOAD ./Core/Src/IntelDecimal/bid32_logb.o
LOAD ./Core/Src/IntelDecimal/bid32_logbd.o
LOAD ./Core/Src/IntelDecimal/bid32_lrintd.o
LOAD ./Core/Src/IntelDecimal/bid32_lround.o
LOAD ./Core/Src/IntelDecimal/bid32_minmax.o
LOAD ./Core/Src/IntelDecimal/bid32_modf.o
LOAD ./Core/Src/IntelDecimal/bid32_mul.o
LOAD ./Core/Src/IntelDecimal/bid32_nearbyintd.o
LOAD ./Core/Src/IntelDecimal/bid32_next.o
LOAD ./Core/Src/IntelDecimal/bid32_nexttowardd.o
LOAD ./Core/Src/IntelDecimal/bid32_noncomp.o
LOAD ./Core/Src/IntelDecimal/bid32_pow.o
LOAD ./Core/Src/IntelDecimal/bid32_quantexpd.o
LOAD ./Core/Src/IntelDecimal/bid32_quantize.o
LOAD ./Core/Src/IntelDecimal/bid32_quantumd.o
LOAD ./Core/Src/IntelDecimal/bid32_rem.o
LOAD ./Core/Src/IntelDecimal/bid32_round_integral.o
LOAD ./Core/Src/IntelDecimal/bid32_scalb.o
LOAD ./Core/Src/IntelDecimal/bid32_scalbl.o
LOAD ./Core/Src/IntelDecimal/bid32_sin.o
LOAD ./Core/Src/IntelDecimal/bid32_sinh.o
LOAD ./Core/Src/IntelDecimal/bid32_sqrt.o
LOAD ./Core/Src/IntelDecimal/bid32_string.o
LOAD ./Core/Src/IntelDecimal/bid32_sub.o
LOAD ./Core/Src/IntelDecimal/bid32_tan.o
LOAD ./Core/Src/IntelDecimal/bid32_tanh.o
LOAD ./Core/Src/IntelDecimal/bid32_tgamma.o
LOAD ./Core/Src/IntelDecimal/bid32_to_bid128.o
LOAD ./Core/Src/IntelDecimal/bid32_to_bid64.o
LOAD ./Core/Src/IntelDecimal/bid32_to_int16.o
LOAD ./Core/Src/IntelDecimal/bid32_to_int32.o
LOAD ./Core/Src/IntelDecimal/bid32_to_int64.o
LOAD ./Core/Src/IntelDecimal/bid32_to_int8.o
LOAD ./Core/Src/IntelDecimal/bid32_to_uint16.o
LOAD ./Core/Src/IntelDecimal/bid32_to_uint32.o
LOAD ./Core/Src/IntelDecimal/bid32_to_uint64.o
LOAD ./Core/Src/IntelDecimal/bid32_to_uint8.o
LOAD ./Core/Src/IntelDecimal/bid64_acos.o
LOAD ./Core/Src/IntelDecimal/bid64_acosh.o
LOAD ./Core/Src/IntelDecimal/bid64_add.o
LOAD ./Core/Src/IntelDecimal/bid64_asin.o
LOAD ./Core/Src/IntelDecimal/bid64_asinh.o
LOAD ./Core/Src/IntelDecimal/bid64_atan.o
LOAD ./Core/Src/IntelDecimal/bid64_atan2.o
LOAD ./Core/Src/IntelDecimal/bid64_atanh.o
LOAD ./Core/Src/IntelDecimal/bid64_cbrt.o
LOAD ./Core/Src/IntelDecimal/bid64_compare.o
LOAD ./Core/Src/IntelDecimal/bid64_cos.o
LOAD ./Core/Src/IntelDecimal/bid64_cosh.o
LOAD ./Core/Src/IntelDecimal/bid64_div.o
LOAD ./Core/Src/IntelDecimal/bid64_erf.o
LOAD ./Core/Src/IntelDecimal/bid64_erfc.o
LOAD ./Core/Src/IntelDecimal/bid64_exp.o
LOAD ./Core/Src/IntelDecimal/bid64_exp10.o
LOAD ./Core/Src/IntelDecimal/bid64_exp2.o
LOAD ./Core/Src/IntelDecimal/bid64_expm1.o
LOAD ./Core/Src/IntelDecimal/bid64_fdimd.o
LOAD ./Core/Src/IntelDecimal/bid64_fma.o
LOAD ./Core/Src/IntelDecimal/bid64_fmod.o
LOAD ./Core/Src/IntelDecimal/bid64_frexp.o
LOAD ./Core/Src/IntelDecimal/bid64_hypot.o
LOAD ./Core/Src/IntelDecimal/bid64_ldexp.o
LOAD ./Core/Src/IntelDecimal/bid64_lgamma.o
LOAD ./Core/Src/IntelDecimal/bid64_llquantexpd.o
LOAD ./Core/Src/IntelDecimal/bid64_llrintd.o
LOAD ./Core/Src/IntelDecimal/bid64_llround.o
LOAD ./Core/Src/IntelDecimal/bid64_log.o
LOAD ./Core/Src/IntelDecimal/bid64_log10.o
LOAD ./Core/Src/IntelDecimal/bid64_log1p.o
LOAD ./Core/Src/IntelDecimal/bid64_log2.o
LOAD ./Core/Src/IntelDecimal/bid64_logb.o
LOAD ./Core/Src/IntelDecimal/bid64_logbd.o
LOAD ./Core/Src/IntelDecimal/bid64_lrintd.o
LOAD ./Core/Src/IntelDecimal/bid64_lround.o
LOAD ./Core/Src/IntelDecimal/bid64_minmax.o
LOAD ./Core/Src/IntelDecimal/bid64_modf.o
LOAD ./Core/Src/IntelDecimal/bid64_mul.o
LOAD ./Core/Src/IntelDecimal/bid64_nearbyintd.o
LOAD ./Core/Src/IntelDecimal/bid64_next.o
LOAD ./Core/Src/IntelDecimal/bid64_nexttowardd.o
LOAD ./Core/Src/IntelDecimal/bid64_noncomp.o
LOAD ./Core/Src/IntelDecimal/bid64_pow.o
LOAD ./Core/Src/IntelDecimal/bid64_quantexpd.o
LOAD ./Core/Src/IntelDecimal/bid64_quantize.o
LOAD ./Core/Src/IntelDecimal/bid64_quantumd.o
LOAD ./Core/Src/IntelDecimal/bid64_rem.o
LOAD ./Core/Src/IntelDecimal/bid64_round_integral.o
LOAD ./Core/Src/IntelDecimal/bid64_scalb.o
LOAD ./Core/Src/IntelDecimal/bid64_scalbl.o
LOAD ./Core/Src/IntelDecimal/bid64_sin.o
LOAD ./Core/Src/IntelDecimal/bid64_sinh.o
LOAD ./Core/Src/IntelDecimal/bid64_sqrt.o
LOAD ./Core/Src/IntelDecimal/bid64_string.o
LOAD ./Core/Src/IntelDecimal/bid64_tan.o
LOAD ./Core/Src/IntelDecimal/bid64_tanh.o
LOAD ./Core/Src/IntelDecimal/bid64_tgamma.o
LOAD ./Core/Src/IntelDecimal/bid64_to_bid128.o
LOAD ./Core/Src/IntelDecimal/bid64_to_int16.o
LOAD ./Core/Src/IntelDecimal/bid64_to_int32.o
LOAD ./Core/Src/IntelDecimal/bid64_to_int64.o
LOAD ./Core/Src/IntelDecimal/bid64_to_int8.o
LOAD ./Core/Src/IntelDecimal/bid64_to_uint16.o
LOAD ./Core/Src/IntelDecimal/bid64_to_uint32.o
LOAD ./Core/Src/IntelDecimal/bid64_to_uint64.o
LOAD ./Core/Src/IntelDecimal/bid64_to_uint8.o
LOAD ./Core/Src/IntelDecimal/bid_binarydecimal.o
LOAD ./Core/Src/IntelDecimal/bid_convert_data.o
LOAD ./Core/Src/IntelDecimal/bid_decimal_data.o
LOAD ./Core/Src/IntelDecimal/bid_decimal_globals.o
LOAD ./Core/Src/IntelDecimal/bid_dpd.o
LOAD ./Core/Src/IntelDecimal/bid_feclearexcept.o
LOAD ./Core/Src/IntelDecimal/bid_fegetexceptflag.o
LOAD ./Core/Src/IntelDecimal/bid_feraiseexcept.o
LOAD ./Core/Src/IntelDecimal/bid_fesetexceptflag.o
LOAD ./Core/Src/IntelDecimal/bid_fetestexcept.o
LOAD ./Core/Src/IntelDecimal/bid_flag_operations.o
LOAD ./Core/Src/IntelDecimal/bid_from_int.o
LOAD ./Core/Src/IntelDecimal/bid_round.o
LOAD ./Core/Src/IntelDecimal/strtod128.o
LOAD ./Core/Src/IntelDecimal/strtod32.o
LOAD ./Core/Src/IntelDecimal/strtod64.o
LOAD ./Core/Src/IntelDecimal/wcstod128.o
LOAD ./Core/Src/IntelDecimal/wcstod32.o
LOAD ./Core/Src/IntelDecimal/wcstod64.o
LOAD ./Core/Src/gpio.o
LOAD ./Core/Src/main.o
LOAD ./Core/Src/spi.o
LOAD ./Core/Src/stm32l4xx_hal_msp.o
LOAD ./Core/Src/stm32l4xx_it.o
LOAD ./Core/Src/syscalls.o
LOAD ./Core/Src/sysmem.o
LOAD ./Core/Src/system_stm32l4xx.o
LOAD ./Core/Src/rp/NumberEntry.o
LOAD ./Core/Src/rp/RP.o
LOAD ./Core/Src/rp/SimpleMenu.o
LOAD ./Core/Startup/startup_stm32l475rctx.o
LOAD ./Drivers/STM32L4xx_HAL_Driver/Src/stm32l4xx_hal.o
LOAD ./Drivers/STM32L4xx_HAL_Driver/Src/stm32l4xx_hal_cortex.o
LOAD ./Drivers/STM32L4xx_HAL_Driver/Src/stm32l4xx_hal_dma.o
LOAD ./Drivers/STM32L4xx_HAL_Driver/Src/stm32l4xx_hal_dma_ex.o
LOAD ./Drivers/STM32L4xx_HAL_Driver/Src/stm32l4xx_hal_exti.o
LOAD ./Drivers/STM32L4xx_HAL_Driver/Src/stm32l4xx_hal_flash.o
LOAD ./Drivers/STM32L4xx_HAL_Driver/Src/stm32l4xx_hal_flash_ex.o
LOAD ./Drivers/STM32L4xx_HAL_Driver/Src/stm32l4xx_hal_flash_ramfunc.o
LOAD ./Drivers/STM32L4xx_HAL_Driver/Src/stm32l4xx_hal_gpio.o
LOAD ./Drivers/STM32L4xx_HAL_Driver/Src/stm32l4xx_hal_i2c.o
LOAD ./Drivers/STM32L4xx_HAL_Driver/Src/stm32l4xx_hal_i2c_ex.o
LOAD ./Drivers/STM32L4xx_HAL_Driver/Src/stm32l4xx_hal_pwr.o
LOAD ./Drivers/STM32L4xx_HAL_Driver/Src/stm32l4xx_hal_pwr_ex.o
LOAD ./Drivers/STM32L4xx_HAL_Driver/Src/stm32l4xx_hal_rcc.o
LOAD ./Drivers/STM32L4xx_HAL_Driver/Src/stm32l4xx_hal_rcc_ex.o
LOAD ./Drivers/STM32L4xx_HAL_Driver/Src/stm32l4xx_hal_spi.o
LOAD ./Drivers/STM32L4xx_HAL_Driver/Src/stm32l4xx_hal_spi_ex.o
LOAD ./Drivers/STM32L4xx_HAL_Driver/Src/stm32l4xx_hal_tim.o
LOAD ./Drivers/STM32L4xx_HAL_Driver/Src/stm32l4xx_hal_tim_ex.o
START GROUP
LOAD C:/ST/STM32CubeIDE_1.15.0/STM32CubeIDE/plugins/com.st.stm32cube.ide.mcu.externaltools.gnu-tools-for-stm32.13.3.rel1.win32_1.0.0.202411081344/tools/bin/../lib/gcc/arm-none-eabi/13.3.1/../../../../arm-none-eabi/lib/thumb/v7e-m+fp/hard\libstdc++_nano.a
LOAD C:/ST/STM32CubeIDE_1.15.0/STM32CubeIDE/plugins/com.st.stm32cube.ide.mcu.externaltools.gnu-tools-for-stm32.13.3.rel1.win32_1.0.0.202411081344/tools/bin/../lib/gcc/arm-none-eabi/13.3.1/../../../../arm-none-eabi/lib/thumb/v7e-m+fp/hard\libsupc++_nano.a
END GROUP
LOAD C:/ST/STM32CubeIDE_1.15.0/STM32CubeIDE/plugins/com.st.stm32cube.ide.mcu.externaltools.gnu-tools-for-stm32.13.3.rel1.win32_1.0.0.202411081344/tools/bin/../lib/gcc/arm-none-eabi/13.3.1/../../../../arm-none-eabi/lib/thumb/v7e-m+fp/hard\libstdc++_nano.a
LOAD C:/ST/STM32CubeIDE_1.15.0/STM32CubeIDE/plugins/com.st.stm32cube.ide.mcu.externaltools.gnu-tools-for-stm32.13.3.rel1.win32_1.0.0.202411081344/tools/bin/../lib/gcc/arm-none-eabi/13.3.1/../../../../arm-none-eabi/lib/thumb/v7e-m+fp/hard\libm.a
LOAD C:/ST/STM32CubeIDE_1.15.0/STM32CubeIDE/plugins/com.st.stm32cube.ide.mcu.externaltools.gnu-tools-for-stm32.13.3.rel1.win32_1.0.0.202411081344/tools/bin/../lib/gcc/arm-none-eabi/13.3.1/../../../../arm-none-eabi/lib/thumb/v7e-m+fp/hard\libc_nano.a
START GROUP
LOAD C:/ST/STM32CubeIDE_1.15.0/STM32CubeIDE/plugins/com.st.stm32cube.ide.mcu.externaltools.gnu-tools-for-stm32.13.3.rel1.win32_1.0.0.202411081344/tools/bin/../lib/gcc/arm-none-eabi/13.3.1/thumb/v7e-m+fp/hard\libgcc.a
LOAD C:/ST/STM32CubeIDE_1.15.0/STM32CubeIDE/plugins/com.st.stm32cube.ide.mcu.externaltools.gnu-tools-for-stm32.13.3.rel1.win32_1.0.0.202411081344/tools/bin/../lib/gcc/arm-none-eabi/13.3.1/../../../../arm-none-eabi/lib/thumb/v7e-m+fp/hard\libc_nano.a
END GROUP
START GROUP
LOAD C:/ST/STM32CubeIDE_1.15.0/STM32CubeIDE/plugins/com.st.stm32cube.ide.mcu.externaltools.gnu-tools-for-stm32.13.3.rel1.win32_1.0.0.202411081344/tools/bin/../lib/gcc/arm-none-eabi/13.3.1/thumb/v7e-m+fp/hard\libgcc.a
LOAD C:/ST/STM32CubeIDE_1.15.0/STM32CubeIDE/plugins/com.st.stm32cube.ide.mcu.externaltools.gnu-tools-for-stm32.13.3.rel1.win32_1.0.0.202411081344/tools/bin/../lib/gcc/arm-none-eabi/13.3.1/../../../../arm-none-eabi/lib/thumb/v7e-m+fp/hard\libc_nano.a
END GROUP
LOAD C:/ST/STM32CubeIDE_1.15.0/STM32CubeIDE/plugins/com.st.stm32cube.ide.mcu.externaltools.gnu-tools-for-stm32.13.3.rel1.win32_1.0.0.202411081344/tools/bin/../lib/gcc/arm-none-eabi/13.3.1/thumb/v7e-m+fp/hard/crtend.o
LOAD C:/ST/STM32CubeIDE_1.15.0/STM32CubeIDE/plugins/com.st.stm32cube.ide.mcu.externaltools.gnu-tools-for-stm32.13.3.rel1.win32_1.0.0.202411081344/tools/bin/../lib/gcc/arm-none-eabi/13.3.1/thumb/v7e-m+fp/hard/crtn.o
                0x20018000                        _estack = (ORIGIN (RAM) + LENGTH (RAM))
                0x00005000                        _Min_Heap_Size = 0x5000
                0x00005000                        _Min_Stack_Size = 0x5000

.SYS_CALL_DATA  0x20000000        0xc
                0x20000000                        . = ALIGN (0x4)
 *(.SYS_CALL_DATA)
 .SYS_CALL_DATA
                0x20000000        0xa ./Core/Src/rp/RP.o
                0x20000000                systemCallData
                0x2000000c                        . = ALIGN (0x4)
 *fill*         0x2000000a        0x2 

.isr_vector     0x90000000      0x188
                0x90000000                        . = ALIGN (0x4)
 *(.isr_vector)
 .isr_vector    0x90000000      0x188 ./Core/Startup/startup_stm32l475rctx.o
                0x90000000                g_pfnVectors
                0x90000188                        . = ALIGN (0x4)

.text           0x90000190    0x45d68
                0x90000190                        . = ALIGN (0x4)
 *(.text)
 .text          0x90000190       0x40 C:/ST/STM32CubeIDE_1.15.0/STM32CubeIDE/plugins/com.st.stm32cube.ide.mcu.externaltools.gnu-tools-for-stm32.13.3.rel1.win32_1.0.0.202411081344/tools/bin/../lib/gcc/arm-none-eabi/13.3.1/thumb/v7e-m+fp/hard/crtbegin.o
 .text          0x900001d0       0x14 C:/ST/STM32CubeIDE_1.15.0/STM32CubeIDE/plugins/com.st.stm32cube.ide.mcu.externaltools.gnu-tools-for-stm32.13.3.rel1.win32_1.0.0.202411081344/tools/bin/../lib/gcc/arm-none-eabi/13.3.1/../../../../arm-none-eabi/lib/thumb/v7e-m+fp/hard\libc_nano.a(libc_a-strcmp.o)
                0x900001d0                strcmp
 *fill*         0x900001e4        0xc 
 .text          0x900001f0       0xa0 C:/ST/STM32CubeIDE_1.15.0/STM32CubeIDE/plugins/com.st.stm32cube.ide.mcu.externaltools.gnu-tools-for-stm32.13.3.rel1.win32_1.0.0.202411081344/tools/bin/../lib/gcc/arm-none-eabi/13.3.1/../../../../arm-none-eabi/lib/thumb/v7e-m+fp/hard\libc_nano.a(libc_a-memchr.o)
                0x900001f0                memchr
 .text          0x90000290       0x10 C:/ST/STM32CubeIDE_1.15.0/STM32CubeIDE/plugins/com.st.stm32cube.ide.mcu.externaltools.gnu-tools-for-stm32.13.3.rel1.win32_1.0.0.202411081344/tools/bin/../lib/gcc/arm-none-eabi/13.3.1/../../../../arm-none-eabi/lib/thumb/v7e-m+fp/hard\libc_nano.a(libc_a-strlen.o)
                0x90000290                strlen
 .text          0x900002a0      0x378 C:/ST/STM32CubeIDE_1.15.0/STM32CubeIDE/plugins/com.st.stm32cube.ide.mcu.externaltools.gnu-tools-for-stm32.13.3.rel1.win32_1.0.0.202411081344/tools/bin/../lib/gcc/arm-none-eabi/13.3.1/thumb/v7e-m+fp/hard\libgcc.a(_arm_addsubdf3.o)
                0x900002a0                __aeabi_drsub
                0x900002a8                __aeabi_dsub
                0x900002a8                __subdf3
                0x900002ac                __aeabi_dadd
                0x900002ac                __adddf3
                0x90000524                __floatunsidf
                0x90000524                __aeabi_ui2d
                0x90000544                __floatsidf
                0x90000544                __aeabi_i2d
                0x90000568                __aeabi_f2d
                0x90000568                __extendsfdf2
                0x900005ac                __floatundidf
                0x900005ac                __aeabi_ul2d
                0x900005bc                __floatdidf
                0x900005bc                __aeabi_l2d
 .text          0x90000618      0x424 C:/ST/STM32CubeIDE_1.15.0/STM32CubeIDE/plugins/com.st.stm32cube.ide.mcu.externaltools.gnu-tools-for-stm32.13.3.rel1.win32_1.0.0.202411081344/tools/bin/../lib/gcc/arm-none-eabi/13.3.1/thumb/v7e-m+fp/hard\libgcc.a(_arm_muldivdf3.o)
                0x90000618                __aeabi_dmul
                0x90000618                __muldf3
                0x9000086c                __divdf3
                0x9000086c                __aeabi_ddiv
 .text          0x90000a3c      0x110 C:/ST/STM32CubeIDE_1.15.0/STM32CubeIDE/plugins/com.st.stm32cube.ide.mcu.externaltools.gnu-tools-for-stm32.13.3.rel1.win32_1.0.0.202411081344/tools/bin/../lib/gcc/arm-none-eabi/13.3.1/thumb/v7e-m+fp/hard\libgcc.a(_arm_cmpdf2.o)
                0x90000a3c                __gtdf2
                0x90000a3c                __gedf2
                0x90000a44                __ltdf2
                0x90000a44                __ledf2
                0x90000a4c                __nedf2
                0x90000a4c                __eqdf2
                0x90000a4c                __cmpdf2
                0x90000ac8                __aeabi_cdrcmple
                0x90000ad8                __aeabi_cdcmpeq
                0x90000ad8                __aeabi_cdcmple
                0x90000ae8                __aeabi_dcmpeq
                0x90000afc                __aeabi_dcmplt
                0x90000b10                __aeabi_dcmple
                0x90000b24                __aeabi_dcmpge
                0x90000b38                __aeabi_dcmpgt
 .text          0x90000b4c       0x2c C:/ST/STM32CubeIDE_1.15.0/STM32CubeIDE/plugins/com.st.stm32cube.ide.mcu.externaltools.gnu-tools-for-stm32.13.3.rel1.win32_1.0.0.202411081344/tools/bin/../lib/gcc/arm-none-eabi/13.3.1/thumb/v7e-m+fp/hard\libgcc.a(_arm_unorddf2.o)
                0x90000b4c                __unorddf2
                0x90000b4c                __aeabi_dcmpun
 .text          0x90000b78       0x50 C:/ST/STM32CubeIDE_1.15.0/STM32CubeIDE/plugins/com.st.stm32cube.ide.mcu.externaltools.gnu-tools-for-stm32.13.3.rel1.win32_1.0.0.202411081344/tools/bin/../lib/gcc/arm-none-eabi/13.3.1/thumb/v7e-m+fp/hard\libgcc.a(_arm_fixdfsi.o)
                0x90000b78                __aeabi_d2iz
                0x90000b78                __fixdfsi
 .text          0x90000bc8       0x40 C:/ST/STM32CubeIDE_1.15.0/STM32CubeIDE/plugins/com.st.stm32cube.ide.mcu.externaltools.gnu-tools-for-stm32.13.3.rel1.win32_1.0.0.202411081344/tools/bin/../lib/gcc/arm-none-eabi/13.3.1/thumb/v7e-m+fp/hard\libgcc.a(_arm_fixunsdfsi.o)
                0x90000bc8                __aeabi_d2uiz
                0x90000bc8                __fixunsdfsi
 .text          0x90000c08       0xa0 C:/ST/STM32CubeIDE_1.15.0/STM32CubeIDE/plugins/com.st.stm32cube.ide.mcu.externaltools.gnu-tools-for-stm32.13.3.rel1.win32_1.0.0.202411081344/tools/bin/../lib/gcc/arm-none-eabi/13.3.1/thumb/v7e-m+fp/hard\libgcc.a(_arm_truncdfsf2.o)
                0x90000c08                __truncdfsf2
                0x90000c08                __aeabi_d2f
 .text          0x90000ca8       0xa0 C:/ST/STM32CubeIDE_1.15.0/STM32CubeIDE/plugins/com.st.stm32cube.ide.mcu.externaltools.gnu-tools-for-stm32.13.3.rel1.win32_1.0.0.202411081344/tools/bin/../lib/gcc/arm-none-eabi/13.3.1/thumb/v7e-m+fp/hard\libgcc.a(_aeabi_ldivmod.o)
                0x90000ca8                __aeabi_ldivmod
 .text          0x90000d48       0x30 C:/ST/STM32CubeIDE_1.15.0/STM32CubeIDE/plugins/com.st.stm32cube.ide.mcu.externaltools.gnu-tools-for-stm32.13.3.rel1.win32_1.0.0.202411081344/tools/bin/../lib/gcc/arm-none-eabi/13.3.1/thumb/v7e-m+fp/hard\libgcc.a(_aeabi_uldivmod.o)
                0x90000d48                __aeabi_uldivmod
 .text          0x90000d78       0x30 C:/ST/STM32CubeIDE_1.15.0/STM32CubeIDE/plugins/com.st.stm32cube.ide.mcu.externaltools.gnu-tools-for-stm32.13.3.rel1.win32_1.0.0.202411081344/tools/bin/../lib/gcc/arm-none-eabi/13.3.1/thumb/v7e-m+fp/hard\libgcc.a(_fixdfdi.o)
                0x90000d78                __fixdfdi
                0x90000d78                __aeabi_d2lz
 .text          0x90000da8       0x3c C:/ST/STM32CubeIDE_1.15.0/STM32CubeIDE/plugins/com.st.stm32cube.ide.mcu.externaltools.gnu-tools-for-stm32.13.3.rel1.win32_1.0.0.202411081344/tools/bin/../lib/gcc/arm-none-eabi/13.3.1/thumb/v7e-m+fp/hard\libgcc.a(_fixunsdfdi.o)
                0x90000da8                __fixunsdfdi
                0x90000da8                __aeabi_d2ulz
 .text          0x90000de4      0x2f8 C:/ST/STM32CubeIDE_1.15.0/STM32CubeIDE/plugins/com.st.stm32cube.ide.mcu.externaltools.gnu-tools-for-stm32.13.3.rel1.win32_1.0.0.202411081344/tools/bin/../lib/gcc/arm-none-eabi/13.3.1/thumb/v7e-m+fp/hard\libgcc.a(_udivmoddi4.o)
                0x90000de4                __udivmoddi4
 .text          0x900010dc        0x4 C:/ST/STM32CubeIDE_1.15.0/STM32CubeIDE/plugins/com.st.stm32cube.ide.mcu.externaltools.gnu-tools-for-stm32.13.3.rel1.win32_1.0.0.202411081344/tools/bin/../lib/gcc/arm-none-eabi/13.3.1/thumb/v7e-m+fp/hard\libgcc.a(_dvmd_tls.o)
                0x900010dc                __aeabi_idiv0
                0x900010dc                __aeabi_ldiv0
 *(.text*)
 .text._ZL20docmd_div_completioniP7vartype
                0x900010e0        0xc ./Core/Src/Free42/core_commands1.o
 .text._ZL24docmd_rcl_div_completioniP7vartype
                0x900010ec       0x24 ./Core/Src/Free42/core_commands1.o
 .text._ZL15mappable_to_degdPd
                0x90001110       0x10 ./Core/Src/Free42/core_commands1.o
 .text._ZL15mappable_to_raddPd
                0x90001120       0x10 ./Core/Src/Free42/core_commands1.o
 .text._ZL14mappable_to_hrdPd
                0x90001130      0x1b0 ./Core/Src/Free42/core_commands1.o
 .text._ZL15mappable_to_hmsdPd
                0x900012e0       0xbc ./Core/Src/Free42/core_commands1.o
 .text._ZL13mappable_signddPdS_
                0x9000139c       0x70 ./Core/Src/Free42/core_commands1.o
 .text._ZL11mappable_ipdPd
                0x9000140c       0x4c ./Core/Src/Free42/core_commands1.o
 .text._ZL11mappable_fpdPd
                0x90001458       0x54 ./Core/Src/Free42/core_commands1.o
 *fill*         0x900014ac        0x4 
 .text._ZL14mappable_rnd_rdPd
                0x900014b0      0x1e0 ./Core/Src/Free42/core_commands1.o
 .text._ZL20docmd_mul_completioniP7vartype
                0x90001690        0xc ./Core/Src/Free42/core_commands1.o
 .text._ZL24docmd_rcl_mul_completioniP7vartype
                0x9000169c       0x24 ./Core/Src/Free42/core_commands1.o
 .text._ZL14mappable_rnd_cddPdS_
                0x900016c0      0x200 ./Core/Src/Free42/core_commands1.o
 .text._Z9docmd_clxP10arg_struct
                0x900018c0       0x44 ./Core/Src/Free42/core_commands1.o
                0x900018c0                docmd_clx(arg_struct*)
 .text._Z11docmd_enterP10arg_struct
                0x90001904       0x4c ./Core/Src/Free42/core_commands1.o
                0x90001904                docmd_enter(arg_struct*)
 .text._Z10docmd_swapP10arg_struct
                0x90001950       0x30 ./Core/Src/Free42/core_commands1.o
                0x90001950                docmd_swap(arg_struct*)
 .text._Z9docmd_rdnP10arg_struct
                0x90001980       0x30 ./Core/Src/Free42/core_commands1.o
                0x90001980                docmd_rdn(arg_struct*)
 .text._Z9docmd_chsP10arg_struct
                0x900019b0       0xd4 ./Core/Src/Free42/core_commands1.o
                0x900019b0                docmd_chs(arg_struct*)
 .text._Z9docmd_divP10arg_struct
                0x90001a84       0x28 ./Core/Src/Free42/core_commands1.o
                0x90001a84                docmd_div(arg_struct*)
 .text._Z9docmd_mulP10arg_struct
                0x90001aac       0x28 ./Core/Src/Free42/core_commands1.o
                0x90001aac                docmd_mul(arg_struct*)
 .text._Z9docmd_subP10arg_struct
                0x90001ad4       0x34 ./Core/Src/Free42/core_commands1.o
                0x90001ad4                docmd_sub(arg_struct*)
 .text._Z9docmd_addP10arg_struct
                0x90001b08       0x34 ./Core/Src/Free42/core_commands1.o
                0x90001b08                docmd_add(arg_struct*)
 .text._Z11docmd_lastxP10arg_struct
                0x90001b3c       0x1c ./Core/Src/Free42/core_commands1.o
                0x90001b3c                docmd_lastx(arg_struct*)
 .text._Z13docmd_complexP10arg_struct
                0x90001b58      0x29c ./Core/Src/Free42/core_commands1.o
                0x90001b58                docmd_complex(arg_struct*)
 .text._Z9docmd_stoP10arg_struct
                0x90001df4        0x8 ./Core/Src/Free42/core_commands1.o
                0x90001df4                docmd_sto(arg_struct*)
 .text._Z13docmd_sto_divP10arg_struct
                0x90001dfc        0x8 ./Core/Src/Free42/core_commands1.o
                0x90001dfc                docmd_sto_div(arg_struct*)
 .text._Z13docmd_sto_mulP10arg_struct
                0x90001e04        0x8 ./Core/Src/Free42/core_commands1.o
                0x90001e04                docmd_sto_mul(arg_struct*)
 .text._Z13docmd_sto_subP10arg_struct
                0x90001e0c        0x8 ./Core/Src/Free42/core_commands1.o
                0x90001e0c                docmd_sto_sub(arg_struct*)
 .text._Z13docmd_sto_addP10arg_struct
                0x90001e14        0x8 ./Core/Src/Free42/core_commands1.o
                0x90001e14                docmd_sto_add(arg_struct*)
 .text._Z9docmd_rclP10arg_struct
                0x90001e1c       0x18 ./Core/Src/Free42/core_commands1.o
                0x90001e1c                docmd_rcl(arg_struct*)
 .text._Z13docmd_rcl_divP10arg_struct
                0x90001e34       0x40 ./Core/Src/Free42/core_commands1.o
                0x90001e34                docmd_rcl_div(arg_struct*)
 .text._Z13docmd_rcl_mulP10arg_struct
                0x90001e74       0x40 ./Core/Src/Free42/core_commands1.o
                0x90001e74                docmd_rcl_mul(arg_struct*)
 .text._Z13docmd_rcl_subP10arg_struct
                0x90001eb4       0x50 ./Core/Src/Free42/core_commands1.o
                0x90001eb4                docmd_rcl_sub(arg_struct*)
 .text._Z13docmd_rcl_addP10arg_struct
                0x90001f04       0x50 ./Core/Src/Free42/core_commands1.o
                0x90001f04                docmd_rcl_add(arg_struct*)
 .text._Z9docmd_fixP10arg_struct
                0x90001f54       0x5c ./Core/Src/Free42/core_commands1.o
                0x90001f54                docmd_fix(arg_struct*)
 .text._Z9docmd_sciP10arg_struct
                0x90001fb0       0x58 ./Core/Src/Free42/core_commands1.o
                0x90001fb0                docmd_sci(arg_struct*)
 .text._Z9docmd_engP10arg_struct
                0x90002008       0x5c ./Core/Src/Free42/core_commands1.o
                0x90002008                docmd_eng(arg_struct*)
 .text._Z9docmd_allP10arg_struct
                0x90002064       0x1c ./Core/Src/Free42/core_commands1.o
                0x90002064                docmd_all(arg_struct*)
 .text._Z10docmd_nullP10arg_struct
                0x90002080        0x4 ./Core/Src/Free42/core_commands1.o
                0x90002080                docmd_null(arg_struct*)
 *fill*         0x90002084        0x4 
 .text._Z10docmd_astoP10arg_struct
                0x90002088      0x118 ./Core/Src/Free42/core_commands1.o
                0x90002088                docmd_asto(arg_struct*)
 .text._Z11docmd_xastoP10arg_struct
                0x900021a0       0xf0 ./Core/Src/Free42/core_commands1.o
                0x900021a0                docmd_xasto(arg_struct*)
 .text._Z10docmd_arclP10arg_struct
                0x90002290       0xf8 ./Core/Src/Free42/core_commands1.o
                0x90002290                docmd_arcl(arg_struct*)
 .text._Z9docmd_claP10arg_struct
                0x90002388       0x18 ./Core/Src/Free42/core_commands1.o
                0x90002388                docmd_cla(arg_struct*)
 .text._Z9docmd_degP10arg_struct
                0x900023a0       0x28 ./Core/Src/Free42/core_commands1.o
                0x900023a0                docmd_deg(arg_struct*)
 .text._Z9docmd_radP10arg_struct
                0x900023c8       0x2c ./Core/Src/Free42/core_commands1.o
                0x900023c8                docmd_rad(arg_struct*)
 .text._Z10docmd_gradP10arg_struct
                0x900023f4       0x28 ./Core/Src/Free42/core_commands1.o
                0x900023f4                docmd_grad(arg_struct*)
 .text._Z10docmd_rectP10arg_struct
                0x9000241c       0x18 ./Core/Src/Free42/core_commands1.o
                0x9000241c                docmd_rect(arg_struct*)
 .text._Z11docmd_polarP10arg_struct
                0x90002434       0x18 ./Core/Src/Free42/core_commands1.o
                0x90002434                docmd_polar(arg_struct*)
 .text._Z10docmd_sizeP10arg_struct
                0x9000244c       0x24 ./Core/Src/Free42/core_commands1.o
                0x9000244c                docmd_size(arg_struct*)
 .text._Z11docmd_quietP10arg_struct
                0x90002470       0x14 ./Core/Src/Free42/core_commands1.o
                0x90002470                docmd_quiet(arg_struct*)
 .text._Z12docmd_cpxresP10arg_struct
                0x90002484       0x10 ./Core/Src/Free42/core_commands1.o
                0x90002484                docmd_cpxres(arg_struct*)
 .text._Z13docmd_realresP10arg_struct
                0x90002494       0x10 ./Core/Src/Free42/core_commands1.o
                0x90002494                docmd_realres(arg_struct*)
 .text._Z12docmd_keyasnP10arg_struct
                0x900024a4       0x10 ./Core/Src/Free42/core_commands1.o
                0x900024a4                docmd_keyasn(arg_struct*)
 .text._Z11docmd_lclblP10arg_struct
                0x900024b4       0x10 ./Core/Src/Free42/core_commands1.o
                0x900024b4                docmd_lclbl(arg_struct*)
 .text._Z12docmd_rdxdotP10arg_struct
                0x900024c4       0x14 ./Core/Src/Free42/core_commands1.o
                0x900024c4                docmd_rdxdot(arg_struct*)
 .text._Z14docmd_rdxcommaP10arg_struct
                0x900024d8       0x14 ./Core/Src/Free42/core_commands1.o
                0x900024d8                docmd_rdxcomma(arg_struct*)
 .text._Z13docmd_clsigmaP10arg_struct
                0x900024ec       0xb0 ./Core/Src/Free42/core_commands1.o
                0x900024ec                docmd_clsigma(arg_struct*)
 .text._Z9docmd_clpP10arg_struct
                0x9000259c        0x4 ./Core/Src/Free42/core_commands1.o
                0x9000259c                docmd_clp(arg_struct*)
 .text._Z9docmd_clvP10arg_struct
                0x900025a0       0x74 ./Core/Src/Free42/core_commands1.o
                0x900025a0                docmd_clv(arg_struct*)
 .text._Z10docmd_lclvP10arg_struct
                0x90002614       0x7c ./Core/Src/Free42/core_commands1.o
                0x90002614                docmd_lclv(arg_struct*)
 .text._Z10docmd_clstP10arg_struct
                0x90002690       0x7c ./Core/Src/Free42/core_commands1.o
                0x90002690                docmd_clst(arg_struct*)
 .text._Z10docmd_clrgP10arg_struct
                0x9000270c       0x94 ./Core/Src/Free42/core_commands1.o
                0x9000270c                docmd_clrg(arg_struct*)
 .text._Z9docmd_delP10arg_struct
                0x900027a0       0x18 ./Core/Src/Free42/core_commands1.o
                0x900027a0                docmd_del(arg_struct*)
 .text._Z12docmd_clkeysP10arg_struct
                0x900027b8        0xc ./Core/Src/Free42/core_commands1.o
                0x900027b8                docmd_clkeys(arg_struct*)
 .text._Z11docmd_cllcdP10arg_struct
                0x900027c4       0x1c ./Core/Src/Free42/core_commands1.o
                0x900027c4                docmd_cllcd(arg_struct*)
 .text._Z12docmd_clmenuP10arg_struct
                0x900027e0        0xc ./Core/Src/Free42/core_commands1.o
                0x900027e0                docmd_clmenu(arg_struct*)
 *fill*         0x900027ec        0x4 
 .text._Z11docmd_clallP10arg_struct
                0x900027f0      0x110 ./Core/Src/Free42/core_commands1.o
                0x900027f0                docmd_clall(arg_struct*)
 .text._Z13docmd_percentP10arg_struct
                0x90002900       0x58 ./Core/Src/Free42/core_commands1.o
                0x90002900                docmd_percent(arg_struct*)
 .text._Z8docmd_piP10arg_struct
                0x90002958       0x20 ./Core/Src/Free42/core_commands1.o
                0x90002958                docmd_pi(arg_struct*)
 .text._Z12docmd_to_degP10arg_struct
                0x90002978       0x3c ./Core/Src/Free42/core_commands1.o
                0x90002978                docmd_to_deg(arg_struct*)
 .text._Z12docmd_to_radP10arg_struct
                0x900029b4       0x3c ./Core/Src/Free42/core_commands1.o
                0x900029b4                docmd_to_rad(arg_struct*)
 .text._Z11docmd_to_hrP10arg_struct
                0x900029f0       0x3c ./Core/Src/Free42/core_commands1.o
                0x900029f0                docmd_to_hr(arg_struct*)
 .text._Z12docmd_to_hmsP10arg_struct
                0x90002a2c       0x3c ./Core/Src/Free42/core_commands1.o
                0x90002a2c                docmd_to_hms(arg_struct*)
 .text._Z12docmd_to_recP10arg_struct
                0x90002a68       0xac ./Core/Src/Free42/core_commands1.o
                0x90002a68                docmd_to_rec(arg_struct*)
 .text._Z12docmd_to_polP10arg_struct
                0x90002b14       0xac ./Core/Src/Free42/core_commands1.o
                0x90002b14                docmd_to_pol(arg_struct*)
 .text._Z8docmd_ipP10arg_struct
                0x90002bc0       0x3c ./Core/Src/Free42/core_commands1.o
                0x90002bc0                docmd_ip(arg_struct*)
 .text._Z8docmd_fpP10arg_struct
                0x90002bfc       0x3c ./Core/Src/Free42/core_commands1.o
                0x90002bfc                docmd_fp(arg_struct*)
 .text._Z9docmd_rndP10arg_struct
                0x90002c38       0xb0 ./Core/Src/Free42/core_commands1.o
                0x90002c38                docmd_rnd(arg_struct*)
 .text._Z9docmd_absP10arg_struct
                0x90002ce8       0xa8 ./Core/Src/Free42/core_commands1.o
                0x90002ce8                docmd_abs(arg_struct*)
 .text._Z10docmd_signP10arg_struct
                0x90002d90      0x134 ./Core/Src/Free42/core_commands1.o
                0x90002d90                docmd_sign(arg_struct*)
 .text._Z9docmd_modP10arg_struct
                0x90002ec4       0xe8 ./Core/Src/Free42/core_commands1.o
                0x90002ec4                docmd_mod(arg_struct*)
 *fill*         0x90002fac        0x4 
 .text._ZL19generic_loop_helperPdb
                0x90002fb0      0x218 ./Core/Src/Free42/core_commands2.o
 .text._ZL14mappable_gammadPd
                0x900031c8       0x50 ./Core/Src/Free42/core_commands2.o
 .text._ZL12aview_helperPKci
                0x90003218      0x114 ./Core/Src/Free42/core_commands2.o
 .text._ZL12pixel_helperdd
                0x9000332c      0x224 ./Core/Src/Free42/core_commands2.o
 .text._ZL10pra_helperbPKci
                0x90003550       0xd8 ./Core/Src/Free42/core_commands2.o
 .text._ZL12prusr_workerb
                0x90003628      0x1c4 ./Core/Src/Free42/core_commands2.o
 .text._ZL10prv_workerb
                0x900037ec      0x2e4 ./Core/Src/Free42/core_commands2.o
 .text._ZL13mappable_factdPd
                0x90003ad0       0xa0 ./Core/Src/Free42/core_commands2.o
 .text._Z8docmd_sfP10arg_struct
                0x90003b70       0x80 ./Core/Src/Free42/core_commands2.o
                0x90003b70                docmd_sf(arg_struct*)
 .text._Z8docmd_cfP10arg_struct
                0x90003bf0       0x58 ./Core/Src/Free42/core_commands2.o
                0x90003bf0                docmd_cf(arg_struct*)
 .text._Z10docmd_fs_tP10arg_struct
                0x90003c48       0x54 ./Core/Src/Free42/core_commands2.o
                0x90003c48                docmd_fs_t(arg_struct*)
 .text._Z10docmd_fc_tP10arg_struct
                0x90003c9c       0x54 ./Core/Src/Free42/core_commands2.o
                0x90003c9c                docmd_fc_t(arg_struct*)
 .text._Z11docmd_fsc_tP10arg_struct
                0x90003cf0       0x70 ./Core/Src/Free42/core_commands2.o
                0x90003cf0                docmd_fsc_t(arg_struct*)
 .text._Z11docmd_fcc_tP10arg_struct
                0x90003d60       0x70 ./Core/Src/Free42/core_commands2.o
                0x90003d60                docmd_fcc_t(arg_struct*)
 .text._Z10docmd_combP10arg_struct
                0x90003dd0      0x1f8 ./Core/Src/Free42/core_commands2.o
                0x90003dd0                docmd_comb(arg_struct*)
 .text._Z10docmd_permP10arg_struct
                0x90003fc8      0x128 ./Core/Src/Free42/core_commands2.o
                0x90003fc8                docmd_perm(arg_struct*)
 .text._Z10docmd_factP10arg_struct
                0x900040f0       0x3c ./Core/Src/Free42/core_commands2.o
                0x900040f0                docmd_fact(arg_struct*)
 .text._Z11docmd_gammaP10arg_struct
                0x9000412c       0x3c ./Core/Src/Free42/core_commands2.o
                0x9000412c                docmd_gamma(arg_struct*)
 .text._Z9docmd_ranP10arg_struct
                0x90004168       0x18 ./Core/Src/Free42/core_commands2.o
                0x90004168                docmd_ran(arg_struct*)
 .text._Z10docmd_seedP10arg_struct
                0x90004180      0x2c0 ./Core/Src/Free42/core_commands2.o
                0x90004180                docmd_seed(arg_struct*)
 .text._Z9docmd_lblP10arg_struct
                0x90004440       0x1c ./Core/Src/Free42/core_commands2.o
                0x90004440                docmd_lbl(arg_struct*)
 .text._Z9docmd_rtnP10arg_struct
                0x9000445c       0x34 ./Core/Src/Free42/core_commands2.o
                0x9000445c                docmd_rtn(arg_struct*)
 .text._Z11docmd_inputP10arg_struct
                0x90004490      0x190 ./Core/Src/Free42/core_commands2.o
                0x90004490                docmd_input(arg_struct*)
 .text._Z11view_helperP10arg_structb
                0x90004620      0x168 ./Core/Src/Free42/core_commands2.o
                0x90004620                view_helper(arg_struct*, bool)
 .text._Z10docmd_viewP10arg_struct
                0x90004788        0x8 ./Core/Src/Free42/core_commands2.o
                0x90004788                docmd_view(arg_struct*)
 .text._Z11docmd_aviewP10arg_struct
                0x90004790       0x4c ./Core/Src/Free42/core_commands2.o
                0x90004790                docmd_aview(arg_struct*)
 .text._Z12docmd_promptP10arg_struct
                0x900047dc       0x40 ./Core/Src/Free42/core_commands2.o
                0x900047dc                docmd_prompt(arg_struct*)
 .text._Z9docmd_pseP10arg_struct
                0x9000481c       0x30 ./Core/Src/Free42/core_commands2.o
                0x9000481c                docmd_pse(arg_struct*)
 .text._Z9docmd_isgP10arg_struct
                0x9000484c      0x104 ./Core/Src/Free42/core_commands2.o
                0x9000484c                docmd_isg(arg_struct*)
 .text._Z9docmd_dseP10arg_struct
                0x90004950      0x104 ./Core/Src/Free42/core_commands2.o
                0x90004950                docmd_dse(arg_struct*)
 .text._Z9docmd_aipP10arg_struct
                0x90004a54       0x64 ./Core/Src/Free42/core_commands2.o
                0x90004a54                docmd_aip(arg_struct*)
 .text._Z10docmd_xtoaP10arg_struct
                0x90004ab8      0x174 ./Core/Src/Free42/core_commands2.o
                0x90004ab8                docmd_xtoa(arg_struct*)
 .text._Z12docmd_agraphP10arg_struct
                0x90004c2c       0xc8 ./Core/Src/Free42/core_commands2.o
                0x90004c2c                docmd_agraph(arg_struct*)
 .text._Z11docmd_pixelP10arg_struct
                0x90004cf4       0xac ./Core/Src/Free42/core_commands2.o
                0x90004cf4                docmd_pixel(arg_struct*)
 .text._Z10docmd_beepP10arg_struct
                0x90004da0       0x20 ./Core/Src/Free42/core_commands2.o
                0x90004da0                docmd_beep(arg_struct*)
 .text._Z10docmd_toneP10arg_struct
                0x90004dc0       0x2c ./Core/Src/Free42/core_commands2.o
                0x90004dc0                docmd_tone(arg_struct*)
 .text._Z10docmd_mvarP10arg_struct
                0x90004dec        0x4 ./Core/Src/Free42/core_commands2.o
                0x90004dec                docmd_mvar(arg_struct*)
 .text._Z13docmd_varmenuP10arg_struct
                0x90004df0       0x9c ./Core/Src/Free42/core_commands2.o
                0x90004df0                docmd_varmenu(arg_struct*)
 .text._Z12docmd_getkeyP10arg_struct
                0x90004e8c       0x38 ./Core/Src/Free42/core_commands2.o
                0x90004e8c                docmd_getkey(arg_struct*)
 .text._Z10docmd_menuP10arg_struct
                0x90004ec4       0x24 ./Core/Src/Free42/core_commands2.o
                0x90004ec4                docmd_menu(arg_struct*)
 .text._Z12docmd_x_eq_0P10arg_struct
                0x90004ee8       0x2c ./Core/Src/Free42/core_commands2.o
                0x90004ee8                docmd_x_eq_0(arg_struct*)
 .text._Z12docmd_x_ne_0P10arg_struct
                0x90004f14       0x2c ./Core/Src/Free42/core_commands2.o
                0x90004f14                docmd_x_ne_0(arg_struct*)
 .text._Z12docmd_x_lt_0P10arg_struct
                0x90004f40       0x2c ./Core/Src/Free42/core_commands2.o
                0x90004f40                docmd_x_lt_0(arg_struct*)
 .text._Z12docmd_x_gt_0P10arg_struct
                0x90004f6c       0x2c ./Core/Src/Free42/core_commands2.o
                0x90004f6c                docmd_x_gt_0(arg_struct*)
 .text._Z12docmd_x_le_0P10arg_struct
                0x90004f98       0x2c ./Core/Src/Free42/core_commands2.o
                0x90004f98                docmd_x_le_0(arg_struct*)
 .text._Z12docmd_x_ge_0P10arg_struct
                0x90004fc4       0x2c ./Core/Src/Free42/core_commands2.o
                0x90004fc4                docmd_x_ge_0(arg_struct*)
 .text._Z12docmd_x_eq_yP10arg_struct
                0x90004ff0       0x28 ./Core/Src/Free42/core_commands2.o
                0x90004ff0                docmd_x_eq_y(arg_struct*)
 .text._Z12docmd_x_ne_yP10arg_struct
                0x90005018       0x28 ./Core/Src/Free42/core_commands2.o
                0x90005018                docmd_x_ne_y(arg_struct*)
 .text._Z12docmd_x_lt_yP10arg_struct
                0x90005040       0x34 ./Core/Src/Free42/core_commands2.o
                0x90005040                docmd_x_lt_y(arg_struct*)
 .text._Z12docmd_x_gt_yP10arg_struct
                0x90005074       0x34 ./Core/Src/Free42/core_commands2.o
                0x90005074                docmd_x_gt_y(arg_struct*)
 .text._Z12docmd_x_le_yP10arg_struct
                0x900050a8       0x34 ./Core/Src/Free42/core_commands2.o
                0x900050a8                docmd_x_le_y(arg_struct*)
 .text._Z12docmd_x_ge_yP10arg_struct
                0x900050dc       0x34 ./Core/Src/Free42/core_commands2.o
                0x900050dc                docmd_x_ge_y(arg_struct*)
 .text._Z13docmd_prsigmaP10arg_struct
                0x90005110      0x178 ./Core/Src/Free42/core_commands2.o
                0x90005110                docmd_prsigma(arg_struct*)
 .text._Z9docmd_prpP10arg_struct
                0x90005288       0x78 ./Core/Src/Free42/core_commands2.o
                0x90005288                docmd_prp(arg_struct*)
 .text._Z9docmd_prvP10arg_struct
                0x90005300      0x164 ./Core/Src/Free42/core_commands2.o
                0x90005300                docmd_prv(arg_struct*)
 .text._Z11docmd_prregP10arg_struct
                0x90005464       0x94 ./Core/Src/Free42/core_commands2.o
                0x90005464                docmd_prreg(arg_struct*)
 .text._Z11docmd_prstkP10arg_struct
                0x900054f8      0x228 ./Core/Src/Free42/core_commands2.o
                0x900054f8                docmd_prstk(arg_struct*)
 .text._Z9docmd_praP10arg_struct
                0x90005720       0x18 ./Core/Src/Free42/core_commands2.o
                0x90005720                docmd_pra(arg_struct*)
 .text._Z11docmd_xviewP10arg_struct
                0x90005738       0x60 ./Core/Src/Free42/core_commands2.o
                0x90005738                docmd_xview(arg_struct*)
 .text._Z9docmd_prxP10arg_struct
                0x90005798      0x180 ./Core/Src/Free42/core_commands2.o
                0x90005798                docmd_prx(arg_struct*)
 .text._Z11docmd_prusrP10arg_struct
                0x90005918       0x80 ./Core/Src/Free42/core_commands2.o
                0x90005918                docmd_prusr(arg_struct*)
 .text._Z10docmd_listP10arg_struct
                0x90005998       0x38 ./Core/Src/Free42/core_commands2.o
                0x90005998                docmd_list(arg_struct*)
 .text._Z9docmd_advP10arg_struct
                0x900059d0       0x5c ./Core/Src/Free42/core_commands2.o
                0x900059d0                docmd_adv(arg_struct*)
 .text._Z11docmd_prlcdP10arg_struct
                0x90005a2c       0x54 ./Core/Src/Free42/core_commands2.o
                0x90005a2c                docmd_prlcd(arg_struct*)
 .text._Z11docmd_delayP10arg_struct
                0x90005a80       0x40 ./Core/Src/Free42/core_commands2.o
                0x90005a80                docmd_delay(arg_struct*)
 .text._Z9docmd_ponP10arg_struct
                0x90005ac0       0x14 ./Core/Src/Free42/core_commands2.o
                0x90005ac0                docmd_pon(arg_struct*)
 .text._Z10docmd_poffP10arg_struct
                0x90005ad4       0x10 ./Core/Src/Free42/core_commands2.o
                0x90005ad4                docmd_poff(arg_struct*)
 .text._Z9docmd_manP10arg_struct
                0x90005ae4       0x10 ./Core/Src/Free42/core_commands2.o
                0x90005ae4                docmd_man(arg_struct*)
 .text._Z10docmd_normP10arg_struct
                0x90005af4       0x14 ./Core/Src/Free42/core_commands2.o
                0x90005af4                docmd_norm(arg_struct*)
 .text._Z11docmd_traceP10arg_struct
                0x90005b08       0x10 ./Core/Src/Free42/core_commands2.o
                0x90005b08                docmd_trace(arg_struct*)
 .text._Z9docmd_gtoP10arg_struct
                0x90005b18      0x13c ./Core/Src/Free42/core_commands2.o
                0x90005b18                docmd_gto(arg_struct*)
 .text._Z9docmd_xeqP10arg_struct
                0x90005c54       0x64 ./Core/Src/Free42/core_commands2.o
                0x90005c54                docmd_xeq(arg_struct*)
 .text._Z12docmd_numberP10arg_struct
                0x90005cb8       0x30 ./Core/Src/Free42/core_commands2.o
                0x90005cb8                docmd_number(arg_struct*)
 .text._Z12docmd_stringP10arg_struct
                0x90005ce8       0x50 ./Core/Src/Free42/core_commands2.o
                0x90005ce8                docmd_string(arg_struct*)
 .text._Z12docmd_gtodotP10arg_struct
                0x90005d38       0x80 ./Core/Src/Free42/core_commands2.o
                0x90005d38                docmd_gtodot(arg_struct*)
 .text._Z15docmd_gtodotdotP10arg_struct
                0x90005db8        0xc ./Core/Src/Free42/core_commands2.o
                0x90005db8                docmd_gtodotdot(arg_struct*)
 .text._Z10docmd_stopP10arg_struct
                0x90005dc4        0x4 ./Core/Src/Free42/core_commands2.o
                0x90005dc4                docmd_stop(arg_struct*)
 .text._Z12docmd_newmatP10arg_struct
                0x90005dc8       0xa4 ./Core/Src/Free42/core_commands2.o
                0x90005dc8                docmd_newmat(arg_struct*)
 .text._Z9docmd_rupP10arg_struct
                0x90005e6c       0x34 ./Core/Src/Free42/core_commands2.o
                0x90005e6c                docmd_rup(arg_struct*)
 .text._Z12docmd_real_tP10arg_struct
                0x90005ea0       0x20 ./Core/Src/Free42/core_commands2.o
                0x90005ea0                docmd_real_t(arg_struct*)
 .text._Z11docmd_cpx_tP10arg_struct
                0x90005ec0       0x20 ./Core/Src/Free42/core_commands2.o
                0x90005ec0                docmd_cpx_t(arg_struct*)
 .text._Z11docmd_str_tP10arg_struct
                0x90005ee0       0x20 ./Core/Src/Free42/core_commands2.o
                0x90005ee0                docmd_str_t(arg_struct*)
 .text._Z11docmd_mat_tP10arg_struct
                0x90005f00       0x24 ./Core/Src/Free42/core_commands2.o
                0x90005f00                docmd_mat_t(arg_struct*)
 .text._Z11docmd_dim_tP10arg_struct
                0x90005f24       0x58 ./Core/Src/Free42/core_commands2.o
                0x90005f24                docmd_dim_t(arg_struct*)
 .text._Z12docmd_asgn01P10arg_struct
                0x90005f7c       0x44 ./Core/Src/Free42/core_commands2.o
                0x90005f7c                docmd_asgn01(arg_struct*)
 .text._Z12docmd_asgn02P10arg_struct
                0x90005fc0       0x44 ./Core/Src/Free42/core_commands2.o
                0x90005fc0                docmd_asgn02(arg_struct*)
 .text._Z12docmd_asgn03P10arg_struct
                0x90006004       0x44 ./Core/Src/Free42/core_commands2.o
                0x90006004                docmd_asgn03(arg_struct*)
 .text._Z12docmd_asgn04P10arg_struct
                0x90006048       0x44 ./Core/Src/Free42/core_commands2.o
                0x90006048                docmd_asgn04(arg_struct*)
 .text._Z12docmd_asgn05P10arg_struct
                0x9000608c       0x44 ./Core/Src/Free42/core_commands2.o
                0x9000608c                docmd_asgn05(arg_struct*)
 .text._Z12docmd_asgn06P10arg_struct
                0x900060d0       0x44 ./Core/Src/Free42/core_commands2.o
                0x900060d0                docmd_asgn06(arg_struct*)
 .text._Z12docmd_asgn07P10arg_struct
                0x90006114       0x44 ./Core/Src/Free42/core_commands2.o
                0x90006114                docmd_asgn07(arg_struct*)
 .text._Z12docmd_asgn08P10arg_struct
                0x90006158       0x40 ./Core/Src/Free42/core_commands2.o
                0x90006158                docmd_asgn08(arg_struct*)
 .text._Z12docmd_asgn09P10arg_struct
                0x90006198       0x44 ./Core/Src/Free42/core_commands2.o
                0x90006198                docmd_asgn09(arg_struct*)
 .text._Z12docmd_asgn10P10arg_struct
                0x900061dc       0x44 ./Core/Src/Free42/core_commands2.o
                0x900061dc                docmd_asgn10(arg_struct*)
 .text._Z12docmd_asgn11P10arg_struct
                0x90006220       0x44 ./Core/Src/Free42/core_commands2.o
                0x90006220                docmd_asgn11(arg_struct*)
 .text._Z12docmd_asgn12P10arg_struct
                0x90006264       0x44 ./Core/Src/Free42/core_commands2.o
                0x90006264                docmd_asgn12(arg_struct*)
 .text._Z12docmd_asgn13P10arg_struct
                0x900062a8       0x44 ./Core/Src/Free42/core_commands2.o
                0x900062a8                docmd_asgn13(arg_struct*)
 .text._Z12docmd_asgn14P10arg_struct
                0x900062ec       0x44 ./Core/Src/Free42/core_commands2.o
                0x900062ec                docmd_asgn14(arg_struct*)
 .text._Z12docmd_asgn15P10arg_struct
                0x90006330       0x44 ./Core/Src/Free42/core_commands2.o
                0x90006330                docmd_asgn15(arg_struct*)
 .text._Z12docmd_asgn16P10arg_struct
                0x90006374       0x44 ./Core/Src/Free42/core_commands2.o
                0x90006374                docmd_asgn16(arg_struct*)
 .text._Z12docmd_asgn17P10arg_struct
                0x900063b8       0x44 ./Core/Src/Free42/core_commands2.o
                0x900063b8                docmd_asgn17(arg_struct*)
 .text._Z12docmd_asgn18P10arg_struct
                0x900063fc       0x44 ./Core/Src/Free42/core_commands2.o
                0x900063fc                docmd_asgn18(arg_struct*)
 .text._Z8docmd_onP10arg_struct
                0x90006440        0xc ./Core/Src/Free42/core_commands2.o
                0x90006440                docmd_on(arg_struct*)
 .text._Z9docmd_offP10arg_struct
                0x9000644c       0x2c ./Core/Src/Free42/core_commands2.o
                0x9000644c                docmd_off(arg_struct*)
 .text._Z11docmd_key1gP10arg_struct
                0x90006478       0x10 ./Core/Src/Free42/core_commands2.o
                0x90006478                docmd_key1g(arg_struct*)
 .text._Z11docmd_key2gP10arg_struct
                0x90006488       0x10 ./Core/Src/Free42/core_commands2.o
                0x90006488                docmd_key2g(arg_struct*)
 .text._Z11docmd_key3gP10arg_struct
                0x90006498       0x10 ./Core/Src/Free42/core_commands2.o
                0x90006498                docmd_key3g(arg_struct*)
 .text._Z11docmd_key4gP10arg_struct
                0x900064a8       0x10 ./Core/Src/Free42/core_commands2.o
                0x900064a8                docmd_key4g(arg_struct*)
 .text._Z11docmd_key5gP10arg_struct
                0x900064b8       0x10 ./Core/Src/Free42/core_commands2.o
                0x900064b8                docmd_key5g(arg_struct*)
 .text._Z11docmd_key6gP10arg_struct
                0x900064c8       0x10 ./Core/Src/Free42/core_commands2.o
                0x900064c8                docmd_key6g(arg_struct*)
 .text._Z11docmd_key7gP10arg_struct
                0x900064d8       0x10 ./Core/Src/Free42/core_commands2.o
                0x900064d8                docmd_key7g(arg_struct*)
 .text._Z11docmd_key8gP10arg_struct
                0x900064e8       0x10 ./Core/Src/Free42/core_commands2.o
                0x900064e8                docmd_key8g(arg_struct*)
 .text._Z11docmd_key9gP10arg_struct
                0x900064f8       0x10 ./Core/Src/Free42/core_commands2.o
                0x900064f8                docmd_key9g(arg_struct*)
 .text._Z11docmd_key1xP10arg_struct
                0x90006508       0x10 ./Core/Src/Free42/core_commands2.o
                0x90006508                docmd_key1x(arg_struct*)
 .text._Z11docmd_key2xP10arg_struct
                0x90006518       0x10 ./Core/Src/Free42/core_commands2.o
                0x90006518                docmd_key2x(arg_struct*)
 .text._Z11docmd_key3xP10arg_struct
                0x90006528       0x10 ./Core/Src/Free42/core_commands2.o
                0x90006528                docmd_key3x(arg_struct*)
 .text._Z11docmd_key4xP10arg_struct
                0x90006538       0x10 ./Core/Src/Free42/core_commands2.o
                0x90006538                docmd_key4x(arg_struct*)
 .text._Z11docmd_key5xP10arg_struct
                0x90006548       0x10 ./Core/Src/Free42/core_commands2.o
                0x90006548                docmd_key5x(arg_struct*)
 .text._Z11docmd_key6xP10arg_struct
                0x90006558       0x10 ./Core/Src/Free42/core_commands2.o
                0x90006558                docmd_key6x(arg_struct*)
 .text._Z11docmd_key7xP10arg_struct
                0x90006568       0x10 ./Core/Src/Free42/core_commands2.o
                0x90006568                docmd_key7x(arg_struct*)
 .text._Z11docmd_key8xP10arg_struct
                0x90006578       0x10 ./Core/Src/Free42/core_commands2.o
                0x90006578                docmd_key8x(arg_struct*)
 .text._Z11docmd_key9xP10arg_struct
                0x90006588       0x10 ./Core/Src/Free42/core_commands2.o
                0x90006588                docmd_key9x(arg_struct*)
 .text._Z11docmd_vmstoP10arg_struct
                0x90006598       0x24 ./Core/Src/Free42/core_commands2.o
                0x90006598                docmd_vmsto(arg_struct*)
 .text._Z12docmd_vmsto2P10arg_struct
                0x900065bc       0x5c ./Core/Src/Free42/core_commands2.o
                0x900065bc                docmd_vmsto2(arg_struct*)
 .text._Z15docmd_sigma_regP10arg_struct
                0x90006618       0x48 ./Core/Src/Free42/core_commands2.o
                0x90006618                docmd_sigma_reg(arg_struct*)
 .text._Z17docmd_sigma_reg_tP10arg_struct
                0x90006660       0x24 ./Core/Src/Free42/core_commands2.o
                0x90006660                docmd_sigma_reg_t(arg_struct*)
 .text._Z9docmd_cldP10arg_struct
                0x90006684       0x24 ./Core/Src/Free42/core_commands2.o
                0x90006684                docmd_cld(arg_struct*)
 .text._ZL16mappable_acosh_cddPdS_
                0x900066a8        0x4 ./Core/Src/Free42/core_commands3.o
 .text._ZL16mappable_acosh_rdPd
                0x900066ac       0x30 ./Core/Src/Free42/core_commands3.o
 .text._ZL14det_completioniP7vartype
                0x900066dc        0xc ./Core/Src/Free42/core_commands3.o
 .text._ZL16mappable_asinh_cddPdS_
                0x900066e8        0x4 ./Core/Src/Free42/core_commands3.o
 .text._ZL16mappable_asinh_rdPd
                0x900066ec       0x10 ./Core/Src/Free42/core_commands3.o
 .text._ZL15mappable_cosh_rdPd
                0x900066fc       0x10 ./Core/Src/Free42/core_commands3.o
 .text._ZL20mappable_e_pow_x_1_rdPd
                0x9000670c       0x10 ./Core/Src/Free42/core_commands3.o
 .text._ZL20mappable_e_pow_x_1_cddPdS_
                0x9000671c       0xe4 ./Core/Src/Free42/core_commands3.o
 .text._ZL4fnrmP7vartypePd
                0x90006800       0xb8 ./Core/Src/Free42/core_commands3.o
 .text._ZL14hms_add_or_subb
                0x900068b8      0x4a8 ./Core/Src/Free42/core_commands3.o
 .text._ZL16mappable_atanh_rdPd
                0x90006d60       0x44 ./Core/Src/Free42/core_commands3.o
 .text._ZL15mappable_cosh_cddPdS_
                0x90006da4       0xdc ./Core/Src/Free42/core_commands3.o
 .text._Z11docmd_acoshP10arg_struct
                0x90006e80       0xa8 ./Core/Src/Free42/core_commands3.o
                0x90006e80                docmd_acosh(arg_struct*)
 .text._Z11docmd_alengP10arg_struct
                0x90006f28       0x24 ./Core/Src/Free42/core_commands3.o
                0x90006f28                docmd_aleng(arg_struct*)
 .text._Z10docmd_aoffP10arg_struct
                0x90006f4c       0x10 ./Core/Src/Free42/core_commands3.o
                0x90006f4c                docmd_aoff(arg_struct*)
 .text._Z9docmd_aonP10arg_struct
                0x90006f5c       0x18 ./Core/Src/Free42/core_commands3.o
                0x90006f5c                docmd_aon(arg_struct*)
 .text._Z10docmd_arotP10arg_struct
                0x90006f74       0xf0 ./Core/Src/Free42/core_commands3.o
                0x90006f74                docmd_arot(arg_struct*)
 .text._Z10docmd_ashfP10arg_struct
                0x90007064       0x44 ./Core/Src/Free42/core_commands3.o
                0x90007064                docmd_ashf(arg_struct*)
 .text._Z11docmd_asinhP10arg_struct
                0x900070a8       0x40 ./Core/Src/Free42/core_commands3.o
                0x900070a8                docmd_asinh(arg_struct*)
 .text._Z11docmd_atanhP10arg_struct
                0x900070e8       0xec ./Core/Src/Free42/core_commands3.o
                0x900070e8                docmd_atanh(arg_struct*)
 *fill*         0x900071d4        0x4 
 .text._Z10docmd_atoxP10arg_struct
                0x900071d8       0x80 ./Core/Src/Free42/core_commands3.o
                0x900071d8                docmd_atox(arg_struct*)
 .text._Z10docmd_coshP10arg_struct
                0x90007258       0x40 ./Core/Src/Free42/core_commands3.o
                0x90007258                docmd_cosh(arg_struct*)
 .text._Z11docmd_crossP10arg_struct
                0x90007298      0x320 ./Core/Src/Free42/core_commands3.o
                0x90007298                docmd_cross(arg_struct*)
 .text._Z12docmd_customP10arg_struct
                0x900075b8       0x20 ./Core/Src/Free42/core_commands3.o
                0x900075b8                docmd_custom(arg_struct*)
 .text._Z10docmd_delrP10arg_struct
                0x900075d8      0x808 ./Core/Src/Free42/core_commands3.o
                0x900075d8                docmd_delr(arg_struct*)
 .text._Z9docmd_detP10arg_struct
                0x90007de0       0x20 ./Core/Src/Free42/core_commands3.o
                0x90007de0                docmd_det(arg_struct*)
 .text._Z9docmd_dimP10arg_struct
                0x90007e00       0xe0 ./Core/Src/Free42/core_commands3.o
                0x90007e00                docmd_dim(arg_struct*)
 .text._Z9docmd_dotP10arg_struct
                0x90007ee0      0x2c0 ./Core/Src/Free42/core_commands3.o
                0x90007ee0                docmd_dot(arg_struct*)
 .text._Z15matedit_get_dimPiS_PP7vartype
                0x900081a0       0x38 ./Core/Src/Free42/core_commands3.o
                0x900081a0                matedit_get_dim(int*, int*, vartype**)
 .text._Z22appmenu_exitcallback_1ib
                0x900081d8       0xf0 ./Core/Src/Free42/core_commands3.o
                0x900081d8                appmenu_exitcallback_1(int, bool)
 .text._Z10docmd_editP10arg_struct
                0x900082c8      0x154 ./Core/Src/Free42/core_commands3.o
                0x900082c8                docmd_edit(arg_struct*)
 *fill*         0x9000841c        0x4 
 .text._Z11docmd_editnP10arg_struct
                0x90008420      0x228 ./Core/Src/Free42/core_commands3.o
                0x90008420                docmd_editn(arg_struct*)
 .text._Z13docmd_exitallP10arg_struct
                0x90008648        0xc ./Core/Src/Free42/core_commands3.o
                0x90008648                docmd_exitall(arg_struct*)
 .text._Z15docmd_e_pow_x_1P10arg_struct
                0x90008654       0x3c ./Core/Src/Free42/core_commands3.o
                0x90008654                docmd_e_pow_x_1(arg_struct*)
 .text._Z17docmd_c_e_pow_x_1P10arg_struct
                0x90008690       0x40 ./Core/Src/Free42/core_commands3.o
                0x90008690                docmd_c_e_pow_x_1(arg_struct*)
 .text._Z10docmd_fnrmP10arg_struct
                0x900086d0       0x40 ./Core/Src/Free42/core_commands3.o
                0x900086d0                docmd_fnrm(arg_struct*)
 .text._Z10docmd_getmP10arg_struct
                0x90008710      0x264 ./Core/Src/Free42/core_commands3.o
                0x90008710                docmd_getm(arg_struct*)
 .text._Z10docmd_growP10arg_struct
                0x90008974       0x10 ./Core/Src/Free42/core_commands3.o
                0x90008974                docmd_grow(arg_struct*)
 .text._Z12docmd_hmsaddP10arg_struct
                0x90008984        0x8 ./Core/Src/Free42/core_commands3.o
                0x90008984                docmd_hmsadd(arg_struct*)
 .text._Z12docmd_hmssubP10arg_struct
                0x9000898c        0x8 ./Core/Src/Free42/core_commands3.o
                0x9000898c                docmd_hmssub(arg_struct*)
 .text._Z11docmd_i_addP10arg_struct
                0x90008994       0x7c ./Core/Src/Free42/core_commands3.o
                0x90008994                docmd_i_add(arg_struct*)
 .text._Z11docmd_i_subP10arg_struct
                0x90008a10       0x80 ./Core/Src/Free42/core_commands3.o
                0x90008a10                docmd_i_sub(arg_struct*)
 .text._Z12matedit_gotoii
                0x90008a90       0x8c ./Core/Src/Free42/core_commands3.o
                0x90008a90                matedit_goto(int, int)
 .text._Z11docmd_indexP10arg_struct
                0x90008b1c       0xfc ./Core/Src/Free42/core_commands3.o
                0x90008b1c                docmd_index(arg_struct*)
 .text._Z10docmd_uvecP10arg_struct
                0x90008c18       0xe0 ./Core/Src/Free42/core_commands3.o
                0x90008c18                docmd_uvec(arg_struct*)
 .text._ZL16invrt_completioniP7vartype
                0x90008cf8        0xc ./Core/Src/Free42/core_commands4.o
 .text._ZL17mappable_ln_1_x_rdPd
                0x90008d04       0x30 ./Core/Src/Free42/core_commands4.o
 *fill*         0x90008d34        0x4 
 .text._ZL17mappable_ln_1_x_cddPdS_
                0x90008d38      0x158 ./Core/Src/Free42/core_commands4.o
 .text._ZL15mappable_sinh_rdPd
                0x90008e90       0x10 ./Core/Src/Free42/core_commands4.o
 .text._ZL15mappable_tanh_rdPd
                0x90008ea0       0x10 ./Core/Src/Free42/core_commands4.o
 .text._ZL12matedit_movei
                0x90008eb0      0x9b0 ./Core/Src/Free42/core_commands4.o
 .text._ZL15matx_completioniP7vartype
                0x90009860      0x108 ./Core/Src/Free42/core_commands4.o
 .text._ZL15mappable_sinh_cddPdS_
                0x90009968       0xd4 ./Core/Src/Free42/core_commands4.o
 .text._ZL15mappable_tanh_cddPdS_
                0x90009a3c      0x160 ./Core/Src/Free42/core_commands4.o
 .text._Z11docmd_invrtP10arg_struct
                0x90009b9c       0x20 ./Core/Src/Free42/core_commands4.o
                0x90009b9c                docmd_invrt(arg_struct*)
 *fill*         0x90009bbc        0x4 
 .text._Z11docmd_j_addP10arg_struct
                0x90009bc0      0x1a0 ./Core/Src/Free42/core_commands4.o
                0x90009bc0                docmd_j_add(arg_struct*)
 .text._Z11docmd_j_subP10arg_struct
                0x90009d60       0xa8 ./Core/Src/Free42/core_commands4.o
                0x90009d60                docmd_j_sub(arg_struct*)
 .text._Z12docmd_ln_1_xP10arg_struct
                0x90009e08       0x3c ./Core/Src/Free42/core_commands4.o
                0x90009e08                docmd_ln_1_x(arg_struct*)
 *fill*         0x90009e44        0x4 
 .text._Z14docmd_c_ln_1_xP10arg_struct
                0x90009e48       0xcc ./Core/Src/Free42/core_commands4.o
                0x90009e48                docmd_c_ln_1_x(arg_struct*)
 .text._Z10docmd_posaP10arg_struct
                0x90009f14       0x4c ./Core/Src/Free42/core_commands4.o
                0x90009f14                docmd_posa(arg_struct*)
 .text._Z10docmd_putmP10arg_struct
                0x90009f60      0x278 ./Core/Src/Free42/core_commands4.o
                0x90009f60                docmd_putm(arg_struct*)
 .text._Z11docmd_rclelP10arg_struct
                0x9000a1d8       0xb8 ./Core/Src/Free42/core_commands4.o
                0x9000a1d8                docmd_rclel(arg_struct*)
 .text._Z11docmd_rclijP10arg_struct
                0x9000a290       0x60 ./Core/Src/Free42/core_commands4.o
                0x9000a290                docmd_rclij(arg_struct*)
 .text._Z10docmd_rnrmP10arg_struct
                0x9000a2f0      0x1c8 ./Core/Src/Free42/core_commands4.o
                0x9000a2f0                docmd_rnrm(arg_struct*)
 .text._Z10docmd_rsumP10arg_struct
                0x9000a4b8      0x18c ./Core/Src/Free42/core_commands4.o
                0x9000a4b8                docmd_rsum(arg_struct*)
 .text._Z12docmd_swap_rP10arg_struct
                0x9000a644      0x1b4 ./Core/Src/Free42/core_commands4.o
                0x9000a644                docmd_swap_r(arg_struct*)
 .text._Z10docmd_sinhP10arg_struct
                0x9000a7f8       0x40 ./Core/Src/Free42/core_commands4.o
                0x9000a7f8                docmd_sinh(arg_struct*)
 .text._Z11docmd_stoelP10arg_struct
                0x9000a838      0x164 ./Core/Src/Free42/core_commands4.o
                0x9000a838                docmd_stoel(arg_struct*)
 *fill*         0x9000a99c        0x4 
 .text._Z10docmd_insrP10arg_struct
                0x9000a9a0      0x690 ./Core/Src/Free42/core_commands4.o
                0x9000a9a0                docmd_insr(arg_struct*)
 .text._Z11docmd_stoijP10arg_struct
                0x9000b030      0x120 ./Core/Src/Free42/core_commands4.o
                0x9000b030                docmd_stoij(arg_struct*)
 .text._Z10docmd_tanhP10arg_struct
                0x9000b150       0x40 ./Core/Src/Free42/core_commands4.o
                0x9000b150                docmd_tanh(arg_struct*)
 .text._Z11docmd_transP10arg_struct
                0x9000b190      0x174 ./Core/Src/Free42/core_commands4.o
                0x9000b190                docmd_trans(arg_struct*)
 .text._Z10docmd_wrapP10arg_struct
                0x9000b304       0x10 ./Core/Src/Free42/core_commands4.o
                0x9000b304                docmd_wrap(arg_struct*)
 .text._Z12docmd_x_swapP10arg_struct
                0x9000b314       0x5c ./Core/Src/Free42/core_commands4.o
                0x9000b314                docmd_x_swap(arg_struct*)
 .text._Z10docmd_leftP10arg_struct
                0x9000b370        0x8 ./Core/Src/Free42/core_commands4.o
                0x9000b370                docmd_left(arg_struct*)
 .text._Z8docmd_upP10arg_struct
                0x9000b378        0x8 ./Core/Src/Free42/core_commands4.o
                0x9000b378                docmd_up(arg_struct*)
 .text._Z10docmd_downP10arg_struct
                0x9000b380        0x8 ./Core/Src/Free42/core_commands4.o
                0x9000b380                docmd_down(arg_struct*)
 .text._Z11docmd_rightP10arg_struct
                0x9000b388        0x8 ./Core/Src/Free42/core_commands4.o
                0x9000b388                docmd_right(arg_struct*)
 .text._Z16docmd_percent_chP10arg_struct
                0x9000b390       0x7c ./Core/Src/Free42/core_commands4.o
                0x9000b390                docmd_percent_ch(arg_struct*)
 .text._Z10docmd_mataP10arg_struct
                0x9000b40c      0x13c ./Core/Src/Free42/core_commands4.o
                0x9000b40c                docmd_mata(arg_struct*)
 .text._Z10docmd_matbP10arg_struct
                0x9000b548      0x13c ./Core/Src/Free42/core_commands4.o
                0x9000b548                docmd_matb(arg_struct*)
 *fill*         0x9000b684        0x4 
 .text._Z10docmd_matxP10arg_struct
                0x9000b688       0xa0 ./Core/Src/Free42/core_commands4.o
                0x9000b688                docmd_matx(arg_struct*)
 .text._Z10docmd_simqP10arg_struct
                0x9000b728      0x1ac ./Core/Src/Free42/core_commands4.o
                0x9000b728                docmd_simq(arg_struct*)
 .text._Z9docmd_maxP10arg_struct
                0x9000b8d4      0x130 ./Core/Src/Free42/core_commands4.o
                0x9000b8d4                docmd_max(arg_struct*)
 .text._Z9docmd_minP10arg_struct
                0x9000ba04      0x130 ./Core/Src/Free42/core_commands4.o
                0x9000ba04                docmd_min(arg_struct*)
 .text._Z10docmd_findP10arg_struct
                0x9000bb34      0x200 ./Core/Src/Free42/core_commands4.o
                0x9000bb34                docmd_find(arg_struct*)
 .text._Z10docmd_xromP10arg_struct
                0x9000bd34        0x4 ./Core/Src/Free42/core_commands4.o
                0x9000bd34                docmd_xrom(arg_struct*)
 .text._ZL13get_summationv
                0x9000bd38       0xe8 ./Core/Src/Free42/core_commands5.o
 .text._ZL14sigma_helper_2Pdddi
                0x9000be20      0x440 ./Core/Src/Free42/core_commands5.o
 .text._ZL14mappable_fcstxdPd
                0x9000c260       0x78 ./Core/Src/Free42/core_commands5.o
 .text._ZL14mappable_fcstydPd
                0x9000c2d8       0x58 ./Core/Src/Free42/core_commands5.o
 .text._ZL14sigma_helper_1i
                0x9000c330      0x1ac ./Core/Src/Free42/core_commands5.o
 .text._ZL19get_model_summationi.part.0
                0x9000c4dc       0xc0 ./Core/Src/Free42/core_commands5.o
 .text._ZL11corr_helperiPd.part.0
                0x9000c59c      0x164 ./Core/Src/Free42/core_commands5.o
 .text._Z22appmenu_exitcallback_2ib
                0x9000c700       0x3c ./Core/Src/Free42/core_commands5.o
                0x9000c700                appmenu_exitcallback_2(int, bool)
 .text._Z10docmd_binmP10arg_struct
                0x9000c73c       0x34 ./Core/Src/Free42/core_commands5.o
                0x9000c73c                docmd_binm(arg_struct*)
 .text._Z10docmd_octmP10arg_struct
                0x9000c770       0x34 ./Core/Src/Free42/core_commands5.o
                0x9000c770                docmd_octm(arg_struct*)
 .text._Z10docmd_decmP10arg_struct
                0x9000c7a4       0x34 ./Core/Src/Free42/core_commands5.o
                0x9000c7a4                docmd_decm(arg_struct*)
 .text._Z10docmd_hexmP10arg_struct
                0x9000c7d8       0x34 ./Core/Src/Free42/core_commands5.o
                0x9000c7d8                docmd_hexm(arg_struct*)
 .text._Z14docmd_a_thru_fP10arg_struct
                0x9000c80c       0x2c ./Core/Src/Free42/core_commands5.o
                0x9000c80c                docmd_a_thru_f(arg_struct*)
 .text._Z10docmd_linfP10arg_struct
                0x9000c838       0x10 ./Core/Src/Free42/core_commands5.o
                0x9000c838                docmd_linf(arg_struct*)
 .text._Z10docmd_logfP10arg_struct
                0x9000c848       0x10 ./Core/Src/Free42/core_commands5.o
                0x9000c848                docmd_logf(arg_struct*)
 .text._Z10docmd_expfP10arg_struct
                0x9000c858       0x10 ./Core/Src/Free42/core_commands5.o
                0x9000c858                docmd_expf(arg_struct*)
 .text._Z10docmd_pwrfP10arg_struct
                0x9000c868       0x10 ./Core/Src/Free42/core_commands5.o
                0x9000c868                docmd_pwrf(arg_struct*)
 .text._Z14docmd_allsigmaP10arg_struct
                0x9000c878       0x10 ./Core/Src/Free42/core_commands5.o
                0x9000c878                docmd_allsigma(arg_struct*)
 .text._Z9docmd_andP10arg_struct
                0x9000c888       0x70 ./Core/Src/Free42/core_commands5.o
                0x9000c888                docmd_and(arg_struct*)
 .text._Z13docmd_baseaddP10arg_struct
                0x9000c8f8      0x168 ./Core/Src/Free42/core_commands5.o
                0x9000c8f8                docmd_baseadd(arg_struct*)
 .text._Z13docmd_basesubP10arg_struct
                0x9000ca60      0x198 ./Core/Src/Free42/core_commands5.o
                0x9000ca60                docmd_basesub(arg_struct*)
 .text._Z13docmd_basemulP10arg_struct
                0x9000cbf8      0x2a8 ./Core/Src/Free42/core_commands5.o
                0x9000cbf8                docmd_basemul(arg_struct*)
 .text._Z13docmd_basedivP10arg_struct
                0x9000cea0       0x94 ./Core/Src/Free42/core_commands5.o
                0x9000cea0                docmd_basediv(arg_struct*)
 .text._Z13docmd_basechsP10arg_struct
                0x9000cf34       0xd4 ./Core/Src/Free42/core_commands5.o
                0x9000cf34                docmd_basechs(arg_struct*)
 .text._Z10docmd_bestP10arg_struct
                0x9000d008      0x1b8 ./Core/Src/Free42/core_commands5.o
                0x9000d008                docmd_best(arg_struct*)
 .text._Z11docmd_bit_tP10arg_struct
                0x9000d1c0       0x80 ./Core/Src/Free42/core_commands5.o
                0x9000d1c0                docmd_bit_t(arg_struct*)
 .text._Z10docmd_corrP10arg_struct
                0x9000d240       0x70 ./Core/Src/Free42/core_commands5.o
                0x9000d240                docmd_corr(arg_struct*)
 .text._Z11docmd_fcstxP10arg_struct
                0x9000d2b0      0x19c ./Core/Src/Free42/core_commands5.o
                0x9000d2b0                docmd_fcstx(arg_struct*)
 .text._Z11docmd_fcstyP10arg_struct
                0x9000d44c      0x19c ./Core/Src/Free42/core_commands5.o
                0x9000d44c                docmd_fcsty(arg_struct*)
 .text._Z10docmd_meanP10arg_struct
                0x9000d5e8       0x80 ./Core/Src/Free42/core_commands5.o
                0x9000d5e8                docmd_mean(arg_struct*)
 .text._Z10docmd_sdevP10arg_struct
                0x9000d668      0x148 ./Core/Src/Free42/core_commands5.o
                0x9000d668                docmd_sdev(arg_struct*)
 .text._Z11docmd_slopeP10arg_struct
                0x9000d7b0      0x170 ./Core/Src/Free42/core_commands5.o
                0x9000d7b0                docmd_slope(arg_struct*)
 .text._Z9docmd_sumP10arg_struct
                0x9000d920       0x54 ./Core/Src/Free42/core_commands5.o
                0x9000d920                docmd_sum(arg_struct*)
 .text._Z11docmd_wmeanP10arg_struct
                0x9000d974       0x48 ./Core/Src/Free42/core_commands5.o
                0x9000d974                docmd_wmean(arg_struct*)
 .text._Z10docmd_yintP10arg_struct
                0x9000d9bc      0x180 ./Core/Src/Free42/core_commands5.o
                0x9000d9bc                docmd_yint(arg_struct*)
 .text._Z11docmd_integP10arg_struct
                0x9000db3c       0x54 ./Core/Src/Free42/core_commands5.o
                0x9000db3c                docmd_integ(arg_struct*)
 .text._Z14docmd_linsigmaP10arg_struct
                0x9000db90       0x10 ./Core/Src/Free42/core_commands5.o
                0x9000db90                docmd_linsigma(arg_struct*)
 .text._Z9docmd_notP10arg_struct
                0x9000dba0       0x58 ./Core/Src/Free42/core_commands5.o
                0x9000dba0                docmd_not(arg_struct*)
 .text._Z8docmd_orP10arg_struct
                0x9000dbf8       0x70 ./Core/Src/Free42/core_commands5.o
                0x9000dbf8                docmd_or(arg_struct*)
 .text._Z12docmd_pgmslvP10arg_struct
                0x9000dc68       0x4c ./Core/Src/Free42/core_commands5.o
                0x9000dc68                docmd_pgmslv(arg_struct*)
 .text._Z12docmd_pgmintP10arg_struct
                0x9000dcb4       0x4c ./Core/Src/Free42/core_commands5.o
                0x9000dcb4                docmd_pgmint(arg_struct*)
 .text._Z22appmenu_exitcallback_3ib
                0x9000dd00       0x28 ./Core/Src/Free42/core_commands5.o
                0x9000dd00                appmenu_exitcallback_3(int, bool)
 .text._Z13docmd_pgmslviP10arg_struct
                0x9000dd28       0x74 ./Core/Src/Free42/core_commands5.o
                0x9000dd28                docmd_pgmslvi(arg_struct*)
 .text._Z22appmenu_exitcallback_4ib
                0x9000dd9c       0x28 ./Core/Src/Free42/core_commands5.o
                0x9000dd9c                appmenu_exitcallback_4(int, bool)
 .text._Z22appmenu_exitcallback_5ib
                0x9000ddc4       0x54 ./Core/Src/Free42/core_commands5.o
                0x9000ddc4                appmenu_exitcallback_5(int, bool)
 .text._Z13docmd_pgmintiP10arg_struct
                0x9000de18       0x9c ./Core/Src/Free42/core_commands5.o
                0x9000de18                docmd_pgminti(arg_struct*)
 .text._Z11docmd_rotxyP10arg_struct
                0x9000deb4      0x190 ./Core/Src/Free42/core_commands5.o
                0x9000deb4                docmd_rotxy(arg_struct*)
 *fill*         0x9000e044        0x4 
 .text._Z11docmd_solveP10arg_struct
                0x9000e048       0xc0 ./Core/Src/Free42/core_commands5.o
                0x9000e048                docmd_solve(arg_struct*)
 .text._Z13docmd_vmsolveP10arg_struct
                0x9000e108       0xa4 ./Core/Src/Free42/core_commands5.o
                0x9000e108                docmd_vmsolve(arg_struct*)
 .text._Z9docmd_xorP10arg_struct
                0x9000e1ac       0x70 ./Core/Src/Free42/core_commands5.o
                0x9000e1ac                docmd_xor(arg_struct*)
 *fill*         0x9000e21c        0x4 
 .text._Z12docmd_to_decP10arg_struct
                0x9000e220      0x264 ./Core/Src/Free42/core_commands5.o
                0x9000e220                docmd_to_dec(arg_struct*)
 *fill*         0x9000e484        0x4 
 .text._Z12docmd_to_octP10arg_struct
                0x9000e488      0x108 ./Core/Src/Free42/core_commands5.o
                0x9000e488                docmd_to_oct(arg_struct*)
 .text._Z14docmd_sigmaaddP10arg_struct
                0x9000e590       0x18 ./Core/Src/Free42/core_commands5.o
                0x9000e590                docmd_sigmaadd(arg_struct*)
 .text._Z14docmd_sigmasubP10arg_struct
                0x9000e5a8       0x1c ./Core/Src/Free42/core_commands5.o
                0x9000e5a8                docmd_sigmasub(arg_struct*)
 .text._ZL17mappable_square_rdPd
                0x9000e5c4       0x1c ./Core/Src/Free42/core_commands6.o
 .text._ZL17mappable_square_cddPdS_
                0x9000e5e0       0x60 ./Core/Src/Free42/core_commands6.o
 .text._ZL14mappable_inv_rdPd
                0x9000e640       0x38 ./Core/Src/Free42/core_commands6.o
 .text._ZL14mappable_tan_rdPd
                0x9000e678        0x8 ./Core/Src/Free42/core_commands6.o
 .text._ZL15mappable_asin_cddPdS_
                0x9000e680       0x40 ./Core/Src/Free42/core_commands6.o
 .text._ZL15mappable_acos_cddPdS_
                0x9000e6c0       0x78 ./Core/Src/Free42/core_commands6.o
 .text._ZL15mappable_atan_cddPdS_
                0x9000e738       0x40 ./Core/Src/Free42/core_commands6.o
 .text._ZL14mappable_log_rdPd
                0x9000e778       0x2c ./Core/Src/Free42/core_commands6.o
 *fill*         0x9000e7a4        0x4 
 .text._ZL14mappable_log_cddPdS_
                0x9000e7a8      0x128 ./Core/Src/Free42/core_commands6.o
 .text._ZL19mappable_10_pow_x_cddPdS_
                0x9000e8d0       0x90 ./Core/Src/Free42/core_commands6.o
 .text._ZL19mappable_10_pow_x_rdPd
                0x9000e960       0x30 ./Core/Src/Free42/core_commands6.o
 .text._ZL13mappable_ln_rdPd
                0x9000e990       0x2c ./Core/Src/Free42/core_commands6.o
 .text._ZL18mappable_e_pow_x_cddPdS_
                0x9000e9bc       0x68 ./Core/Src/Free42/core_commands6.o
 .text._ZL18mappable_e_pow_x_rdPd
                0x9000ea24       0x10 ./Core/Src/Free42/core_commands6.o
 .text._ZL15mappable_sqrt_rdPd
                0x9000ea34       0x2c ./Core/Src/Free42/core_commands6.o
 .text._ZL14mappable_sin_rdPd
                0x9000ea60       0x3c ./Core/Src/Free42/core_commands6.o
 .text._ZL14mappable_cos_rdPd
                0x9000ea9c       0x3c ./Core/Src/Free42/core_commands6.o
 .text._ZL14mappable_sin_cddPdS_
                0x9000ead8       0xd4 ./Core/Src/Free42/core_commands6.o
 .text._ZL14mappable_cos_cddPdS_
                0x9000ebac       0xc8 ./Core/Src/Free42/core_commands6.o
 *fill*         0x9000ec74        0x4 
 .text._ZL15mappable_atan_rdPd
                0x9000ec78       0x9c ./Core/Src/Free42/core_commands6.o
 .text._ZL14mappable_tan_cddPdS_
                0x9000ed14      0x160 ./Core/Src/Free42/core_commands6.o
 .text._ZL15mappable_asin_rdPd
                0x9000ee74       0xa0 ./Core/Src/Free42/core_commands6.o
 .text._ZL15mappable_acos_rdPd
                0x9000ef14       0xa0 ./Core/Src/Free42/core_commands6.o
 .text._Z9docmd_sinP10arg_struct
                0x9000efb4       0x40 ./Core/Src/Free42/core_commands6.o
                0x9000efb4                docmd_sin(arg_struct*)
 .text._Z9docmd_cosP10arg_struct
                0x9000eff4       0x40 ./Core/Src/Free42/core_commands6.o
                0x9000eff4                docmd_cos(arg_struct*)
 .text._Z9docmd_tanP10arg_struct
                0x9000f034       0x40 ./Core/Src/Free42/core_commands6.o
                0x9000f034                docmd_tan(arg_struct*)
 *fill*         0x9000f074        0x4 
 .text._Z10docmd_asinP10arg_struct
                0x9000f078      0x16c ./Core/Src/Free42/core_commands6.o
                0x9000f078                docmd_asin(arg_struct*)
 *fill*         0x9000f1e4        0x4 
 .text._Z10docmd_acosP10arg_struct
                0x9000f1e8      0x164 ./Core/Src/Free42/core_commands6.o
                0x9000f1e8                docmd_acos(arg_struct*)
 .text._Z10docmd_atanP10arg_struct
                0x9000f34c       0x40 ./Core/Src/Free42/core_commands6.o
                0x9000f34c                docmd_atan(arg_struct*)
 *fill*         0x9000f38c        0x4 
 .text._Z9docmd_logP10arg_struct
                0x9000f390       0xbc ./Core/Src/Free42/core_commands6.o
                0x9000f390                docmd_log(arg_struct*)
 .text._Z14docmd_10_pow_xP10arg_struct
                0x9000f44c       0x40 ./Core/Src/Free42/core_commands6.o
                0x9000f44c                docmd_10_pow_x(arg_struct*)
 *fill*         0x9000f48c        0x4 
 .text._Z8docmd_lnP10arg_struct
                0x9000f490       0xbc ./Core/Src/Free42/core_commands6.o
                0x9000f490                docmd_ln(arg_struct*)
 .text._Z13docmd_e_pow_xP10arg_struct
                0x9000f54c       0x40 ./Core/Src/Free42/core_commands6.o
                0x9000f54c                docmd_e_pow_x(arg_struct*)
 *fill*         0x9000f58c        0x4 
 .text._Z10docmd_sqrtP10arg_struct
                0x9000f590       0xb4 ./Core/Src/Free42/core_commands6.o
                0x9000f590                docmd_sqrt(arg_struct*)
 .text._Z12docmd_squareP10arg_struct
                0x9000f644       0x40 ./Core/Src/Free42/core_commands6.o
                0x9000f644                docmd_square(arg_struct*)
 .text._Z9docmd_invP10arg_struct
                0x9000f684       0x40 ./Core/Src/Free42/core_commands6.o
                0x9000f684                docmd_inv(arg_struct*)
 *fill*         0x9000f6c4        0x4 
 .text._Z13docmd_y_pow_xP10arg_struct
                0x9000f6c8      0x560 ./Core/Src/Free42/core_commands6.o
                0x9000f6c8                docmd_y_pow_x(arg_struct*)
 .text._Z10docmd_anumP10arg_struct
                0x9000fc28       0x44 ./Core/Src/Free42/core_commands6.o
                0x9000fc28                docmd_anum(arg_struct*)
 .text._Z14docmd_x_swap_fP10arg_struct
                0x9000fc6c       0xdc ./Core/Src/Free42/core_commands6.o
                0x9000fc6c                docmd_x_swap_f(arg_struct*)
 .text._Z13docmd_rclflagP10arg_struct
                0x9000fd48       0xf0 ./Core/Src/Free42/core_commands6.o
                0x9000fd48                docmd_rclflag(arg_struct*)
 .text._Z13docmd_stoflagP10arg_struct
                0x9000fe38      0x24c ./Core/Src/Free42/core_commands6.o
                0x9000fe38                docmd_stoflag(arg_struct*)
 *fill*         0x90010084        0x4 
 .text._ZL10date2compsdPiS_S_
                0x90010088      0x184 ./Core/Src/Free42/core_commands7.o
 .text._Z11docmd_accelP10arg_struct
                0x9001020c        0x4 ./Core/Src/Free42/core_commands7.o
                0x9001020c                docmd_accel(arg_struct*)
 .text._Z11docmd_locatP10arg_struct
                0x90010210        0x4 ./Core/Src/Free42/core_commands7.o
                0x90010210                docmd_locat(arg_struct*)
 .text._Z13docmd_headingP10arg_struct
                0x90010214        0x4 ./Core/Src/Free42/core_commands7.o
                0x90010214                docmd_heading(arg_struct*)
 .text._Z11docmd_adateP10arg_struct
                0x90010218      0x330 ./Core/Src/Free42/core_commands7.o
                0x90010218                docmd_adate(arg_struct*)
 .text._Z11docmd_atimeP10arg_struct
                0x90010548      0x380 ./Core/Src/Free42/core_commands7.o
                0x90010548                docmd_atime(arg_struct*)
 .text._Z13docmd_atime24P10arg_struct
                0x900108c8       0x18 ./Core/Src/Free42/core_commands7.o
                0x900108c8                docmd_atime24(arg_struct*)
 .text._Z11docmd_clk12P10arg_struct
                0x900108e0        0xc ./Core/Src/Free42/core_commands7.o
                0x900108e0                docmd_clk12(arg_struct*)
 .text._Z11docmd_clk24P10arg_struct
                0x900108ec       0x10 ./Core/Src/Free42/core_commands7.o
                0x900108ec                docmd_clk24(arg_struct*)
 *fill*         0x900108fc        0x4 
 .text._Z10docmd_dateP10arg_struct
                0x90010900      0x274 ./Core/Src/Free42/core_commands7.o
                0x90010900                docmd_date(arg_struct*)
 *fill*         0x90010b74        0x4 
 .text._Z15docmd_date_plusP10arg_struct
                0x90010b78      0x2d4 ./Core/Src/Free42/core_commands7.o
                0x90010b78                docmd_date_plus(arg_struct*)
 *fill*         0x90010e4c        0x4 
 .text._Z11docmd_ddaysP10arg_struct
                0x90010e50      0x1e0 ./Core/Src/Free42/core_commands7.o
                0x90010e50                docmd_ddays(arg_struct*)
 .text._Z9docmd_dmyP10arg_struct
                0x90011030       0x14 ./Core/Src/Free42/core_commands7.o
                0x90011030                docmd_dmy(arg_struct*)
 *fill*         0x90011044        0x4 
 .text._Z9docmd_dowP10arg_struct
                0x90011048      0x188 ./Core/Src/Free42/core_commands7.o
                0x90011048                docmd_dow(arg_struct*)
 .text._Z9docmd_mdyP10arg_struct
                0x900111d0       0x10 ./Core/Src/Free42/core_commands7.o
                0x900111d0                docmd_mdy(arg_struct*)
 .text._Z10docmd_timeP10arg_struct
                0x900111e0      0x1e8 ./Core/Src/Free42/core_commands7.o
                0x900111e0                docmd_time(arg_struct*)
 .text._Z9docmd_ymdP10arg_struct
                0x900113c8       0x14 ./Core/Src/Free42/core_commands7.o
                0x900113c8                docmd_ymd(arg_struct*)
 .text._Z13docmd_getkey1P10arg_struct
                0x900113dc       0x34 ./Core/Src/Free42/core_commands7.o
                0x900113dc                docmd_getkey1(arg_struct*)
 .text._Z12docmd_fptestP10arg_struct
                0x90011410        0x4 ./Core/Src/Free42/core_commands7.o
                0x90011410                docmd_fptest(arg_struct*)
 .text._Z10docmd_lstoP10arg_struct
                0x90011414       0x88 ./Core/Src/Free42/core_commands7.o
                0x90011414                docmd_lsto(arg_struct*)
 .text._Z11docmd_lastoP10arg_struct
                0x9001149c       0xd0 ./Core/Src/Free42/core_commands7.o
                0x9001149c                docmd_lasto(arg_struct*)
 .text._Z12docmd_lxastoP10arg_struct
                0x9001156c       0xac ./Core/Src/Free42/core_commands7.o
                0x9001156c                docmd_lxasto(arg_struct*)
 .text._Z11docmd_wsizeP10arg_struct
                0x90011618       0x5c ./Core/Src/Free42/core_commands7.o
                0x90011618                docmd_wsize(arg_struct*)
 .text._Z13docmd_wsize_tP10arg_struct
                0x90011674       0x20 ./Core/Src/Free42/core_commands7.o
                0x90011674                docmd_wsize_t(arg_struct*)
 .text._Z13docmd_bsignedP10arg_struct
                0x90011694       0x18 ./Core/Src/Free42/core_commands7.o
                0x90011694                docmd_bsigned(arg_struct*)
 .text._Z11docmd_bwrapP10arg_struct
                0x900116ac       0x18 ./Core/Src/Free42/core_commands7.o
                0x900116ac                docmd_bwrap(arg_struct*)
 .text._Z12docmd_bresetP10arg_struct
                0x900116c4       0x1c ./Core/Src/Free42/core_commands7.o
                0x900116c4                docmd_breset(arg_struct*)
 .text._Z9docmd_nopP10arg_struct
                0x900116e0        0x4 ./Core/Src/Free42/core_commands7.o
                0x900116e0                docmd_nop(arg_struct*)
 .text._Z9docmd_fmaP10arg_struct
                0x900116e4       0x40 ./Core/Src/Free42/core_commands7.o
                0x900116e4                docmd_fma(arg_struct*)
 .text._Z10docmd_funcP10arg_struct
                0x90011724        0x8 ./Core/Src/Free42/core_commands7.o
                0x90011724                docmd_func(arg_struct*)
 .text._Z12docmd_errmsgP10arg_struct
                0x9001172c       0x48 ./Core/Src/Free42/core_commands7.o
                0x9001172c                docmd_errmsg(arg_struct*)
 .text._Z11docmd_errnoP10arg_struct
                0x90011774       0x40 ./Core/Src/Free42/core_commands7.o
                0x90011774                docmd_errno(arg_struct*)
 .text._Z12docmd_rtnyesP10arg_struct
                0x900117b4       0x20 ./Core/Src/Free42/core_commands7.o
                0x900117b4                docmd_rtnyes(arg_struct*)