Archive member included to satisfy reference by file (symbol)

C:/ST/STM32CubeIDE_1.15.0/STM32CubeIDE/plugins/com.st.stm32cube.ide.mcu.externaltools.gnu-tools-for-stm32.13.3.rel1.win32_1.0.0.202411081344/tools/bin/../lib/gcc/arm-none-eabi/13.3.1/../../../../arm-none-eabi/lib/thumb/v7e-m+fp/hard\libstdc++_nano.a(del_opv.o)
                              ./Core/Src/Free42/shell_main.o (operator delete[](void*))
C:/ST/STM32CubeIDE_1.15.0/STM32CubeIDE/plugins/com.st.stm32cube.ide.mcu.externaltools.gnu-tools-for-stm32.13.3.rel1.win32_1.0.0.202411081344/tools/bin/../lib/gcc/arm-none-eabi/13.3.1/../../../../arm-none-eabi/lib/thumb/v7e-m+fp/hard\libstdc++_nano.a(new_opv.o)
                              ./Core/Src/Free42/shell_main.o (operator new[](unsigned int))
C:/ST/STM32CubeIDE_1.15.0/STM32CubeIDE/plugins/com.st.stm32cube.ide.mcu.externaltools.gnu-tools-for-stm32.13.3.rel1.win32_1.0.0.202411081344/tools/bin/../lib/gcc/arm-none-eabi/13.3.1/../../../../arm-none-eabi/lib/thumb/v7e-m+fp/hard\libstdc++_nano.a(del_op.o)
                              C:/ST/STM32CubeIDE_1.15.0/STM32CubeIDE/plugins/com.st.stm32cube.ide.mcu.externaltools.gnu-tools-for-stm32.13.3.rel1.win32_1.0.0.202411081344/tools/bin/../lib/gcc/arm-none-eabi/13.3.1/../../../../arm-none-eabi/lib/thumb/v7e-m+fp/hard\libstdc++_nano.a(del_opv.o) (operator delete(void*))
C:/ST/STM32CubeIDE_1.15.0/STM32CubeIDE/plugins/com.st.stm32cube.ide.mcu.externaltools.gnu-tools-for-stm32.13.3.rel1.win32_1.0.0.202411081344/tools/bin/../lib/gcc/arm-none-eabi/13.3.1/../../../../arm-none-eabi/lib/thumb/v7e-m+fp/hard\libstdc++_nano.a(new_op.o)
                              C:/ST/STM32CubeIDE_1.15.0/STM32CubeIDE/plugins/com.st.stm32cube.ide.mcu.externaltools.gnu-tools-for-stm32.13.3.rel1.win32_1.0.0.202411081344/tools/bin/../lib/gcc/arm-none-eabi/13.3.1/../../../../arm-none-eabi/lib/thumb/v7e-m+fp/hard\libstdc++_nano.a(new_opv.o) (operator new(unsigned int))
C:/ST/STM32CubeIDE_1.15.0/STM32CubeIDE/plugins/com.st.stm32cube.ide.mcu.externaltools.gnu-tools-for-stm32.13.3.rel1.win32_1.0.0.202411081344/tools/bin/../lib/gcc/arm-none-eabi/13.3.1/../../../../arm-none-eabi/lib/thumb/v7e-m+fp/hard\libstdc++_nano.a(new_handler.o)
                              C:/ST/STM32CubeIDE_1.15.0/STM32CubeIDE/plugins/com.st.stm32cube.ide.mcu.externaltools.gnu-tools-for-stm32.13.3.rel1.win32_1.0.0.202411081344/tools/bin/../lib/gcc/arm-none-eabi/13.3.1/../../../../arm-none-eabi/lib/thumb/v7e-m+fp/hard\libstdc++_nano.a(new_op.o) (std::get_new_handler())
C:/ST/STM32CubeIDE_1.15.0/STM32CubeIDE/plugins/com.st.stm32cube.ide.mcu.externaltools.gnu-tools-for-stm32.13.3.rel1.win32_1.0.0.202411081344/tools/bin/../lib/gcc/arm-none-eabi/13.3.1/../../../../arm-none-eabi/lib/thumb/v7e-m+fp/hard\libm.a(libm_a-w_acos.o)
                              ./Core/Src/Free42/core_commands6.o (acos)
C:/ST/STM32CubeIDE_1.15.0/STM32CubeIDE/plugins/com.st.stm32cube.ide.mcu.externaltools.gnu-tools-for-stm32.13.3.rel1.win32_1.0.0.202411081344/tools/bin/../lib/gcc/arm-none-eabi/13.3.1/../../../../arm-none-eabi/lib/thumb/v7e-m+fp/hard\libm.a(libm_a-w_acosh.o)
                              ./Core/Src/Free42/core_commands3.o (acosh)
C:/ST/STM32CubeIDE_1.15.0/STM32CubeIDE/plugins/com.st.stm32cube.ide.mcu.externaltools.gnu-tools-for-stm32.13.3.rel1.win32_1.0.0.202411081344/tools/bin/../lib/gcc/arm-none-eabi/13.3.1/../../../../arm-none-eabi/lib/thumb/v7e-m+fp/hard\libm.a(libm_a-w_asin.o)
                              ./Core/Src/Free42/core_commands6.o (asin)
C:/ST/STM32CubeIDE_1.15.0/STM32CubeIDE/plugins/com.st.stm32cube.ide.mcu.externaltools.gnu-tools-for-stm32.13.3.rel1.win32_1.0.0.202411081344/tools/bin/../lib/gcc/arm-none-eabi/13.3.1/../../../../arm-none-eabi/lib/thumb/v7e-m+fp/hard\libm.a(libm_a-w_atan2.o)
                              ./Core/Src/Free42/core_commands6.o (atan2)
C:/ST/STM32CubeIDE_1.15.0/STM32CubeIDE/plugins/com.st.stm32cube.ide.mcu.externaltools.gnu-tools-for-stm32.13.3.rel1.win32_1.0.0.202411081344/tools/bin/../lib/gcc/arm-none-eabi/13.3.1/../../../../arm-none-eabi/lib/thumb/v7e-m+fp/hard\libm.a(libm_a-w_atanh.o)
                              ./Core/Src/Free42/core_commands3.o (atanh)
C:/ST/STM32CubeIDE_1.15.0/STM32CubeIDE/plugins/com.st.stm32cube.ide.mcu.externaltools.gnu-tools-for-stm32.13.3.rel1.win32_1.0.0.202411081344/tools/bin/../lib/gcc/arm-none-eabi/13.3.1/../../../../arm-none-eabi/lib/thumb/v7e-m+fp/hard\libm.a(libm_a-w_cosh.o)
                              ./Core/Src/Free42/core_commands3.o (cosh)
C:/ST/STM32CubeIDE_1.15.0/STM32CubeIDE/plugins/com.st.stm32cube.ide.mcu.externaltools.gnu-tools-for-stm32.13.3.rel1.win32_1.0.0.202411081344/tools/bin/../lib/gcc/arm-none-eabi/13.3.1/../../../../arm-none-eabi/lib/thumb/v7e-m+fp/hard\libm.a(libm_a-w_exp.o)
                              ./Core/Src/Free42/core_commands5.o (exp)
[...]
Memory Configuration

Name             Origin             Length             Attributes
SYS_CALL_DATA    0x20000000         0x0000000c         rw
RAM              0x20007800         0x00010800         xrw
RAM2             0x10000000         0x00008000         xrw
FLASH            0x90000000         0x00800000         xr
*default*        0x00000000         0xffffffff

Linker script and memory map

LOAD C:/ST/STM32CubeIDE_1.15.0/STM32CubeIDE/plugins/com.st.stm32cube.ide.mcu.externaltools.gnu-tools-for-stm32.13.3.rel1.win32_1.0.0.202411081344/tools/bin/../lib/gcc/arm-none-eabi/13.3.1/thumb/v7e-m+fp/hard/crti.o
LOAD C:/ST/STM32CubeIDE_1.15.0/STM32CubeIDE/plugins/com.st.stm32cube.ide.mcu.externaltools.gnu-tools-for-stm32.13.3.rel1.win32_1.0.0.202411081344/tools/bin/../lib/gcc/arm-none-eabi/13.3.1/thumb/v7e-m+fp/hard/crtbegin.o
LOAD C:/ST/STM32CubeIDE_1.15.0/STM32CubeIDE/plugins/com.st.stm32cube.ide.mcu.externaltools.gnu-tools-for-stm32.13.3.rel1.win32_1.0.0.202411081344/tools/bin/../lib/gcc/arm-none-eabi/13.3.1/../../../../arm-none-eabi/lib/thumb/v7e-m+fp/hard/crt0.o
LOAD ./Core/Src/Free42/core_commands1.o
LOAD ./Core/Src/Free42/core_commands2.o
LOAD ./Core/Src/Free42/core_commands3.o
LOAD ./Core/Src/Free42/core_commands4.o
LOAD ./Core/Src/Free42/core_commands5.o
LOAD ./Core/Src/Free42/core_commands6.o
LOAD ./Core/Src/Free42/core_commands7.o
LOAD ./Core/Src/Free42/core_display.o
LOAD ./Core/Src/Free42/core_globals.o
LOAD ./Core/Src/Free42/core_helpers.o
LOAD ./Core/Src/Free42/core_keydown.o
LOAD ./Core/Src/Free42/core_linalg1.o
LOAD ./Core/Src/Free42/core_linalg2.o
LOAD ./Core/Src/Free42/core_main.o
LOAD ./Core/Src/Free42/core_math1.o
LOAD ./Core/Src/Free42/core_math2.o
LOAD ./Core/Src/Free42/core_phloat.o
LOAD ./Core/Src/Free42/core_sto_rcl.o
LOAD ./Core/Src/Free42/core_tables.o
LOAD ./Core/Src/Free42/core_variables.o
LOAD ./Core/Src/Free42/shell_main.o
LOAD ./Core/Src/Free42/shell_spool.o
LOAD ./Core/Src/IntelDecimal/bid128.o
LOAD ./Core/Src/IntelDecimal/bid128_2_str_tables.o
LOAD ./Core/Src/IntelDecimal/bid128_acos.o
LOAD ./Core/Src/IntelDecimal/bid128_acosh.o
LOAD ./Core/Src/IntelDecimal/bid128_add.o
LOAD ./Core/Src/IntelDecimal/bid128_asin.o
LOAD ./Core/Src/IntelDecimal/bid128_asinh.o
LOAD ./Core/Src/IntelDecimal/bid128_atan.o
LOAD ./Core/Src/IntelDecimal/bid128_atan2.o
LOAD ./Core/Src/IntelDecimal/bid128_atanh.o
LOAD ./Core/Src/IntelDecimal/bid128_cbrt.o
LOAD ./Core/Src/IntelDecimal/bid128_compare.o
LOAD ./Core/Src/IntelDecimal/bid128_cos.o
LOAD ./Core/Src/IntelDecimal/bid128_cosh.o
LOAD ./Core/Src/IntelDecimal/bid128_div.o
LOAD ./Core/Src/IntelDecimal/bid128_erf.o
LOAD ./Core/Src/IntelDecimal/bid128_erfc.o
LOAD ./Core/Src/IntelDecimal/bid128_exp.o
LOAD ./Core/Src/IntelDecimal/bid128_exp10.o
LOAD ./Core/Src/IntelDecimal/bid128_exp2.o
LOAD ./Core/Src/IntelDecimal/bid128_expm1.o
LOAD ./Core/Src/IntelDecimal/bid128_fdimd.o
LOAD ./Core/Src/IntelDecimal/bid128_fma.o
LOAD ./Core/Src/IntelDecimal/bid128_fmod.o
LOAD ./Core/Src/IntelDecimal/bid128_frexp.o
LOAD ./Core/Src/IntelDecimal/bid128_hypot.o
LOAD ./Core/Src/IntelDecimal/bid128_ldexp.o
LOAD ./Core/Src/IntelDecimal/bid128_lgamma.o
LOAD ./Core/Src/IntelDecimal/bid128_llquantexpd.o
LOAD ./Core/Src/IntelDecimal/bid128_llrintd.o
LOAD ./Core/Src/IntelDecimal/bid128_llround.o
LOAD ./Core/Src/IntelDecimal/bid128_log.o
LOAD ./Core/Src/IntelDecimal/bid128_log10.o
LOAD ./Core/Src/IntelDecimal/bid128_log1p.o
LOAD ./Core/Src/IntelDecimal/bid128_log2.o
LOAD ./Core/Src/IntelDecimal/bid128_logb.o
LOAD ./Core/Src/IntelDecimal/bid128_logbd.o
LOAD ./Core/Src/IntelDecimal/bid128_lrintd.o
LOAD ./Core/Src/IntelDecimal/bid128_lround.o
LOAD ./Core/Src/IntelDecimal/bid128_minmax.o
LOAD ./Core/Src/IntelDecimal/bid128_modf.o
LOAD ./Core/Src/IntelDecimal/bid128_mul.o
LOAD ./Core/Src/IntelDecimal/bid128_nearbyintd.o
LOAD ./Core/Src/IntelDecimal/bid128_next.o
LOAD ./Core/Src/IntelDecimal/bid128_nexttowardd.o
LOAD ./Core/Src/IntelDecimal/bid128_noncomp.o
LOAD ./Core/Src/IntelDecimal/bid128_pow.o
LOAD ./Core/Src/IntelDecimal/bid128_quantexpd.o
LOAD ./Core/Src/IntelDecimal/bid128_quantize.o
LOAD ./Core/Src/IntelDecimal/bid128_quantumd.o
LOAD ./Core/Src/IntelDecimal/bid128_rem.o
LOAD ./Core/Src/IntelDecimal/bid128_round_integral.o
LOAD ./Core/Src/IntelDecimal/bid128_scalb.o
LOAD ./Core/Src/IntelDecimal/bid128_scalbl.o
LOAD ./Core/Src/IntelDecimal/bid128_sin.o
LOAD ./Core/Src/IntelDecimal/bid128_sinh.o
LOAD ./Core/Src/IntelDecimal/bid128_sqrt.o
LOAD ./Core/Src/IntelDecimal/bid128_string.o
LOAD ./Core/Src/IntelDecimal/bid128_tan.o
LOAD ./Core/Src/IntelDecimal/bid128_tanh.o
LOAD ./Core/Src/IntelDecimal/bid128_tgamma.o
LOAD ./Core/Src/IntelDecimal/bid128_to_int16.o
LOAD ./Core/Src/IntelDecimal/bid128_to_int32.o
LOAD ./Core/Src/IntelDecimal/bid128_to_int64.o
LOAD ./Core/Src/IntelDecimal/bid128_to_int8.o
LOAD ./Core/Src/IntelDecimal/bid128_to_uint16.o
LOAD ./Core/Src/IntelDecimal/bid128_to_uint32.o
LOAD ./Core/Src/IntelDecimal/bid128_to_uint64.o
LOAD ./Core/Src/IntelDecimal/bid128_to_uint8.o
LOAD ./Core/Src/IntelDecimal/bid32_acos.o
LOAD ./Core/Src/IntelDecimal/bid32_acosh.o
LOAD ./Core/Src/IntelDecimal/bid32_add.o
LOAD ./Core/Src/IntelDecimal/bid32_asin.o
LOAD ./Core/Src/IntelDecimal/bid32_asinh.o
LOAD ./Core/Src/IntelDecimal/bid32_atan.o
LOAD ./Core/Src/IntelDecimal/bid32_atan2.o
LOAD ./Core/Src/IntelDecimal/bid32_atanh.o
LOAD ./Core/Src/IntelDecimal/bid32_cbrt.o
LOAD ./Core/Src/IntelDecimal/bid32_compare.o
LOAD ./Core/Src/IntelDecimal/bid32_cos.o
LOAD ./Core/Src/IntelDecimal/bid32_cosh.o
LOAD ./Core/Src/IntelDecimal/bid32_div.o
LOAD ./Core/Src/IntelDecimal/bid32_erf.o
LOAD ./Core/Src/IntelDecimal/bid32_erfc.o
LOAD ./Core/Src/IntelDecimal/bid32_exp.o
LOAD ./Core/Src/IntelDecimal/bid32_exp10.o
LOAD ./Core/Src/IntelDecimal/bid32_exp2.o
LOAD ./Core/Src/IntelDecimal/bid32_expm1.o
LOAD ./Core/Src/IntelDecimal/bid32_fdimd.o
LOAD ./Core/Src/IntelDecimal/bid32_fma.o
LOAD ./Core/Src/IntelDecimal/bid32_fmod.o
LOAD ./Core/Src/IntelDecimal/bid32_frexp.o
LOAD ./Core/Src/IntelDecimal/bid32_hypot.o
LOAD ./Core/Src/IntelDecimal/bid32_ldexp.o
LOAD ./Core/Src/IntelDecimal/bid32_lgamma.o
LOAD ./Core/Src/IntelDecimal/bid32_llquantexpd.o
LOAD ./Core/Src/IntelDecimal/bid32_llrintd.o
LOAD ./Core/Src/IntelDecimal/bid32_llround.o
LOAD ./Core/Src/IntelDecimal/bid32_log.o
LOAD ./Core/Src/IntelDecimal/bid32_log10.o
LOAD ./Core/Src/IntelDecimal/bid32_log1p.o
LOAD ./Core/Src/IntelDecimal/bid32_log2.o
LOAD ./Core/Src/IntelDecimal/bid32_logb.o
LOAD ./Core/Src/IntelDecimal/bid32_logbd.o
LOAD ./Core/Src/IntelDecimal/bid32_lrintd.o
LOAD ./Core/Src/IntelDecimal/bid32_lround.o
LOAD ./Core/Src/IntelDecimal/bid32_minmax.o
LOAD ./Core/Src/IntelDecimal/bid32_modf.o
LOAD ./Core/Src/IntelDecimal/bid32_mul.o
LOAD ./Core/Src/IntelDecimal/bid32_nearbyintd.o
LOAD ./Core/Src/IntelDecimal/bid32_next.o
LOAD ./Core/Src/IntelDecimal/bid32_nexttowardd.o
LOAD ./Core/Src/IntelDecimal/bid32_noncomp.o
LOAD ./Core/Src/IntelDecimal/bid32_pow.o
LOAD ./Core/Src/IntelDecimal/bid32_quantexpd.o
LOAD ./Core/Src/IntelDecimal/bid32_quantize.o
LOAD ./Core/Src/IntelDecimal/bid32_quantumd.o
LOAD ./Core/Src/IntelDecimal/bid32_rem.o
LOAD ./Core/Src/IntelDecimal/bid32_round_integral.o
LOAD ./Core/Src/IntelDecimal/bid32_scalb.o
LOAD ./Core/Src/IntelDecimal/bid32_scalbl.o
LOAD ./Core/Src/IntelDecimal/bid32_sin.o
LOAD ./Core/Src/IntelDecimal/bid32_sinh.o
LOAD ./Core/Src/IntelDecimal/bid32_sqrt.o
LOAD ./Core/Src/IntelDecimal/bid32_string.o
LOAD ./Core/Src/IntelDecimal/bid32_sub.o
LOAD ./Core/Src/IntelDecimal/bid32_tan.o
LOAD ./Core/Src/IntelDecimal/bid32_tanh.o
LOAD ./Core/Src/IntelDecimal/bid32_tgamma.o
LOAD ./Core/Src/IntelDecimal/bid32_to_bid128.o
LOAD ./Core/Src/IntelDecimal/bid32_to_bid64.o
LOAD ./Core/Src/IntelDecimal/bid32_to_int16.o
LOAD ./Core/Src/IntelDecimal/bid32_to_int32.o
LOAD ./Core/Src/IntelDecimal/bid32_to_int64.o
LOAD ./Core/Src/IntelDecimal/bid32_to_int8.o
LOAD ./Core/Src/IntelDecimal/bid32_to_uint16.o
LOAD ./Core/Src/IntelDecimal/bid32_to_uint32.o
LOAD ./Core/Src/IntelDecimal/bid32_to_uint64.o
LOAD ./Core/Src/IntelDecimal/bid32_to_uint8.o
LOAD ./Core/Src/IntelDecimal/bid64_acos.o
LOAD ./Core/Src/IntelDecimal/bid64_acosh.o
LOAD ./Core/Src/IntelDecimal/bid64_add.o
LOAD ./Core/Src/IntelDecimal/bid64_asin.o
LOAD ./Core/Src/IntelDecimal/bid64_asinh.o
LOAD ./Core/Src/IntelDecimal/bid64_atan.o
LOAD ./Core/Src/IntelDecimal/bid64_atan2.o
LOAD ./Core/Src/IntelDecimal/bid64_atanh.o
LOAD ./Core/Src/IntelDecimal/bid64_cbrt.o
LOAD ./Core/Src/IntelDecimal/bid64_compare.o
LOAD ./Core/Src/IntelDecimal/bid64_cos.o
LOAD ./Core/Src/IntelDecimal/bid64_cosh.o
LOAD ./Core/Src/IntelDecimal/bid64_div.o
LOAD ./Core/Src/IntelDecimal/bid64_erf.o
LOAD ./Core/Src/IntelDecimal/bid64_erfc.o
LOAD ./Core/Src/IntelDecimal/bid64_exp.o
LOAD ./Core/Src/IntelDecimal/bid64_exp10.o
LOAD ./Core/Src/IntelDecimal/bid64_exp2.o
LOAD ./Core/Src/IntelDecimal/bid64_expm1.o
LOAD ./Core/Src/IntelDecimal/bid64_fdimd.o
LOAD ./Core/Src/IntelDecimal/bid64_fma.o
LOAD ./Core/Src/IntelDecimal/bid64_fmod.o
LOAD ./Core/Src/IntelDecimal/bid64_frexp.o
LOAD ./Core/Src/IntelDecimal/bid64_hypot.o
LOAD ./Core/Src/IntelDecimal/bid64_ldexp.o
LOAD ./Core/Src/IntelDecimal/bid64_lgamma.o
LOAD ./Core/Src/IntelDecimal/bid64_llquantexpd.o
LOAD ./Core/Src/IntelDecimal/bid64_llrintd.o
LOAD ./Core/Src/IntelDecimal/bid64_llround.o
LOAD ./Core/Src/IntelDecimal/bid64_log.o
LOAD ./Core/Src/IntelDecimal/bid64_log10.o
LOAD ./Core/Src/IntelDecimal/bid64_log1p.o
LOAD ./Core/Src/IntelDecimal/bid64_log2.o
LOAD ./Core/Src/IntelDecimal/bid64_logb.o
LOAD ./Core/Src/IntelDecimal/bid64_logbd.o
LOAD ./Core/Src/IntelDecimal/bid64_lrintd.o
LOAD ./Core/Src/IntelDecimal/bid64_lround.o
LOAD ./Core/Src/IntelDecimal/bid64_minmax.o
LOAD ./Core/Src/IntelDecimal/bid64_modf.o
LOAD ./Core/Src/IntelDecimal/bid64_mul.o
LOAD ./Core/Src/IntelDecimal/bid64_nearbyintd.o
LOAD ./Core/Src/IntelDecimal/bid64_next.o
LOAD ./Core/Src/IntelDecimal/bid64_nexttowardd.o
LOAD ./Core/Src/IntelDecimal/bid64_noncomp.o
LOAD ./Core/Src/IntelDecimal/bid64_pow.o
LOAD ./Core/Src/IntelDecimal/bid64_quantexpd.o
LOAD ./Core/Src/IntelDecimal/bid64_quantize.o
LOAD ./Core/Src/IntelDecimal/bid64_quantumd.o
LOAD ./Core/Src/IntelDecimal/bid64_rem.o
LOAD ./Core/Src/IntelDecimal/bid64_round_integral.o
LOAD ./Core/Src/IntelDecimal/bid64_scalb.o
LOAD ./Core/Src/IntelDecimal/bid64_scalbl.o
LOAD ./Core/Src/IntelDecimal/bid64_sin.o
LOAD ./Core/Src/IntelDecimal/bid64_sinh.o
LOAD ./Core/Src/IntelDecimal/bid64_sqrt.o
LOAD ./Core/Src/IntelDecimal/bid64_string.o
LOAD ./Core/Src/IntelDecimal/bid64_tan.o
LOAD ./Core/Src/IntelDecimal/bid64_tanh.o
LOAD ./Core/Src/IntelDecimal/bid64_tgamma.o
LOAD ./Core/Src/IntelDecimal/bid64_to_bid128.o
LOAD ./Core/Src/IntelDecimal/bid64_to_int16.o
LOAD ./Core/Src/IntelDecimal/bid64_to_int32.o
LOAD ./Core/Src/IntelDecimal/bid64_to_int64.o
LOAD ./Core/Src/IntelDecimal/bid64_to_int8.o
LOAD ./Core/Src/IntelDecimal/bid64_to_uint16.o
LOAD ./Core/Src/IntelDecimal/bid64_to_uint32.o
LOAD ./Core/Src/IntelDecimal/bid64_to_uint64.o
LOAD ./Core/Src/IntelDecimal/bid64_to_uint8.o
LOAD ./Core/Src/IntelDecimal/bid_binarydecimal.o
LOAD ./Core/Src/IntelDecimal/bid_convert_data.o
LOAD ./Core/Src/IntelDecimal/bid_decimal_data.o
LOAD ./Core/Src/IntelDecimal/bid_decimal_globals.o
LOAD ./Core/Src/IntelDecimal/bid_dpd.o
LOAD ./Core/Src/IntelDecimal/bid_feclearexcept.o
LOAD ./Core/Src/IntelDecimal/bid_fegetexceptflag.o
LOAD ./Core/Src/IntelDecimal/bid_feraiseexcept.o
LOAD ./Core/Src/IntelDecimal/bid_fesetexceptflag.o
LOAD ./Core/Src/IntelDecimal/bid_fetestexcept.o
LOAD ./Core/Src/IntelDecimal/bid_flag_operations.o
LOAD ./Core/Src/IntelDecimal/bid_from_int.o
LOAD ./Core/Src/IntelDecimal/bid_round.o
LOAD ./Core/Src/IntelDecimal/strtod128.o
LOAD ./Core/Src/IntelDecimal/strtod32.o
LOAD ./Core/Src/IntelDecimal/strtod64.o
LOAD ./Core/Src/IntelDecimal/wcstod128.o
LOAD ./Core/Src/IntelDecimal/wcstod32.o
LOAD ./Core/Src/IntelDecimal/wcstod64.o
LOAD ./Core/Src/gpio.o
LOAD ./Core/Src/main.o
LOAD ./Core/Src/spi.o
LOAD ./Core/Src/stm32l4xx_hal_msp.o
LOAD ./Core/Src/stm32l4xx_it.o
LOAD ./Core/Src/syscalls.o
LOAD ./Core/Src/sysmem.o
LOAD ./Core/Src/system_stm32l4xx.o
LOAD ./Core/Src/rp/RP.o
LOAD ./Core/Startup/startup_stm32l475rctx.o
LOAD ./Drivers/STM32L4xx_HAL_Driver/Src/stm32l4xx_hal.o
LOAD ./Drivers/STM32L4xx_HAL_Driver/Src/stm32l4xx_hal_cortex.o
LOAD ./Drivers/STM32L4xx_HAL_Driver/Src/stm32l4xx_hal_dma.o
LOAD ./Drivers/STM32L4xx_HAL_Driver/Src/stm32l4xx_hal_dma_ex.o
LOAD ./Drivers/STM32L4xx_HAL_Driver/Src/stm32l4xx_hal_exti.o
LOAD ./Drivers/STM32L4xx_HAL_Driver/Src/stm32l4xx_hal_flash.o
LOAD ./Drivers/STM32L4xx_HAL_Driver/Src/stm32l4xx_hal_flash_ex.o
LOAD ./Drivers/STM32L4xx_HAL_Driver/Src/stm32l4xx_hal_flash_ramfunc.o
LOAD ./Drivers/STM32L4xx_HAL_Driver/Src/stm32l4xx_hal_gpio.o
LOAD ./Drivers/STM32L4xx_HAL_Driver/Src/stm32l4xx_hal_i2c.o
LOAD ./Drivers/STM32L4xx_HAL_Driver/Src/stm32l4xx_hal_i2c_ex.o
LOAD ./Drivers/STM32L4xx_HAL_Driver/Src/stm32l4xx_hal_pwr.o
LOAD ./Drivers/STM32L4xx_HAL_Driver/Src/stm32l4xx_hal_pwr_ex.o
LOAD ./Drivers/STM32L4xx_HAL_Driver/Src/stm32l4xx_hal_rcc.o
LOAD ./Drivers/STM32L4xx_HAL_Driver/Src/stm32l4xx_hal_rcc_ex.o
LOAD ./Drivers/STM32L4xx_HAL_Driver/Src/stm32l4xx_hal_spi.o
LOAD ./Drivers/STM32L4xx_HAL_Driver/Src/stm32l4xx_hal_spi_ex.o
LOAD ./Drivers/STM32L4xx_HAL_Driver/Src/stm32l4xx_hal_tim.o
LOAD ./Drivers/STM32L4xx_HAL_Driver/Src/stm32l4xx_hal_tim_ex.o
START GROUP
LOAD C:/ST/STM32CubeIDE_1.15.0/STM32CubeIDE/plugins/com.st.stm32cube.ide.mcu.externaltools.gnu-tools-for-stm32.13.3.rel1.win32_1.0.0.202411081344/tools/bin/../lib/gcc/arm-none-eabi/13.3.1/../../../../arm-none-eabi/lib/thumb/v7e-m+fp/hard\libstdc++_nano.a
LOAD C:/ST/STM32CubeIDE_1.15.0/STM32CubeIDE/plugins/com.st.stm32cube.ide.mcu.externaltools.gnu-tools-for-stm32.13.3.rel1.win32_1.0.0.202411081344/tools/bin/../lib/gcc/arm-none-eabi/13.3.1/../../../../arm-none-eabi/lib/thumb/v7e-m+fp/hard\libsupc++_nano.a
END GROUP
LOAD C:/ST/STM32CubeIDE_1.15.0/STM32CubeIDE/plugins/com.st.stm32cube.ide.mcu.externaltools.gnu-tools-for-stm32.13.3.rel1.win32_1.0.0.202411081344/tools/bin/../lib/gcc/arm-none-eabi/13.3.1/../../../../arm-none-eabi/lib/thumb/v7e-m+fp/hard\libstdc++_nano.a
LOAD C:/ST/STM32CubeIDE_1.15.0/STM32CubeIDE/plugins/com.st.stm32cube.ide.mcu.externaltools.gnu-tools-for-stm32.13.3.rel1.win32_1.0.0.202411081344/tools/bin/../lib/gcc/arm-none-eabi/13.3.1/../../../../arm-none-eabi/lib/thumb/v7e-m+fp/hard\libm.a
LOAD C:/ST/STM32CubeIDE_1.15.0/STM32CubeIDE/plugins/com.st.stm32cube.ide.mcu.externaltools.gnu-tools-for-stm32.13.3.rel1.win32_1.0.0.202411081344/tools/bin/../lib/gcc/arm-none-eabi/13.3.1/../../../../arm-none-eabi/lib/thumb/v7e-m+fp/hard\libc_nano.a
START GROUP
LOAD C:/ST/STM32CubeIDE_1.15.0/STM32CubeIDE/plugins/com.st.stm32cube.ide.mcu.externaltools.gnu-tools-for-stm32.13.3.rel1.win32_1.0.0.202411081344/tools/bin/../lib/gcc/arm-none-eabi/13.3.1/thumb/v7e-m+fp/hard\libgcc.a
LOAD C:/ST/STM32CubeIDE_1.15.0/STM32CubeIDE/plugins/com.st.stm32cube.ide.mcu.externaltools.gnu-tools-for-stm32.13.3.rel1.win32_1.0.0.202411081344/tools/bin/../lib/gcc/arm-none-eabi/13.3.1/../../../../arm-none-eabi/lib/thumb/v7e-m+fp/hard\libc_nano.a
END GROUP
START GROUP
LOAD C:/ST/STM32CubeIDE_1.15.0/STM32CubeIDE/plugins/com.st.stm32cube.ide.mcu.externaltools.gnu-tools-for-stm32.13.3.rel1.win32_1.0.0.202411081344/tools/bin/../lib/gcc/arm-none-eabi/13.3.1/thumb/v7e-m+fp/hard\libgcc.a
LOAD C:/ST/STM32CubeIDE_1.15.0/STM32CubeIDE/plugins/com.st.stm32cube.ide.mcu.externaltools.gnu-tools-for-stm32.13.3.rel1.win32_1.0.0.202411081344/tools/bin/../lib/gcc/arm-none-eabi/13.3.1/../../../../arm-none-eabi/lib/thumb/v7e-m+fp/hard\libc_nano.a
END GROUP
LOAD C:/ST/STM32CubeIDE_1.15.0/STM32CubeIDE/plugins/com.st.stm32cube.ide.mcu.externaltools.gnu-tools-for-stm32.13.3.rel1.win32_1.0.0.202411081344/tools/bin/../lib/gcc/arm-none-eabi/13.3.1/thumb/v7e-m+fp/hard/crtend.o
LOAD C:/ST/STM32CubeIDE_1.15.0/STM32CubeIDE/plugins/com.st.stm32cube.ide.mcu.externaltools.gnu-tools-for-stm32.13.3.rel1.win32_1.0.0.202411081344/tools/bin/../lib/gcc/arm-none-eabi/13.3.1/thumb/v7e-m+fp/hard/crtn.o
                0x20018000                        _estack = (ORIGIN (RAM) + LENGTH (RAM))
                0x00005000                        _Min_Heap_Size = 0x5000
                0x00005000                        _Min_Stack_Size = 0x5000

.SYS_CALL_DATA  0x20000000        0xc
                0x20000000                        . = ALIGN (0x4)
 *(.SYS_CALL_DATA)
 .SYS_CALL_DATA
                0x20000000        0xa ./Core/Src/rp/RP.o
                0x20000000                systemCallData
                0x2000000c                        . = ALIGN (0x4)
 *fill*         0x2000000a        0x2 

.isr_vector     0x90000000      0x188
                0x90000000                        . = ALIGN (0x4)
 *(.isr_vector)
 .isr_vector    0x90000000      0x188 ./Core/Startup/startup_stm32l475rctx.o
                0x90000000                g_pfnVectors
                0x90000188                        . = ALIGN (0x4)

.text           0x90000190    0x381d8
                0x90000190                        . = ALIGN (0x4)
 *(.text)
 .text          0x90000190       0x40 C:/ST/STM32CubeIDE_1.15.0/STM32CubeIDE/plugins/com.st.stm32cube.ide.mcu.externaltools.gnu-tools-for-stm32.13.3.rel1.win32_1.0.0.202411081344/tools/bin/../lib/gcc/arm-none-eabi/13.3.1/thumb/v7e-m+fp/hard/crtbegin.o
 .text          0x900001d0       0x14 C:/ST/STM32CubeIDE_1.15.0/STM32CubeIDE/plugins/com.st.stm32cube.ide.mcu.externaltools.gnu-tools-for-stm32.13.3.rel1.win32_1.0.0.202411081344/tools/bin/../lib/gcc/arm-none-eabi/13.3.1/../../../../arm-none-eabi/lib/thumb/v7e-m+fp/hard\libc_nano.a(libc_a-strcmp.o)
                0x900001d0                strcmp
 *fill*         0x900001e4        0xc 
 .text          0x900001f0       0xa0 C:/ST/STM32CubeIDE_1.15.0/STM32CubeIDE/plugins/com.st.stm32cube.ide.mcu.externaltools.gnu-tools-for-stm32.13.3.rel1.win32_1.0.0.202411081344/tools/bin/../lib/gcc/arm-none-eabi/13.3.1/../../../../arm-none-eabi/lib/thumb/v7e-m+fp/hard\libc_nano.a(libc_a-memchr.o)
                0x900001f0                memchr
 .text          0x90000290       0x10 C:/ST/STM32CubeIDE_1.15.0/STM32CubeIDE/plugins/com.st.stm32cube.ide.mcu.externaltools.gnu-tools-for-stm32.13.3.rel1.win32_1.0.0.202411081344/tools/bin/../lib/gcc/arm-none-eabi/13.3.1/../../../../arm-none-eabi/lib/thumb/v7e-m+fp/hard\libc_nano.a(libc_a-strlen.o)
                0x90000290                strlen
 .text          0x900002a0      0x378 C:/ST/STM32CubeIDE_1.15.0/STM32CubeIDE/plugins/com.st.stm32cube.ide.mcu.externaltools.gnu-tools-for-stm32.13.3.rel1.win32_1.0.0.202411081344/tools/bin/../lib/gcc/arm-none-eabi/13.3.1/thumb/v7e-m+fp/hard\libgcc.a(_arm_addsubdf3.o)
                0x900002a0                __aeabi_drsub
                0x900002a8                __aeabi_dsub
                0x900002a8                __subdf3
                0x900002ac                __aeabi_dadd
                0x900002ac                __adddf3
                0x90000524                __floatunsidf
                0x90000524                __aeabi_ui2d
                0x90000544                __floatsidf
                0x90000544                __aeabi_i2d
                0x90000568                __aeabi_f2d
                0x90000568                __extendsfdf2
                0x900005ac                __floatundidf
                0x900005ac                __aeabi_ul2d
                0x900005bc                __floatdidf
                0x900005bc                __aeabi_l2d
 .text          0x90000618      0x424 C:/ST/STM32CubeIDE_1.15.0/STM32CubeIDE/plugins/com.st.stm32cube.ide.mcu.externaltools.gnu-tools-for-stm32.13.3.rel1.win32_1.0.0.202411081344/tools/bin/../lib/gcc/arm-none-eabi/13.3.1/thumb/v7e-m+fp/hard\libgcc.a(_arm_muldivdf3.o)
                0x90000618                __aeabi_dmul
                0x90000618                __muldf3
                0x9000086c                __divdf3
                0x9000086c                __aeabi_ddiv
 .text          0x90000a3c      0x110 C:/ST/STM32CubeIDE_1.15.0/STM32CubeIDE/plugins/com.st.stm32cube.ide.mcu.externaltools.gnu-tools-for-stm32.13.3.rel1.win32_1.0.0.202411081344/tools/bin/../lib/gcc/arm-none-eabi/13.3.1/thumb/v7e-m+fp/hard\libgcc.a(_arm_cmpdf2.o)
                0x90000a3c                __gtdf2
                0x90000a3c                __gedf2
                0x90000a44                __ltdf2
                0x90000a44                __ledf2
                0x90000a4c                __nedf2
                0x90000a4c                __eqdf2
                0x90000a4c                __cmpdf2
                0x90000ac8                __aeabi_cdrcmple
                0x90000ad8                __aeabi_cdcmpeq
                0x90000ad8                __aeabi_cdcmple
                0x90000ae8                __aeabi_dcmpeq
                0x90000afc                __aeabi_dcmplt
                0x90000b10                __aeabi_dcmple
                0x90000b24                __aeabi_dcmpge
                0x90000b38                __aeabi_dcmpgt
 .text          0x90000b4c       0x2c C:/ST/STM32CubeIDE_1.15.0/STM32CubeIDE/plugins/com.st.stm32cube.ide.mcu.externaltools.gnu-tools-for-stm32.13.3.rel1.win32_1.0.0.202411081344/tools/bin/../lib/gcc/arm-none-eabi/13.3.1/thumb/v7e-m+fp/hard\libgcc.a(_arm_unorddf2.o)
                0x90000b4c                __unorddf2
                0x90000b4c                __aeabi_dcmpun
 .text          0x90000b78       0x50 C:/ST/STM32CubeIDE_1.15.0/STM32CubeIDE/plugins/com.st.stm32cube.ide.mcu.externaltools.gnu-tools-for-stm32.13.3.rel1.win32_1.0.0.202411081344/tools/bin/../lib/gcc/arm-none-eabi/13.3.1/thumb/v7e-m+fp/hard\libgcc.a(_arm_fixdfsi.o)
                0x90000b78                __aeabi_d2iz
                0x90000b78                __fixdfsi
 .text          0x90000bc8       0x40 C:/ST/STM32CubeIDE_1.15.0/STM32CubeIDE/plugins/com.st.stm32cube.ide.mcu.externaltools.gnu-tools-for-stm32.13.3.rel1.win32_1.0.0.202411081344/tools/bin/../lib/gcc/arm-none-eabi/13.3.1/thumb/v7e-m+fp/hard\libgcc.a(_arm_fixunsdfsi.o)
                0x90000bc8                __aeabi_d2uiz
                0x90000bc8                __fixunsdfsi
 .text          0x90000c08       0xa0 C:/ST/STM32CubeIDE_1.15.0/STM32CubeIDE/plugins/com.st.stm32cube.ide.mcu.externaltools.gnu-tools-for-stm32.13.3.rel1.win32_1.0.0.202411081344/tools/bin/../lib/gcc/arm-none-eabi/13.3.1/thumb/v7e-m+fp/hard\libgcc.a(_arm_truncdfsf2.o)
                0x90000c08                __truncdfsf2
                0x90000c08                __aeabi_d2f
 .text          0x90000ca8       0xa0 C:/ST/STM32CubeIDE_1.15.0/STM32CubeIDE/plugins/com.st.stm32cube.ide.mcu.externaltools.gnu-tools-for-stm32.13.3.rel1.win32_1.0.0.202411081344/tools/bin/../lib/gcc/arm-none-eabi/13.3.1/thumb/v7e-m+fp/hard\libgcc.a(_aeabi_ldivmod.o)
                0x90000ca8                __aeabi_ldivmod
 .text          0x90000d48       0x30 C:/ST/STM32CubeIDE_1.15.0/STM32CubeIDE/plugins/com.st.stm32cube.ide.mcu.externaltools.gnu-tools-for-stm32.13.3.rel1.win32_1.0.0.202411081344/tools/bin/../lib/gcc/arm-none-eabi/13.3.1/thumb/v7e-m+fp/hard\libgcc.a(_aeabi_uldivmod.o)
                0x90000d48                __aeabi_uldivmod
 .text          0x90000d78       0x30 C:/ST/STM32CubeIDE_1.15.0/STM32CubeIDE/plugins/com.st.stm32cube.ide.mcu.externaltools.gnu-tools-for-stm32.13.3.rel1.win32_1.0.0.202411081344/tools/bin/../lib/gcc/arm-none-eabi/13.3.1/thumb/v7e-m+fp/hard\libgcc.a(_fixdfdi.o)
                0x90000d78                __fixdfdi
                0x90000d78                __aeabi_d2lz
 .text          0x90000da8       0x3c C:/ST/STM32CubeIDE_1.15.0/STM32CubeIDE/plugins/com.st.stm32cube.ide.mcu.externaltools.gnu-tools-for-stm32.13.3.rel1.win32_1.0.0.202411081344/tools/bin/../lib/gcc/arm-none-eabi/13.3.1/thumb/v7e-m+fp/hard\libgcc.a(_fixunsdfdi.o)
                0x90000da8                __fixunsdfdi
                0x90000da8                __aeabi_d2ulz
 .text          0x90000de4      0x2f8 C:/ST/STM32CubeIDE_1.15.0/STM32CubeIDE/plugins/com.st.stm32cube.ide.mcu.externaltools.gnu-tools-for-stm32.13.3.rel1.win32_1.0.0.202411081344/tools/bin/../lib/gcc/arm-none-eabi/13.3.1/thumb/v7e-m+fp/hard\libgcc.a(_udivmoddi4.o)
                0x90000de4                __udivmoddi4
 .text          0x900010dc        0x4 C:/ST/STM32CubeIDE_1.15.0/STM32CubeIDE/plugins/com.st.stm32cube.ide.mcu.externaltools.gnu-tools-for-stm32.13.3.rel1.win32_1.0.0.202411081344/tools/bin/../lib/gcc/arm-none-eabi/13.3.1/thumb/v7e-m+fp/hard\libgcc.a(_dvmd_tls.o)
                0x900010dc                __aeabi_idiv0
                0x900010dc                __aeabi_ldiv0
 *(.text*)
 .text._ZL20docmd_div_completioniP7vartype
                0x900010e0        0xa ./Core/Src/Free42/core_commands1.o
 .text._ZL20docmd_mul_completioniP7vartype
                0x900010ea        0x4 ./Core/Src/Free42/core_commands1.o
 *fill*         0x900010ee        0x2 
 .text._ZL24docmd_rcl_div_completioniP7vartype
                0x900010f0       0x20 ./Core/Src/Free42/core_commands1.o
 .text._ZL24docmd_rcl_mul_completioniP7vartype
                0x90001110        0x4 ./Core/Src/Free42/core_commands1.o
 .text._ZL15mappable_to_degdPd
                0x90001114       0x78 ./Core/Src/Free42/core_commands1.o
 .text._ZL15mappable_to_raddPd
                0x9000118c       0x10 ./Core/Src/Free42/core_commands1.o
 *fill*         0x9000119c        0x4 
 .text._ZL14mappable_to_hrdPd
                0x900011a0      0x11c ./Core/Src/Free42/core_commands1.o
 .text._ZL15mappable_to_hmsdPd
                0x900012bc       0xd4 ./Core/Src/Free42/core_commands1.o
 .text._ZL14mappable_rnd_rdPd
                0x90001390      0x1d0 ./Core/Src/Free42/core_commands1.o
 .text._ZL14mappable_rnd_cddPdS_
                0x90001560       0x32 ./Core/Src/Free42/core_commands1.o
 *fill*         0x90001592        0x6 
 .text._ZL13mappable_signddPdS_
                0x90001598       0xc4 ./Core/Src/Free42/core_commands1.o
 .text._ZL10clv_helperP10arg_structb
                0x9000165c       0x7c ./Core/Src/Free42/core_commands1.o
 .text._ZL11mappable_ipdPd
                0x900016d8       0x44 ./Core/Src/Free42/core_commands1.o
 .text._ZL11mappable_fpdPd
                0x9000171c       0x4e ./Core/Src/Free42/core_commands1.o
 *fill*         0x9000176a        0x6 
 .text._Z9docmd_clxP10arg_struct
                0x90001770       0x44 ./Core/Src/Free42/core_commands1.o
                0x90001770                docmd_clx(arg_struct*)
 .text._Z11docmd_enterP10arg_struct
                0x900017b4       0x48 ./Core/Src/Free42/core_commands1.o
                0x900017b4                docmd_enter(arg_struct*)
 .text._Z10docmd_swapP10arg_struct
                0x900017fc       0x2c ./Core/Src/Free42/core_commands1.o
                0x900017fc                docmd_swap(arg_struct*)
 .text._Z9docmd_rdnP10arg_struct
                0x90001828       0x30 ./Core/Src/Free42/core_commands1.o
                0x90001828                docmd_rdn(arg_struct*)
 .text._Z9docmd_chsP10arg_struct
                0x90001858       0xd0 ./Core/Src/Free42/core_commands1.o
                0x90001858                docmd_chs(arg_struct*)
 .text._Z9docmd_divP10arg_struct
                0x90001928       0x28 ./Core/Src/Free42/core_commands1.o
                0x90001928                docmd_div(arg_struct*)
 .text._Z9docmd_mulP10arg_struct
                0x90001950       0x28 ./Core/Src/Free42/core_commands1.o
                0x90001950                docmd_mul(arg_struct*)
 .text._Z9docmd_subP10arg_struct
                0x90001978       0x34 ./Core/Src/Free42/core_commands1.o
                0x90001978                docmd_sub(arg_struct*)
 .text._Z9docmd_addP10arg_struct
                0x900019ac       0x34 ./Core/Src/Free42/core_commands1.o
                0x900019ac                docmd_add(arg_struct*)
 .text._Z11docmd_lastxP10arg_struct
                0x900019e0       0x1c ./Core/Src/Free42/core_commands1.o
                0x900019e0                docmd_lastx(arg_struct*)
 *fill*         0x900019fc        0x4 
 .text._Z13docmd_complexP10arg_struct
                0x90001a00      0x31c ./Core/Src/Free42/core_commands1.o
                0x90001a00                docmd_complex(arg_struct*)
 .text._Z9docmd_stoP10arg_struct
                0x90001d1c        0x6 ./Core/Src/Free42/core_commands1.o
                0x90001d1c                docmd_sto(arg_struct*)
 .text._Z13docmd_sto_divP10arg_struct
                0x90001d22        0x6 ./Core/Src/Free42/core_commands1.o
                0x90001d22                docmd_sto_div(arg_struct*)
 .text._Z13docmd_sto_mulP10arg_struct
                0x90001d28        0x6 ./Core/Src/Free42/core_commands1.o
                0x90001d28                docmd_sto_mul(arg_struct*)
 .text._Z13docmd_sto_subP10arg_struct
                0x90001d2e        0x6 ./Core/Src/Free42/core_commands1.o
                0x90001d2e                docmd_sto_sub(arg_struct*)
 .text._Z13docmd_sto_addP10arg_struct
                0x90001d34        0x6 ./Core/Src/Free42/core_commands1.o
                0x90001d34                docmd_sto_add(arg_struct*)
 .text._Z9docmd_rclP10arg_struct
                0x90001d3a       0x16 ./Core/Src/Free42/core_commands1.o
                0x90001d3a                docmd_rcl(arg_struct*)
 .text._Z13docmd_rcl_divP10arg_struct
                0x90001d50       0x40 ./Core/Src/Free42/core_commands1.o
                0x90001d50                docmd_rcl_div(arg_struct*)
 .text._Z13docmd_rcl_mulP10arg_struct
                0x90001d90       0x40 ./Core/Src/Free42/core_commands1.o
                0x90001d90                docmd_rcl_mul(arg_struct*)
 .text._Z13docmd_rcl_subP10arg_struct
                0x90001dd0       0x48 ./Core/Src/Free42/core_commands1.o
                0x90001dd0                docmd_rcl_sub(arg_struct*)
 .text._Z13docmd_rcl_addP10arg_struct
                0x90001e18       0x48 ./Core/Src/Free42/core_commands1.o
                0x90001e18                docmd_rcl_add(arg_struct*)
 .text._Z9docmd_fixP10arg_struct
                0x90001e60       0x58 ./Core/Src/Free42/core_commands1.o
                0x90001e60                docmd_fix(arg_struct*)
 .text._Z9docmd_sciP10arg_struct
                0x90001eb8       0x58 ./Core/Src/Free42/core_commands1.o
                0x90001eb8                docmd_sci(arg_struct*)
 .text._Z9docmd_engP10arg_struct
                0x90001f10       0x58 ./Core/Src/Free42/core_commands1.o
                0x90001f10                docmd_eng(arg_struct*)
 .text._Z9docmd_allP10arg_struct
                0x90001f68       0x2c ./Core/Src/Free42/core_commands1.o
                0x90001f68                docmd_all(arg_struct*)
 .text._Z10docmd_nullP10arg_struct
                0x90001f94        0x4 ./Core/Src/Free42/core_commands1.o
                0x90001f94                docmd_null(arg_struct*)
 .text._Z11docmd_xastoP10arg_struct
                0x90001f98       0xe8 ./Core/Src/Free42/core_commands1.o
                0x90001f98                docmd_xasto(arg_struct*)
 .text._Z10docmd_astoP10arg_struct
                0x90002080       0x1c ./Core/Src/Free42/core_commands1.o
                0x90002080                docmd_asto(arg_struct*)
 .text._Z10docmd_arclP10arg_struct
                0x9000209c       0xe0 ./Core/Src/Free42/core_commands1.o
                0x9000209c                docmd_arcl(arg_struct*)
 .text._Z9docmd_claP10arg_struct
                0x9000217c       0x18 ./Core/Src/Free42/core_commands1.o
                0x9000217c                docmd_cla(arg_struct*)
 .text._Z9docmd_degP10arg_struct
                0x90002194       0x2c ./Core/Src/Free42/core_commands1.o
                0x90002194                docmd_deg(arg_struct*)
 .text._Z9docmd_radP10arg_struct
                0x900021c0       0x2c ./Core/Src/Free42/core_commands1.o
                0x900021c0                docmd_rad(arg_struct*)
 .text._Z10docmd_gradP10arg_struct
                0x900021ec       0x2c ./Core/Src/Free42/core_commands1.o
                0x900021ec                docmd_grad(arg_struct*)
 .text._Z10docmd_rectP10arg_struct
                0x90002218       0x18 ./Core/Src/Free42/core_commands1.o
                0x90002218                docmd_rect(arg_struct*)
 .text._Z11docmd_polarP10arg_struct
                0x90002230       0x18 ./Core/Src/Free42/core_commands1.o
                0x90002230                docmd_polar(arg_struct*)
 .text._Z10docmd_sizeP10arg_struct
                0x90002248       0x24 ./Core/Src/Free42/core_commands1.o
                0x90002248                docmd_size(arg_struct*)
 .text._Z11docmd_quietP10arg_struct
                0x9000226c       0x14 ./Core/Src/Free42/core_commands1.o
                0x9000226c                docmd_quiet(arg_struct*)
 .text._Z12docmd_cpxresP10arg_struct
                0x90002280       0x10 ./Core/Src/Free42/core_commands1.o
                0x90002280                docmd_cpxres(arg_struct*)
 .text._Z13docmd_realresP10arg_struct
                0x90002290       0x10 ./Core/Src/Free42/core_commands1.o
                0x90002290                docmd_realres(arg_struct*)
 .text._Z12docmd_keyasnP10arg_struct
                0x900022a0       0x10 ./Core/Src/Free42/core_commands1.o
                0x900022a0                docmd_keyasn(arg_struct*)
 .text._Z11docmd_lclblP10arg_struct
                0x900022b0       0x10 ./Core/Src/Free42/core_commands1.o
                0x900022b0                docmd_lclbl(arg_struct*)
 .text._Z12docmd_rdxdotP10arg_struct
                0x900022c0       0x14 ./Core/Src/Free42/core_commands1.o
                0x900022c0                docmd_rdxdot(arg_struct*)
 .text._Z14docmd_rdxcommaP10arg_struct
                0x900022d4       0x14 ./Core/Src/Free42/core_commands1.o
                0x900022d4                docmd_rdxcomma(arg_struct*)
 .text._Z13docmd_clsigmaP10arg_struct
                0x900022e8       0x9c ./Core/Src/Free42/core_commands1.o
                0x900022e8                docmd_clsigma(arg_struct*)
 .text._Z9docmd_clpP10arg_struct
                0x90002384        0x4 ./Core/Src/Free42/core_commands1.o
                0x90002384                docmd_clp(arg_struct*)
 .text._Z9docmd_clvP10arg_struct
                0x90002388        0x6 ./Core/Src/Free42/core_commands1.o
                0x90002388                docmd_clv(arg_struct*)
 .text._Z10docmd_lclvP10arg_struct
                0x9000238e        0x6 ./Core/Src/Free42/core_commands1.o
                0x9000238e                docmd_lclv(arg_struct*)
 *fill*         0x90002394        0x4 
 .text._Z10docmd_clstP10arg_struct
                0x90002398       0x74 ./Core/Src/Free42/core_commands1.o
                0x90002398                docmd_clst(arg_struct*)
 .text._Z10docmd_clrgP10arg_struct
                0x9000240c       0x9c ./Core/Src/Free42/core_commands1.o
                0x9000240c                docmd_clrg(arg_struct*)
 .text._Z9docmd_delP10arg_struct
                0x900024a8       0x16 ./Core/Src/Free42/core_commands1.o
                0x900024a8                docmd_del(arg_struct*)
 .text._Z12docmd_clkeysP10arg_struct
                0x900024be        0xa ./Core/Src/Free42/core_commands1.o
                0x900024be                docmd_clkeys(arg_struct*)
 .text._Z11docmd_cllcdP10arg_struct
                0x900024c8       0x20 ./Core/Src/Free42/core_commands1.o
                0x900024c8                docmd_cllcd(arg_struct*)
 .text._Z12docmd_clmenuP10arg_struct
                0x900024e8        0xa ./Core/Src/Free42/core_commands1.o
                0x900024e8                docmd_clmenu(arg_struct*)
 *fill*         0x900024f2        0x6 
 .text._Z11docmd_clallP10arg_struct
                0x900024f8       0xb8 ./Core/Src/Free42/core_commands1.o
                0x900024f8                docmd_clall(arg_struct*)
 .text._Z13docmd_percentP10arg_struct
                0x900025b0       0xc8 ./Core/Src/Free42/core_commands1.o
                0x900025b0                docmd_percent(arg_struct*)
 .text._Z8docmd_piP10arg_struct
                0x90002678       0x20 ./Core/Src/Free42/core_commands1.o
                0x90002678                docmd_pi(arg_struct*)
 .text._Z12docmd_to_degP10arg_struct
                0x90002698       0x34 ./Core/Src/Free42/core_commands1.o
                0x90002698                docmd_to_deg(arg_struct*)
 .text._Z12docmd_to_radP10arg_struct
                0x900026cc       0x34 ./Core/Src/Free42/core_commands1.o
                0x900026cc                docmd_to_rad(arg_struct*)
 .text._Z11docmd_to_hrP10arg_struct
                0x90002700       0x34 ./Core/Src/Free42/core_commands1.o
                0x90002700                docmd_to_hr(arg_struct*)
 .text._Z12docmd_to_hmsP10arg_struct
                0x90002734       0x34 ./Core/Src/Free42/core_commands1.o
                0x90002734                docmd_to_hms(arg_struct*)
 .text._Z12docmd_to_recP10arg_struct
                0x90002768       0xa0 ./Core/Src/Free42/core_commands1.o
                0x90002768                docmd_to_rec(arg_struct*)
 .text._Z12docmd_to_polP10arg_struct
                0x90002808      0x128 ./Core/Src/Free42/core_commands1.o
                0x90002808                docmd_to_pol(arg_struct*)
 .text._Z8docmd_ipP10arg_struct
                0x90002930       0x34 ./Core/Src/Free42/core_commands1.o
                0x90002930                docmd_ip(arg_struct*)
 .text._Z8docmd_fpP10arg_struct
                0x90002964       0x34 ./Core/Src/Free42/core_commands1.o
                0x90002964                docmd_fp(arg_struct*)
 .text._Z9docmd_rndP10arg_struct
                0x90002998       0x98 ./Core/Src/Free42/core_commands1.o
                0x90002998                docmd_rnd(arg_struct*)
 .text._Z9docmd_absP10arg_struct
                0x90002a30      0x114 ./Core/Src/Free42/core_commands1.o
                0x90002a30                docmd_abs(arg_struct*)
 *fill*         0x90002b44        0x4 
 .text._Z10docmd_signP10arg_struct
                0x90002b48      0x104 ./Core/Src/Free42/core_commands1.o
                0x90002b48                docmd_sign(arg_struct*)
 .text._Z9docmd_modP10arg_struct
                0x90002c4c       0xd0 ./Core/Src/Free42/core_commands1.o
                0x90002c4c                docmd_mod(arg_struct*)
 *fill*         0x90002d1c        0x4 
 .text._ZL19generic_loop_helperPdb
                0x90002d20      0x1ec ./Core/Src/Free42/core_commands2.o
 .text._ZL12aview_helperPKci
                0x90002f0c       0xd8 ./Core/Src/Free42/core_commands2.o
 .text._ZL12generic_loopP10arg_structb
                0x90002fe4      0x100 ./Core/Src/Free42/core_commands2.o
 .text._ZL12pixel_helperdd
                0x900030e4      0x178 ./Core/Src/Free42/core_commands2.o
 .text._ZL10pra_helperbPKci
                0x9000325c       0xc4 ./Core/Src/Free42/core_commands2.o
 .text._ZL12prusr_workerb
                0x90003320      0x1ac ./Core/Src/Free42/core_commands2.o
 .text._ZL10prv_workerb
                0x900034cc      0x284 ./Core/Src/Free42/core_commands2.o
 .text._ZL13assign_helperiP10arg_struct
                0x90003750       0x30 ./Core/Src/Free42/core_commands2.o
 .text._ZL13mappable_factdPd
                0x90003780       0xc4 ./Core/Src/Free42/core_commands2.o
 .text._ZL14mappable_gammadPd
                0x90003844       0xc0 ./Core/Src/Free42/core_commands2.o
 .text._Z8docmd_sfP10arg_struct
                0x90003904       0x6c ./Core/Src/Free42/core_commands2.o
                0x90003904                docmd_sf(arg_struct*)
 .text._Z8docmd_cfP10arg_struct
                0x90003970       0x4c ./Core/Src/Free42/core_commands2.o
                0x90003970                docmd_cf(arg_struct*)
 .text._Z10docmd_fs_tP10arg_struct
                0x900039bc       0x48 ./Core/Src/Free42/core_commands2.o
                0x900039bc                docmd_fs_t(arg_struct*)
 .text._Z10docmd_fc_tP10arg_struct
                0x90003a04       0x48 ./Core/Src/Free42/core_commands2.o
                0x90003a04                docmd_fc_t(arg_struct*)
 .text._Z11docmd_fsc_tP10arg_struct
                0x90003a4c       0x5c ./Core/Src/Free42/core_commands2.o
                0x90003a4c                docmd_fsc_t(arg_struct*)
 .text._Z11docmd_fcc_tP10arg_struct
                0x90003aa8       0x5c ./Core/Src/Free42/core_commands2.o
                0x90003aa8                docmd_fcc_t(arg_struct*)
 *fill*         0x90003b04        0x4 
 .text._Z10docmd_combP10arg_struct
                0x90003b08      0x244 ./Core/Src/Free42/core_commands2.o
                0x90003b08                docmd_comb(arg_struct*)
 .text._Z10docmd_permP10arg_struct
                0x90003d4c      0x150 ./Core/Src/Free42/core_commands2.o
                0x90003d4c                docmd_perm(arg_struct*)
 .text._Z10docmd_factP10arg_struct
                0x90003e9c       0x34 ./Core/Src/Free42/core_commands2.o
                0x90003e9c                docmd_fact(arg_struct*)
 .text._Z11docmd_gammaP10arg_struct
                0x90003ed0       0x34 ./Core/Src/Free42/core_commands2.o
                0x90003ed0                docmd_gamma(arg_struct*)
 .text._Z9docmd_ranP10arg_struct
                0x90003f04       0x18 ./Core/Src/Free42/core_commands2.o
                0x90003f04                docmd_ran(arg_struct*)
 *fill*         0x90003f1c        0x4 
 .text._Z10docmd_seedP10arg_struct
                0x90003f20      0x200 ./Core/Src/Free42/core_commands2.o
                0x90003f20                docmd_seed(arg_struct*)
 .text._Z9docmd_lblP10arg_struct
                0x90004120       0x18 ./Core/Src/Free42/core_commands2.o
                0x90004120                docmd_lbl(arg_struct*)
 .text._Z9docmd_rtnP10arg_struct
                0x90004138       0x34 ./Core/Src/Free42/core_commands2.o
                0x90004138                docmd_rtn(arg_struct*)
 .text._Z11view_helperP10arg_structb
                0x9000416c      0x150 ./Core/Src/Free42/core_commands2.o
                0x9000416c                view_helper(arg_struct*, bool)
 .text._Z10docmd_viewP10arg_struct
                0x900042bc        0x6 ./Core/Src/Free42/core_commands2.o
                0x900042bc                docmd_view(arg_struct*)
 *fill*         0x900042c2        0x2 
 .text._Z9docmd_pseP10arg_struct
                0x900042c4       0x2c ./Core/Src/Free42/core_commands2.o
                0x900042c4                docmd_pse(arg_struct*)
 .text._Z9docmd_isgP10arg_struct
                0x900042f0        0x6 ./Core/Src/Free42/core_commands2.o
                0x900042f0                docmd_isg(arg_struct*)
 .text._Z9docmd_dseP10arg_struct
                0x900042f6        0x6 ./Core/Src/Free42/core_commands2.o
                0x900042f6                docmd_dse(arg_struct*)
 .text._Z12docmd_agraphP10arg_struct
                0x900042fc       0xbc ./Core/Src/Free42/core_commands2.o
                0x900042fc                docmd_agraph(arg_struct*)
 .text._Z11docmd_pixelP10arg_struct
                0x900043b8       0x98 ./Core/Src/Free42/core_commands2.o
                0x900043b8                docmd_pixel(arg_struct*)
 .text._Z10docmd_beepP10arg_struct
                0x90004450       0x1e ./Core/Src/Free42/core_commands2.o
                0x90004450                docmd_beep(arg_struct*)
 .text._Z10docmd_toneP10arg_struct
                0x9000446e       0x28 ./Core/Src/Free42/core_commands2.o
                0x9000446e                docmd_tone(arg_struct*)
 .text._Z10docmd_mvarP10arg_struct
                0x90004496        0x4 ./Core/Src/Free42/core_commands2.o
                0x90004496                docmd_mvar(arg_struct*)
 *fill*         0x9000449a        0x2 
 .text._Z13docmd_varmenuP10arg_struct
                0x9000449c       0xac ./Core/Src/Free42/core_commands2.o
                0x9000449c                docmd_varmenu(arg_struct*)
 .text._Z12docmd_getkeyP10arg_struct
                0x90004548       0x2c ./Core/Src/Free42/core_commands2.o
                0x90004548                docmd_getkey(arg_struct*)
 .text._Z10docmd_menuP10arg_struct
                0x90004574       0x24 ./Core/Src/Free42/core_commands2.o
                0x90004574                docmd_menu(arg_struct*)
 .text._Z12docmd_x_eq_0P10arg_struct
                0x90004598       0x2c ./Core/Src/Free42/core_commands2.o
                0x90004598                docmd_x_eq_0(arg_struct*)
 .text._Z12docmd_x_ne_0P10arg_struct
                0x900045c4       0x2c ./Core/Src/Free42/core_commands2.o
                0x900045c4                docmd_x_ne_0(arg_struct*)
 .text._Z12docmd_x_lt_0P10arg_struct
                0x900045f0       0x2c ./Core/Src/Free42/core_commands2.o
                0x900045f0                docmd_x_lt_0(arg_struct*)
 .text._Z12docmd_x_gt_0P10arg_struct
                0x9000461c       0x2c ./Core/Src/Free42/core_commands2.o
                0x9000461c                docmd_x_gt_0(arg_struct*)
 .text._Z12docmd_x_le_0P10arg_struct
                0x90004648       0x2c ./Core/Src/Free42/core_commands2.o
                0x90004648                docmd_x_le_0(arg_struct*)
 .text._Z12docmd_x_ge_0P10arg_struct
                0x90004674       0x2c ./Core/Src/Free42/core_commands2.o
                0x90004674                docmd_x_ge_0(arg_struct*)
 .text._Z12docmd_x_eq_yP10arg_struct
                0x900046a0       0x28 ./Core/Src/Free42/core_commands2.o
                0x900046a0                docmd_x_eq_y(arg_struct*)
 .text._Z12docmd_x_ne_yP10arg_struct
                0x900046c8       0x28 ./Core/Src/Free42/core_commands2.o
                0x900046c8                docmd_x_ne_y(arg_struct*)
 .text._Z12docmd_x_lt_yP10arg_struct
                0x900046f0       0x34 ./Core/Src/Free42/core_commands2.o
                0x900046f0                docmd_x_lt_y(arg_struct*)
 .text._Z12docmd_x_gt_yP10arg_struct
                0x90004724       0x34 ./Core/Src/Free42/core_commands2.o
                0x90004724                docmd_x_gt_y(arg_struct*)
 .text._Z12docmd_x_le_yP10arg_struct
                0x90004758       0x34 ./Core/Src/Free42/core_commands2.o
                0x90004758                docmd_x_le_y(arg_struct*)
 .text._Z12docmd_x_ge_yP10arg_struct
                0x9000478c       0x34 ./Core/Src/Free42/core_commands2.o
                0x9000478c                docmd_x_ge_y(arg_struct*)
 .text._Z13docmd_prsigmaP10arg_struct
                0x900047c0      0x138 ./Core/Src/Free42/core_commands2.o
                0x900047c0                docmd_prsigma(arg_struct*)
 .text._Z9docmd_prpP10arg_struct
                0x900048f8       0x64 ./Core/Src/Free42/core_commands2.o
                0x900048f8                docmd_prp(arg_struct*)
 .text._Z9docmd_prvP10arg_struct
                0x9000495c      0x16c ./Core/Src/Free42/core_commands2.o
                0x9000495c                docmd_prv(arg_struct*)
 .text._Z11docmd_prregP10arg_struct
                0x90004ac8       0x8c ./Core/Src/Free42/core_commands2.o
                0x90004ac8                docmd_prreg(arg_struct*)
 .text._Z11docmd_prstkP10arg_struct
                0x90004b54      0x1c8 ./Core/Src/Free42/core_commands2.o
                0x90004b54                docmd_prstk(arg_struct*)
 .text._Z9docmd_praP10arg_struct
                0x90004d1c       0x18 ./Core/Src/Free42/core_commands2.o
                0x90004d1c                docmd_pra(arg_struct*)
 .text._Z11docmd_aviewP10arg_struct
                0x90004d34       0x40 ./Core/Src/Free42/core_commands2.o
                0x90004d34                docmd_aview(arg_struct*)
 .text._Z12docmd_promptP10arg_struct
                0x90004d74       0x38 ./Core/Src/Free42/core_commands2.o
                0x90004d74                docmd_prompt(arg_struct*)
 .text._Z9docmd_aipP10arg_struct
                0x90004dac       0x4c ./Core/Src/Free42/core_commands2.o
                0x90004dac                docmd_aip(arg_struct*)
 .text._Z10docmd_xtoaP10arg_struct
                0x90004df8      0x144 ./Core/Src/Free42/core_commands2.o
                0x90004df8                docmd_xtoa(arg_struct*)
 .text._Z11docmd_xviewP10arg_struct
                0x90004f3c       0x5c ./Core/Src/Free42/core_commands2.o
                0x90004f3c                docmd_xview(arg_struct*)
 .text._Z9docmd_prxP10arg_struct
                0x90004f98      0x170 ./Core/Src/Free42/core_commands2.o
                0x90004f98                docmd_prx(arg_struct*)
 .text._Z11docmd_prusrP10arg_struct
                0x90005108       0x78 ./Core/Src/Free42/core_commands2.o
                0x90005108                docmd_prusr(arg_struct*)
 .text._Z10docmd_listP10arg_struct
                0x90005180       0x38 ./Core/Src/Free42/core_commands2.o
                0x90005180                docmd_list(arg_struct*)
 .text._Z9docmd_advP10arg_struct
                0x900051b8       0x50 ./Core/Src/Free42/core_commands2.o
                0x900051b8                docmd_adv(arg_struct*)
 .text._Z11docmd_prlcdP10arg_struct
                0x90005208       0x50 ./Core/Src/Free42/core_commands2.o
                0x90005208                docmd_prlcd(arg_struct*)
 .text._Z11docmd_delayP10arg_struct
                0x90005258       0x50 ./Core/Src/Free42/core_commands2.o
                0x90005258                docmd_delay(arg_struct*)
 .text._Z9docmd_ponP10arg_struct
                0x900052a8       0x14 ./Core/Src/Free42/core_commands2.o
                0x900052a8                docmd_pon(arg_struct*)
 .text._Z10docmd_poffP10arg_struct
                0x900052bc       0x10 ./Core/Src/Free42/core_commands2.o
                0x900052bc                docmd_poff(arg_struct*)
 .text._Z9docmd_manP10arg_struct
                0x900052cc       0x10 ./Core/Src/Free42/core_commands2.o
                0x900052cc                docmd_man(arg_struct*)
 .text._Z10docmd_normP10arg_struct
                0x900052dc       0x10 ./Core/Src/Free42/core_commands2.o
                0x900052dc                docmd_norm(arg_struct*)
 .text._Z11docmd_traceP10arg_struct
                0x900052ec       0x10 ./Core/Src/Free42/core_commands2.o
                0x900052ec                docmd_trace(arg_struct*)
 .text._Z9docmd_gtoP10arg_struct
                0x900052fc       0xe4 ./Core/Src/Free42/core_commands2.o
                0x900052fc                docmd_gto(arg_struct*)
 .text._Z9docmd_xeqP10arg_struct
                0x900053e0       0x60 ./Core/Src/Free42/core_commands2.o
                0x900053e0                docmd_xeq(arg_struct*)
 .text._Z12docmd_numberP10arg_struct
                0x90005440       0x64 ./Core/Src/Free42/core_commands2.o
                0x90005440                docmd_number(arg_struct*)
 .text._Z12docmd_stringP10arg_struct
                0x900054a4       0x44 ./Core/Src/Free42/core_commands2.o
                0x900054a4                docmd_string(arg_struct*)
 .text._Z12docmd_gtodotP10arg_struct
                0x900054e8       0x78 ./Core/Src/Free42/core_commands2.o
                0x900054e8                docmd_gtodot(arg_struct*)
 .text._Z15docmd_gtodotdotP10arg_struct
                0x90005560        0xc ./Core/Src/Free42/core_commands2.o
                0x90005560                docmd_gtodotdot(arg_struct*)
 .text._Z10docmd_stopP10arg_struct
                0x9000556c        0x4 ./Core/Src/Free42/core_commands2.o
                0x9000556c                docmd_stop(arg_struct*)
 .text._Z12docmd_newmatP10arg_struct
                0x90005570       0xa8 ./Core/Src/Free42/core_commands2.o
                0x90005570                docmd_newmat(arg_struct*)
 .text._Z9docmd_rupP10arg_struct
                0x90005618       0x34 ./Core/Src/Free42/core_commands2.o
                0x90005618                docmd_rup(arg_struct*)
 .text._Z12docmd_real_tP10arg_struct
                0x9000564c       0x20 ./Core/Src/Free42/core_commands2.o
                0x9000564c                docmd_real_t(arg_struct*)
 .text._Z11docmd_cpx_tP10arg_struct
                0x9000566c       0x20 ./Core/Src/Free42/core_commands2.o
                0x9000566c                docmd_cpx_t(arg_struct*)
 .text._Z11docmd_str_tP10arg_struct
                0x9000568c       0x20 ./Core/Src/Free42/core_commands2.o
                0x9000568c                docmd_str_t(arg_struct*)
 .text._Z11docmd_mat_tP10arg_struct
                0x900056ac       0x24 ./Core/Src/Free42/core_commands2.o
                0x900056ac                docmd_mat_t(arg_struct*)
 .text._Z11docmd_dim_tP10arg_struct
                0x900056d0       0x58 ./Core/Src/Free42/core_commands2.o
                0x900056d0                docmd_dim_t(arg_struct*)
 .text._Z12docmd_asgn01P10arg_struct
                0x90005728        0x8 ./Core/Src/Free42/core_commands2.o
                0x90005728                docmd_asgn01(arg_struct*)
 .text._Z12docmd_asgn02P10arg_struct
                0x90005730        0x8 ./Core/Src/Free42/core_commands2.o
                0x90005730                docmd_asgn02(arg_struct*)
 .text._Z12docmd_asgn03P10arg_struct
                0x90005738        0x8 ./Core/Src/Free42/core_commands2.o
                0x90005738                docmd_asgn03(arg_struct*)
 .text._Z12docmd_asgn04P10arg_struct
                0x90005740        0x8 ./Core/Src/Free42/core_commands2.o
                0x90005740                docmd_asgn04(arg_struct*)
 .text._Z12docmd_asgn05P10arg_struct
                0x90005748        0x8 ./Core/Src/Free42/core_commands2.o
                0x90005748                docmd_asgn05(arg_struct*)
 .text._Z12docmd_asgn06P10arg_struct
                0x90005750        0x8 ./Core/Src/Free42/core_commands2.o
                0x90005750                docmd_asgn06(arg_struct*)
 .text._Z12docmd_asgn07P10arg_struct
                0x90005758        0x8 ./Core/Src/Free42/core_commands2.o
                0x90005758                docmd_asgn07(arg_struct*)
 .text._Z12docmd_asgn08P10arg_struct
                0x90005760        0x8 ./Core/Src/Free42/core_commands2.o
                0x90005760                docmd_asgn08(arg_struct*)
 .text._Z12docmd_asgn09P10arg_struct
                0x90005768        0x8 ./Core/Src/Free42/core_commands2.o
                0x90005768                docmd_asgn09(arg_struct*)
 .text._Z12docmd_asgn10P10arg_struct
                0x90005770        0x8 ./Core/Src/Free42/core_commands2.o
                0x90005770                docmd_asgn10(arg_struct*)
 .text._Z12docmd_asgn11P10arg_struct
                0x90005778        0x8 ./Core/Src/Free42/core_commands2.o
                0x90005778                docmd_asgn11(arg_struct*)
 .text._Z12docmd_asgn12P10arg_struct
                0x90005780        0x8 ./Core/Src/Free42/core_commands2.o
                0x90005780                docmd_asgn12(arg_struct*)
 .text._Z12docmd_asgn13P10arg_struct
                0x90005788        0x8 ./Core/Src/Free42/core_commands2.o
                0x90005788                docmd_asgn13(arg_struct*)
 .text._Z12docmd_asgn14P10arg_struct
                0x90005790        0x8 ./Core/Src/Free42/core_commands2.o
                0x90005790                docmd_asgn14(arg_struct*)
 .text._Z12docmd_asgn15P10arg_struct
                0x90005798        0x8 ./Core/Src/Free42/core_commands2.o
                0x90005798                docmd_asgn15(arg_struct*)
 .text._Z12docmd_asgn16P10arg_struct
                0x900057a0        0x8 ./Core/Src/Free42/core_commands2.o
                0x900057a0                docmd_asgn16(arg_struct*)
 .text._Z12docmd_asgn17P10arg_struct
                0x900057a8        0x8 ./Core/Src/Free42/core_commands2.o
                0x900057a8                docmd_asgn17(arg_struct*)
 .text._Z12docmd_asgn18P10arg_struct
                0x900057b0        0x8 ./Core/Src/Free42/core_commands2.o
                0x900057b0                docmd_asgn18(arg_struct*)
 .text._Z8docmd_onP10arg_struct
                0x900057b8        0xc ./Core/Src/Free42/core_commands2.o
                0x900057b8                docmd_on(arg_struct*)
 .text._Z9docmd_offP10arg_struct
                0x900057c4       0x2c ./Core/Src/Free42/core_commands2.o
                0x900057c4                docmd_off(arg_struct*)
 .text._Z11docmd_key1gP10arg_struct
                0x900057f0       0x10 ./Core/Src/Free42/core_commands2.o
                0x900057f0                docmd_key1g(arg_struct*)
 .text._Z11docmd_key2gP10arg_struct
                0x90005800       0x10 ./Core/Src/Free42/core_commands2.o
                0x90005800                docmd_key2g(arg_struct*)
 .text._Z11docmd_key3gP10arg_struct
                0x90005810       0x10 ./Core/Src/Free42/core_commands2.o
                0x90005810                docmd_key3g(arg_struct*)
 .text._Z11docmd_key4gP10arg_struct
                0x90005820       0x10 ./Core/Src/Free42/core_commands2.o
                0x90005820                docmd_key4g(arg_struct*)
 .text._Z11docmd_key5gP10arg_struct
                0x90005830       0x10 ./Core/Src/Free42/core_commands2.o
                0x90005830                docmd_key5g(arg_struct*)
 .text._Z11docmd_key6gP10arg_struct
                0x90005840       0x10 ./Core/Src/Free42/core_commands2.o
                0x90005840                docmd_key6g(arg_struct*)
 .text._Z11docmd_key7gP10arg_struct
                0x90005850       0x10 ./Core/Src/Free42/core_commands2.o
                0x90005850                docmd_key7g(arg_struct*)
 .text._Z11docmd_key8gP10arg_struct
                0x90005860       0x10 ./Core/Src/Free42/core_commands2.o
                0x90005860                docmd_key8g(arg_struct*)
 .text._Z11docmd_key9gP10arg_struct
                0x90005870       0x10 ./Core/Src/Free42/core_commands2.o
                0x90005870                docmd_key9g(arg_struct*)
 .text._Z11docmd_key1xP10arg_struct
                0x90005880       0x10 ./Core/Src/Free42/core_commands2.o
                0x90005880                docmd_key1x(arg_struct*)
 .text._Z11docmd_key2xP10arg_struct
                0x90005890       0x10 ./Core/Src/Free42/core_commands2.o
                0x90005890                docmd_key2x(arg_struct*)
 .text._Z11docmd_key3xP10arg_struct
                0x900058a0       0x10 ./Core/Src/Free42/core_commands2.o
                0x900058a0                docmd_key3x(arg_struct*)
 .text._Z11docmd_key4xP10arg_struct
                0x900058b0       0x10 ./Core/Src/Free42/core_commands2.o
                0x900058b0                docmd_key4x(arg_struct*)
 .text._Z11docmd_key5xP10arg_struct
                0x900058c0       0x10 ./Core/Src/Free42/core_commands2.o
                0x900058c0                docmd_key5x(arg_struct*)
 .text._Z11docmd_key6xP10arg_struct
                0x900058d0       0x10 ./Core/Src/Free42/core_commands2.o
                0x900058d0                docmd_key6x(arg_struct*)
 .text._Z11docmd_key7xP10arg_struct
                0x900058e0       0x10 ./Core/Src/Free42/core_commands2.o
                0x900058e0                docmd_key7x(arg_struct*)
 .text._Z11docmd_key8xP10arg_struct
                0x900058f0       0x10 ./Core/Src/Free42/core_commands2.o
                0x900058f0                docmd_key8x(arg_struct*)
 .text._Z11docmd_key9xP10arg_struct
                0x90005900       0x10 ./Core/Src/Free42/core_commands2.o
                0x90005900                docmd_key9x(arg_struct*)
 .text._Z11docmd_vmstoP10arg_struct
                0x90005910       0x20 ./Core/Src/Free42/core_commands2.o
                0x90005910                docmd_vmsto(arg_struct*)
 .text._Z12docmd_vmsto2P10arg_struct
                0x90005930       0x40 ./Core/Src/Free42/core_commands2.o
                0x90005930                docmd_vmsto2(arg_struct*)
 .text._Z15docmd_sigma_regP10arg_struct
                0x90005970       0x44 ./Core/Src/Free42/core_commands2.o
                0x90005970                docmd_sigma_reg(arg_struct*)
 .text._Z17docmd_sigma_reg_tP10arg_struct
                0x900059b4       0x24 ./Core/Src/Free42/core_commands2.o
                0x900059b4                docmd_sigma_reg_t(arg_struct*)
 .text._Z9docmd_cldP10arg_struct
                0x900059d8       0x28 ./Core/Src/Free42/core_commands2.o
                0x900059d8                docmd_cld(arg_struct*)
 .text._Z11docmd_inputP10arg_struct
                0x90005a00      0x17c ./Core/Src/Free42/core_commands2.o
                0x90005a00                docmd_input(arg_struct*)
 .text._ZL16mappable_acosh_cddPdS_
                0x90005b7c        0x4 ./Core/Src/Free42/core_commands3.o
 .text._ZL14det_completioniP7vartype
                0x90005b80        0xa ./Core/Src/Free42/core_commands3.o
 .text._ZL16mappable_asinh_cddPdS_
                0x90005b8a        0x4 ./Core/Src/Free42/core_commands3.o
 .text._ZL16mappable_asinh_rdPd
                0x90005b8e       0x10 ./Core/Src/Free42/core_commands3.o
 *fill*         0x90005b9e        0x2 
 .text._ZL15mappable_cosh_rdPd
                0x90005ba0       0x58 ./Core/Src/Free42/core_commands3.o
 .text._ZL20mappable_e_pow_x_1_rdPd
                0x90005bf8       0x5c ./Core/Src/Free42/core_commands3.o
 .text._ZL20mappable_e_pow_x_1_cddPdS_
                0x90005c54      0x198 ./Core/Src/Free42/core_commands3.o
 .text._ZL4fnrmP7vartypePd
                0x90005dec       0xe4 ./Core/Src/Free42/core_commands3.o
 .text._ZL14hms_add_or_subb
                0x90005ed0      0x33c ./Core/Src/Free42/core_commands3.o
 .text._ZL16mappable_acosh_rdPd
                0x9000620c       0x40 ./Core/Src/Free42/core_commands3.o
 .text._ZL16mappable_atanh_rdPd
                0x9000624c       0x44 ./Core/Src/Free42/core_commands3.o
 .text._ZL11finish_editv
                0x90006290       0x20 ./Core/Src/Free42/core_commands3.o
 .text._ZL15mappable_cosh_cddPdS_
                0x900062b0      0x198 ./Core/Src/Free42/core_commands3.o
 .text._Z11docmd_acoshP10arg_struct
                0x90006448       0xb8 ./Core/Src/Free42/core_commands3.o
                0x90006448                docmd_acosh(arg_struct*)
 .text._Z11docmd_alengP10arg_struct
                0x90006500       0x24 ./Core/Src/Free42/core_commands3.o
                0x90006500                docmd_aleng(arg_struct*)
 .text._Z10docmd_aoffP10arg_struct
                0x90006524       0x10 ./Core/Src/Free42/core_commands3.o
                0x90006524                docmd_aoff(arg_struct*)
 .text._Z9docmd_aonP10arg_struct
                0x90006534       0x18 ./Core/Src/Free42/core_commands3.o
                0x90006534                docmd_aon(arg_struct*)
 .text._Z10docmd_arotP10arg_struct
                0x9000654c       0xdc ./Core/Src/Free42/core_commands3.o
                0x9000654c                docmd_arot(arg_struct*)
 .text._Z10docmd_ashfP10arg_struct
                0x90006628       0x44 ./Core/Src/Free42/core_commands3.o
                0x90006628                docmd_ashf(arg_struct*)
 .text._Z11docmd_asinhP10arg_struct
                0x9000666c       0x38 ./Core/Src/Free42/core_commands3.o
                0x9000666c                docmd_asinh(arg_struct*)
 *fill*         0x900066a4        0x4 
 .text._Z11docmd_atanhP10arg_struct
                0x900066a8       0xe4 ./Core/Src/Free42/core_commands3.o
                0x900066a8                docmd_atanh(arg_struct*)
 *fill*         0x9000678c        0x4 
 .text._Z10docmd_atoxP10arg_struct
                0x90006790       0x7c ./Core/Src/Free42/core_commands3.o
                0x90006790                docmd_atox(arg_struct*)
 .text._Z10docmd_coshP10arg_struct
                0x9000680c       0x38 ./Core/Src/Free42/core_commands3.o
                0x9000680c                docmd_cosh(arg_struct*)
 .text._Z11docmd_crossP10arg_struct
                0x90006844      0x35c ./Core/Src/Free42/core_commands3.o
                0x90006844                docmd_cross(arg_struct*)
 .text._Z12docmd_customP10arg_struct
                0x90006ba0       0x1c ./Core/Src/Free42/core_commands3.o
                0x90006ba0                docmd_custom(arg_struct*)
 *fill*         0x90006bbc        0x4 
 .text._Z10docmd_delrP10arg_struct
                0x90006bc0      0x644 ./Core/Src/Free42/core_commands3.o
                0x90006bc0                docmd_delr(arg_struct*)
 .text._Z9docmd_detP10arg_struct
                0x90007204       0x20 ./Core/Src/Free42/core_commands3.o
                0x90007204                docmd_det(arg_struct*)
 .text._Z9docmd_dimP10arg_struct
                0x90007224       0xe8 ./Core/Src/Free42/core_commands3.o
                0x90007224                docmd_dim(arg_struct*)
 .text._Z9docmd_dotP10arg_struct
                0x9000730c      0x4b0 ./Core/Src/Free42/core_commands3.o
                0x9000730c                docmd_dot(arg_struct*)
 .text._Z15matedit_get_dimPiS_PP7vartype
                0x900077bc       0x34 ./Core/Src/Free42/core_commands3.o
                0x900077bc                matedit_get_dim(int*, int*, vartype**)
 .text._Z22appmenu_exitcallback_1ib
                0x900077f0       0xd4 ./Core/Src/Free42/core_commands3.o
                0x900077f0                appmenu_exitcallback_1(int, bool)
 *fill*         0x900078c4        0x4 
 .text._Z10docmd_editP10arg_struct
                0x900078c8      0x134 ./Core/Src/Free42/core_commands3.o
                0x900078c8                docmd_edit(arg_struct*)
 *fill*         0x900079fc        0x4 
 .text._Z11docmd_editnP10arg_struct
                0x90007a00      0x1f0 ./Core/Src/Free42/core_commands3.o
                0x90007a00                docmd_editn(arg_struct*)
 .text._Z13docmd_exitallP10arg_struct
                0x90007bf0        0xc ./Core/Src/Free42/core_commands3.o
                0x90007bf0                docmd_exitall(arg_struct*)
 .text._Z15docmd_e_pow_x_1P10arg_struct
                0x90007bfc       0x34 ./Core/Src/Free42/core_commands3.o
                0x90007bfc                docmd_e_pow_x_1(arg_struct*)
 .text._Z17docmd_c_e_pow_x_1P10arg_struct
                0x90007c30       0x38 ./Core/Src/Free42/core_commands3.o
                0x90007c30                docmd_c_e_pow_x_1(arg_struct*)
 .text._Z10docmd_fnrmP10arg_struct
                0x90007c68       0x38 ./Core/Src/Free42/core_commands3.o
                0x90007c68                docmd_fnrm(arg_struct*)
 .text._Z10docmd_getmP10arg_struct
                0x90007ca0      0x234 ./Core/Src/Free42/core_commands3.o
                0x90007ca0                docmd_getm(arg_struct*)
 .text._Z10docmd_growP10arg_struct
                0x90007ed4       0x10 ./Core/Src/Free42/core_commands3.o
                0x90007ed4                docmd_grow(arg_struct*)
 .text._Z12docmd_hmsaddP10arg_struct
                0x90007ee4        0x6 ./Core/Src/Free42/core_commands3.o
                0x90007ee4                docmd_hmsadd(arg_struct*)
 .text._Z12docmd_hmssubP10arg_struct
                0x90007eea        0x6 ./Core/Src/Free42/core_commands3.o
                0x90007eea                docmd_hmssub(arg_struct*)
 .text._Z11docmd_i_addP10arg_struct
                0x90007ef0       0x60 ./Core/Src/Free42/core_commands3.o
                0x90007ef0                docmd_i_add(arg_struct*)
 .text._Z11docmd_i_subP10arg_struct
                0x90007f50       0x68 ./Core/Src/Free42/core_commands3.o
                0x90007f50                docmd_i_sub(arg_struct*)
 .text._Z12matedit_gotoii
                0x90007fb8       0x84 ./Core/Src/Free42/core_commands3.o
                0x90007fb8                matedit_goto(int, int)
 .text._Z11docmd_indexP10arg_struct
                0x9000803c       0xe8 ./Core/Src/Free42/core_commands3.o
                0x9000803c                docmd_index(arg_struct*)
 .text._Z10docmd_uvecP10arg_struct
                0x90008124       0xc4 ./Core/Src/Free42/core_commands3.o
                0x90008124                docmd_uvec(arg_struct*)
 .text._ZL16invrt_completioniP7vartype
                0x900081e8        0xa ./Core/Src/Free42/core_commands4.o
 *fill*         0x900081f2        0x2 
 .text._ZL17mappable_ln_1_x_rdPd
                0x900081f4       0x40 ./Core/Src/Free42/core_commands4.o
 *fill*         0x90008234        0x4 
 .text._ZL17mappable_ln_1_x_cddPdS_
                0x90008238      0x188 ./Core/Src/Free42/core_commands4.o
 .text._ZL14max_min_helperi
                0x900083c0       0xd4 ./Core/Src/Free42/core_commands4.o
 .text._ZL15mappable_sinh_rdPd
                0x90008494       0x80 ./Core/Src/Free42/core_commands4.o
 .text._ZL15mappable_sinh_cddPdS_
                0x90008514      0x194 ./Core/Src/Free42/core_commands4.o
 .text._ZL15mappable_tanh_rdPd
                0x900086a8       0x10 ./Core/Src/Free42/core_commands4.o
 .text._ZL12matedit_movei
                0x900086b8      0x684 ./Core/Src/Free42/core_commands4.o
 *fill*         0x90008d3c        0x4 
 .text._ZL6matabxi
                0x90008d40      0x1d0 ./Core/Src/Free42/core_commands4.o
 .text._ZL15matx_completioniP7vartype
                0x90008f10      0x10c ./Core/Src/Free42/core_commands4.o
 .text._ZL15mappable_tanh_cddPdS_
                0x9000901c      0x1a4 ./Core/Src/Free42/core_commands4.o
 .text._Z11docmd_invrtP10arg_struct
                0x900091c0       0x20 ./Core/Src/Free42/core_commands4.o
                0x900091c0                docmd_invrt(arg_struct*)
 .text._Z11docmd_j_addP10arg_struct
                0x900091e0      0x188 ./Core/Src/Free42/core_commands4.o
                0x900091e0                docmd_j_add(arg_struct*)
 .text._Z11docmd_j_subP10arg_struct
                0x90009368       0xa8 ./Core/Src/Free42/core_commands4.o
                0x90009368                docmd_j_sub(arg_struct*)
 .text._Z12docmd_ln_1_xP10arg_struct
                0x90009410       0x34 ./Core/Src/Free42/core_commands4.o
                0x90009410                docmd_ln_1_x(arg_struct*)
 *fill*         0x90009444        0x4 
 .text._Z14docmd_c_ln_1_xP10arg_struct
                0x90009448       0xc4 ./Core/Src/Free42/core_commands4.o
                0x90009448                docmd_c_ln_1_x(arg_struct*)
 .text._Z10docmd_posaP10arg_struct
                0x9000950c       0x4c ./Core/Src/Free42/core_commands4.o
                0x9000950c                docmd_posa(arg_struct*)
 .text._Z10docmd_putmP10arg_struct
                0x90009558      0x240 ./Core/Src/Free42/core_commands4.o
                0x90009558                docmd_putm(arg_struct*)
 .text._Z11docmd_rclelP10arg_struct
                0x90009798       0xac ./Core/Src/Free42/core_commands4.o
                0x90009798                docmd_rclel(arg_struct*)
 .text._Z11docmd_rclijP10arg_struct
                0x90009844       0x60 ./Core/Src/Free42/core_commands4.o
                0x90009844                docmd_rclij(arg_struct*)
 .text._Z10docmd_rnrmP10arg_struct
                0x900098a4      0x1ac ./Core/Src/Free42/core_commands4.o
                0x900098a4                docmd_rnrm(arg_struct*)
 .text._Z10docmd_rsumP10arg_struct
                0x90009a50      0x250 ./Core/Src/Free42/core_commands4.o
                0x90009a50                docmd_rsum(arg_struct*)
 .text._Z12docmd_swap_rP10arg_struct
                0x90009ca0      0x1a8 ./Core/Src/Free42/core_commands4.o
                0x90009ca0                docmd_swap_r(arg_struct*)
 .text._Z10docmd_sinhP10arg_struct
                0x90009e48       0x38 ./Core/Src/Free42/core_commands4.o
                0x90009e48                docmd_sinh(arg_struct*)
 .text._Z11docmd_stoelP10arg_struct
                0x90009e80      0x154 ./Core/Src/Free42/core_commands4.o
                0x90009e80                docmd_stoel(arg_struct*)
 *fill*         0x90009fd4        0x4 
 .text._Z10docmd_insrP10arg_struct
                0x90009fd8      0x574 ./Core/Src/Free42/core_commands4.o
                0x90009fd8                docmd_insr(arg_struct*)
 .text._Z11docmd_stoijP10arg_struct
                0x9000a54c      0x100 ./Core/Src/Free42/core_commands4.o
                0x9000a54c                docmd_stoij(arg_struct*)
 .text._Z10docmd_tanhP10arg_struct
                0x9000a64c       0x38 ./Core/Src/Free42/core_commands4.o
                0x9000a64c                docmd_tanh(arg_struct*)
 .text._Z11docmd_transP10arg_struct
                0x9000a684      0x11c ./Core/Src/Free42/core_commands4.o
                0x9000a684                docmd_trans(arg_struct*)
 .text._Z10docmd_wrapP10arg_struct
                0x9000a7a0       0x10 ./Core/Src/Free42/core_commands4.o
                0x9000a7a0                docmd_wrap(arg_struct*)
 .text._Z12docmd_x_swapP10arg_struct
                0x9000a7b0       0x50 ./Core/Src/Free42/core_commands4.o
                0x9000a7b0                docmd_x_swap(arg_struct*)
 .text._Z10docmd_leftP10arg_struct
                0x9000a800        0x6 ./Core/Src/Free42/core_commands4.o
                0x9000a800                docmd_left(arg_struct*)
 .text._Z8docmd_upP10arg_struct
                0x9000a806        0x6 ./Core/Src/Free42/core_commands4.o
                0x9000a806                docmd_up(arg_struct*)
 .text._Z10docmd_downP10arg_struct
                0x9000a80c        0x6 ./Core/Src/Free42/core_commands4.o
                0x9000a80c                docmd_down(arg_struct*)
 .text._Z11docmd_rightP10arg_struct
                0x9000a812        0x6 ./Core/Src/Free42/core_commands4.o
                0x9000a812                docmd_right(arg_struct*)
 .text._Z16docmd_percent_chP10arg_struct
                0x9000a818       0xd0 ./Core/Src/Free42/core_commands4.o
                0x9000a818                docmd_percent_ch(arg_struct*)
 .text._Z10docmd_mataP10arg_struct
                0x9000a8e8        0x6 ./Core/Src/Free42/core_commands4.o
                0x9000a8e8                docmd_mata(arg_struct*)
 .text._Z10docmd_matbP10arg_struct
                0x9000a8ee        0x6 ./Core/Src/Free42/core_commands4.o
                0x9000a8ee                docmd_matb(arg_struct*)
 .text._Z10docmd_matxP10arg_struct
                0x9000a8f4        0x6 ./Core/Src/Free42/core_commands4.o
                0x9000a8f4                docmd_matx(arg_struct*)
 *fill*         0x9000a8fa        0x2 
 .text._Z10docmd_simqP10arg_struct
                0x9000a8fc      0x198 ./Core/Src/Free42/core_commands4.o
                0x9000a8fc                docmd_simq(arg_struct*)
 .text._Z9docmd_maxP10arg_struct
                0x9000aa94        0x6 ./Core/Src/Free42/core_commands4.o
                0x9000aa94                docmd_max(arg_struct*)
 .text._Z9docmd_minP10arg_struct
                0x9000aa9a        0x6 ./Core/Src/Free42/core_commands4.o
                0x9000aa9a                docmd_min(arg_struct*)
 .text._Z10docmd_findP10arg_struct
                0x9000aaa0      0x16c ./Core/Src/Free42/core_commands4.o
                0x9000aaa0                docmd_find(arg_struct*)
 .text._Z10docmd_xromP10arg_struct
                0x9000ac0c        0x4 ./Core/Src/Free42/core_commands4.o
                0x9000ac0c                docmd_xrom(arg_struct*)
 .text._ZL17slope_yint_helperv
                0x9000ac10      0x180 ./Core/Src/Free42/core_commands5.o
 .text._ZL5accumPddi
                0x9000ad90       0x7c ./Core/Src/Free42/core_commands5.o
 .text._ZL11base_helperi
                0x9000ae0c       0x34 ./Core/Src/Free42/core_commands5.o
 .text._ZL13get_summationv
                0x9000ae40       0xdc ./Core/Src/Free42/core_commands5.o
 *fill*         0x9000af1c        0x4 
 .text._ZL14sigma_helper_2Pdddi
                0x9000af20      0x1fc ./Core/Src/Free42/core_commands5.o
 .text._ZL14mappable_fcstxdPd
                0x9000b11c       0xcc ./Core/Src/Free42/core_commands5.o
 .text._ZL14mappable_fcstydPd
                0x9000b1e8       0xb0 ./Core/Src/Free42/core_commands5.o
 .text._ZL14sigma_helper_1i
                0x9000b298      0x18c ./Core/Src/Free42/core_commands5.o
 .text._ZL9get_modelv
                0x9000b424       0x34 ./Core/Src/Free42/core_commands5.o
 .text._ZL19get_model_summationi
                0x9000b458       0xcc ./Core/Src/Free42/core_commands5.o
 .text._ZL11corr_helperiPd
                0x9000b524      0x160 ./Core/Src/Free42/core_commands5.o
 .text._Z22appmenu_exitcallback_2ib
                0x9000b684       0x38 ./Core/Src/Free42/core_commands5.o
                0x9000b684                appmenu_exitcallback_2(int, bool)
 .text._Z10docmd_binmP10arg_struct
                0x9000b6bc        0x6 ./Core/Src/Free42/core_commands5.o
                0x9000b6bc                docmd_binm(arg_struct*)
 .text._Z10docmd_octmP10arg_struct
                0x9000b6c2        0x6 ./Core/Src/Free42/core_commands5.o
                0x9000b6c2                docmd_octm(arg_struct*)
 .text._Z10docmd_decmP10arg_struct
                0x9000b6c8        0x6 ./Core/Src/Free42/core_commands5.o
                0x9000b6c8                docmd_decm(arg_struct*)
 .text._Z10docmd_hexmP10arg_struct
                0x9000b6ce        0x6 ./Core/Src/Free42/core_commands5.o
                0x9000b6ce                docmd_hexm(arg_struct*)
 .text._Z14docmd_a_thru_fP10arg_struct
                0x9000b6d4       0x2c ./Core/Src/Free42/core_commands5.o
                0x9000b6d4                docmd_a_thru_f(arg_struct*)
 .text._Z10docmd_linfP10arg_struct
                0x9000b700       0x1c ./Core/Src/Free42/core_commands5.o
                0x9000b700                docmd_linf(arg_struct*)
 .text._Z10docmd_logfP10arg_struct
                0x9000b71c       0x1c ./Core/Src/Free42/core_commands5.o
                0x9000b71c                docmd_logf(arg_struct*)
 .text._Z10docmd_expfP10arg_struct
                0x9000b738       0x1c ./Core/Src/Free42/core_commands5.o
                0x9000b738                docmd_expf(arg_struct*)
 .text._Z10docmd_pwrfP10arg_struct
                0x9000b754       0x1c ./Core/Src/Free42/core_commands5.o
                0x9000b754                docmd_pwrf(arg_struct*)
 .text._Z14docmd_allsigmaP10arg_struct
                0x9000b770       0x10 ./Core/Src/Free42/core_commands5.o
                0x9000b770                docmd_allsigma(arg_struct*)
 .text._Z9docmd_andP10arg_struct
                0x9000b780       0x68 ./Core/Src/Free42/core_commands5.o
                0x9000b780                docmd_and(arg_struct*)
 .text._Z13docmd_baseaddP10arg_struct
                0x9000b7e8      0x150 ./Core/Src/Free42/core_commands5.o
                0x9000b7e8                docmd_baseadd(arg_struct*)
 .text._Z13docmd_basesubP10arg_struct
                0x9000b938      0x16c ./Core/Src/Free42/core_commands5.o
                0x9000b938                docmd_basesub(arg_struct*)
 .text._Z13docmd_basemulP10arg_struct
                0x9000baa4      0x25c ./Core/Src/Free42/core_commands5.o
                0x9000baa4                docmd_basemul(arg_struct*)
 .text._Z13docmd_basedivP10arg_struct
                0x9000bd00       0x88 ./Core/Src/Free42/core_commands5.o
                0x9000bd00                docmd_basediv(arg_struct*)
 .text._Z13docmd_basechsP10arg_struct
                0x9000bd88       0xd0 ./Core/Src/Free42/core_commands5.o
                0x9000bd88                docmd_basechs(arg_struct*)
 .text._Z10docmd_bestP10arg_struct
                0x9000be58       0xac ./Core/Src/Free42/core_commands5.o
                0x9000be58                docmd_best(arg_struct*)
 .text._Z11docmd_bit_tP10arg_struct
                0x9000bf04       0x78 ./Core/Src/Free42/core_commands5.o
                0x9000bf04                docmd_bit_t(arg_struct*)
 .text._Z10docmd_corrP10arg_struct
                0x9000bf7c       0x2a ./Core/Src/Free42/core_commands5.o
                0x9000bf7c                docmd_corr(arg_struct*)
 *fill*         0x9000bfa6        0x2 
 .text._Z11docmd_fcstxP10arg_struct
                0x9000bfa8       0x5c ./Core/Src/Free42/core_commands5.o
                0x9000bfa8                docmd_fcstx(arg_struct*)
 .text._Z11docmd_fcstyP10arg_struct
                0x9000c004       0x5c ./Core/Src/Free42/core_commands5.o
                0x9000c004                docmd_fcsty(arg_struct*)
 .text._Z10docmd_meanP10arg_struct
                0x9000c060      0x114 ./Core/Src/Free42/core_commands5.o
                0x9000c060                docmd_mean(arg_struct*)
 .text._Z10docmd_sdevP10arg_struct
                0x9000c174      0x188 ./Core/Src/Free42/core_commands5.o
                0x9000c174                docmd_sdev(arg_struct*)
 .text._Z11docmd_slopeP10arg_struct
                0x9000c2fc       0x30 ./Core/Src/Free42/core_commands5.o
                0x9000c2fc                docmd_slope(arg_struct*)
 .text._Z9docmd_sumP10arg_struct
                0x9000c32c       0x50 ./Core/Src/Free42/core_commands5.o
                0x9000c32c                docmd_sum(arg_struct*)
 .text._Z11docmd_wmeanP10arg_struct
                0x9000c37c       0x94 ./Core/Src/Free42/core_commands5.o
                0x9000c37c                docmd_wmean(arg_struct*)
 .text._Z10docmd_yintP10arg_struct
                0x9000c410       0x88 ./Core/Src/Free42/core_commands5.o
                0x9000c410                docmd_yint(arg_struct*)
 .text._Z11docmd_integP10arg_struct
                0x9000c498       0x54 ./Core/Src/Free42/core_commands5.o
                0x9000c498                docmd_integ(arg_struct*)
 .text._Z14docmd_linsigmaP10arg_struct
                0x9000c4ec       0x10 ./Core/Src/Free42/core_commands5.o
                0x9000c4ec                docmd_linsigma(arg_struct*)
 .text._Z9docmd_notP10arg_struct
                0x9000c4fc       0x50 ./Core/Src/Free42/core_commands5.o
                0x9000c4fc                docmd_not(arg_struct*)
 .text._Z8docmd_orP10arg_struct
                0x9000c54c       0x68 ./Core/Src/Free42/core_commands5.o
                0x9000c54c                docmd_or(arg_struct*)
 .text._Z12docmd_pgmslvP10arg_struct
                0x9000c5b4       0x44 ./Core/Src/Free42/core_commands5.o
                0x9000c5b4                docmd_pgmslv(arg_struct*)
 .text._Z12docmd_pgmintP10arg_struct
                0x9000c5f8       0x44 ./Core/Src/Free42/core_commands5.o
                0x9000c5f8                docmd_pgmint(arg_struct*)
 .text._Z22appmenu_exitcallback_3ib
                0x9000c63c       0x24 ./Core/Src/Free42/core_commands5.o
                0x9000c63c                appmenu_exitcallback_3(int, bool)
 .text._Z13docmd_pgmslviP10arg_struct
                0x9000c660       0x70 ./Core/Src/Free42/core_commands5.o
                0x9000c660                docmd_pgmslvi(arg_struct*)
 .text._Z22appmenu_exitcallback_4ib
                0x9000c6d0       0x24 ./Core/Src/Free42/core_commands5.o
                0x9000c6d0                appmenu_exitcallback_4(int, bool)
 .text._Z22appmenu_exitcallback_5ib
                0x9000c6f4       0x48 ./Core/Src/Free42/core_commands5.o
                0x9000c6f4                appmenu_exitcallback_5(int, bool)
 .text._Z13docmd_pgmintiP10arg_struct
                0x9000c73c       0x9c ./Core/Src/Free42/core_commands5.o
                0x9000c73c                docmd_pgminti(arg_struct*)
 .text._Z11docmd_rotxyP10arg_struct
                0x9000c7d8      0x194 ./Core/Src/Free42/core_commands5.o
                0x9000c7d8                docmd_rotxy(arg_struct*)
 *fill*         0x9000c96c        0x4 
 .text._Z11docmd_solveP10arg_struct
                0x9000c970       0xb8 ./Core/Src/Free42/core_commands5.o
                0x9000c970                docmd_solve(arg_struct*)
 .text._Z13docmd_vmsolveP10arg_struct
                0x9000ca28       0x94 ./Core/Src/Free42/core_commands5.o
                0x9000ca28                docmd_vmsolve(arg_struct*)
 .text._Z9docmd_xorP10arg_struct
                0x9000cabc       0x68 ./Core/Src/Free42/core_commands5.o
                0x9000cabc                docmd_xor(arg_struct*)
 *fill*         0x9000cb24        0x4 
 .text._Z12docmd_to_decP10arg_struct
                0x9000cb28       0xe8 ./Core/Src/Free42/core_commands5.o
                0x9000cb28                docmd_to_dec(arg_struct*)
 .text._Z12docmd_to_octP10arg_struct
                0x9000cc10       0xe8 ./Core/Src/Free42/core_commands5.o
                0x9000cc10                docmd_to_oct(arg_struct*)
 .text._Z14docmd_sigmaaddP10arg_struct
                0x9000ccf8       0x14 ./Core/Src/Free42/core_commands5.o
                0x9000ccf8                docmd_sigmaadd(arg_struct*)
 .text._Z14docmd_sigmasubP10arg_struct
                0x9000cd0c       0x16 ./Core/Src/Free42/core_commands5.o
                0x9000cd0c                docmd_sigmasub(arg_struct*)
 *fill*         0x9000cd22        0x2 
 .text._ZL17mappable_square_rdPd
                0x9000cd24       0x54 ./Core/Src/Free42/core_commands6.o
 .text._ZL17mappable_square_cddPdS_
                0x9000cd78      0x110 ./Core/Src/Free42/core_commands6.o
 .text._ZL14mappable_inv_rdPd
                0x9000ce88       0xa0 ./Core/Src/Free42/core_commands6.o
 .text._ZL14mappable_sin_cddPdS_
                0x9000cf28      0x194 ./Core/Src/Free42/core_commands6.o
 .text._ZL14mappable_cos_cddPdS_
                0x9000d0bc      0x1d0 ./Core/Src/Free42/core_commands6.o
 .text._ZL14mappable_tan_rdPd
                0x9000d28c        0x6 ./Core/Src/Free42/core_commands6.o
 .text._ZL15mappable_asin_cddPdS_
                0x9000d292       0x3e ./Core/Src/Free42/core_commands6.o
 .text._ZL15mappable_acos_cddPdS_
                0x9000d2d0       0x78 ./Core/Src/Free42/core_commands6.o
 .text._ZL15mappable_atan_cddPdS_
                0x9000d348       0x3e ./Core/Src/Free42/core_commands6.o
 *fill*         0x9000d386        0x2 
 .text._ZL15mappable_atan_rdPd
                0x9000d388       0xe0 ./Core/Src/Free42/core_commands6.o
 .text._ZL14mappable_log_cddPdS_
                0x9000d468      0x118 ./Core/Src/Free42/core_commands6.o
 .text._ZL19mappable_10_pow_x_cddPdS_
                0x9000d580      0x190 ./Core/Src/Free42/core_commands6.o
 .text._ZL18mappable_e_pow_x_cddPdS_
                0x9000d710      0x120 ./Core/Src/Free42/core_commands6.o
 .text._ZL18mappable_e_pow_x_rdPd
                0x9000d830       0x58 ./Core/Src/Free42/core_commands6.o
 .text._ZL14mappable_sin_rdPd
                0x9000d888       0x30 ./Core/Src/Free42/core_commands6.o
 .text._ZL14mappable_cos_rdPd
                0x9000d8b8       0x30 ./Core/Src/Free42/core_commands6.o
 .text._ZL15mappable_asin_rdPd
                0x9000d8e8       0xa0 ./Core/Src/Free42/core_commands6.o
 .text._ZL15mappable_acos_rdPd
                0x9000d988       0xa0 ./Core/Src/Free42/core_commands6.o
 .text._ZL14mappable_log_rdPd
                0x9000da28       0x3c ./Core/Src/Free42/core_commands6.o
 .text._ZL13mappable_ln_rdPd
                0x9000da64       0x3c ./Core/Src/Free42/core_commands6.o
 .text._ZL15mappable_sqrt_rdPd
                0x9000daa0       0x3c ./Core/Src/Free42/core_commands6.o
 .text._ZL14mappable_tan_cddPdS_
                0x9000dadc      0x1a4 ./Core/Src/Free42/core_commands6.o
 .text._ZL19mappable_10_pow_x_rdPd
                0x9000dc80       0x6c ./Core/Src/Free42/core_commands6.o
 .text._Z9docmd_sinP10arg_struct
                0x9000dcec       0x38 ./Core/Src/Free42/core_commands6.o
                0x9000dcec                docmd_sin(arg_struct*)
 .text._Z9docmd_cosP10arg_struct
                0x9000dd24       0x38 ./Core/Src/Free42/core_commands6.o
                0x9000dd24                docmd_cos(arg_struct*)
 .text._Z9docmd_tanP10arg_struct
                0x9000dd5c       0x38 ./Core/Src/Free42/core_commands6.o
                0x9000dd5c                docmd_tan(arg_struct*)
 *fill*         0x9000dd94        0x4 
 .text._Z10docmd_asinP10arg_struct
                0x9000dd98       0xfc ./Core/Src/Free42/core_commands6.o
                0x9000dd98                docmd_asin(arg_struct*)
 *fill*         0x9000de94        0x4 
 .text._Z10docmd_acosP10arg_struct
                0x9000de98       0xf4 ./Core/Src/Free42/core_commands6.o
                0x9000de98                docmd_acos(arg_struct*)
 .text._Z10docmd_atanP10arg_struct
                0x9000df8c       0x38 ./Core/Src/Free42/core_commands6.o
                0x9000df8c                docmd_atan(arg_struct*)
 *fill*         0x9000dfc4        0x4 
 .text._Z9docmd_logP10arg_struct
                0x9000dfc8       0xac ./Core/Src/Free42/core_commands6.o
                0x9000dfc8                docmd_log(arg_struct*)
 .text._Z14docmd_10_pow_xP10arg_struct
                0x9000e074       0x38 ./Core/Src/Free42/core_commands6.o
                0x9000e074                docmd_10_pow_x(arg_struct*)
 *fill*         0x9000e0ac        0x4 
 .text._Z8docmd_lnP10arg_struct
                0x9000e0b0       0xac ./Core/Src/Free42/core_commands6.o
                0x9000e0b0                docmd_ln(arg_struct*)
 .text._Z13docmd_e_pow_xP10arg_struct
                0x9000e15c       0x38 ./Core/Src/Free42/core_commands6.o
                0x9000e15c                docmd_e_pow_x(arg_struct*)
 *fill*         0x9000e194        0x4 
 .text._Z10docmd_sqrtP10arg_struct
                0x9000e198       0xa4 ./Core/Src/Free42/core_commands6.o
                0x9000e198                docmd_sqrt(arg_struct*)
 .text._Z12docmd_squareP10arg_struct
                0x9000e23c       0x38 ./Core/Src/Free42/core_commands6.o
                0x9000e23c                docmd_square(arg_struct*)
 .text._Z9docmd_invP10arg_struct
                0x9000e274       0x38 ./Core/Src/Free42/core_commands6.o
                0x9000e274                docmd_inv(arg_struct*)
 *fill*         0x9000e2ac        0x4 
 .text._Z13docmd_y_pow_xP10arg_struct
                0x9000e2b0      0x7b4 ./Core/Src/Free42/core_commands6.o
                0x9000e2b0                docmd_y_pow_x(arg_struct*)
 .text._Z10docmd_anumP10arg_struct
                0x9000ea64       0x3c ./Core/Src/Free42/core_commands6.o
                0x9000ea64                docmd_anum(arg_struct*)
 .text._Z14docmd_x_swap_fP10arg_struct
                0x9000eaa0       0x90 ./Core/Src/Free42/core_commands6.o
                0x9000eaa0                docmd_x_swap_f(arg_struct*)
 .text._Z13docmd_rclflagP10arg_struct
                0x9000eb30       0xe0 ./Core/Src/Free42/core_commands6.o
                0x9000eb30                docmd_rclflag(arg_struct*)
 .text._Z13docmd_stoflagP10arg_struct
                0x9000ec10      0x264 ./Core/Src/Free42/core_commands6.o
                0x9000ec10                docmd_stoflag(arg_struct*)
 .text._ZL7greg2jdiiiPi
                0x9000ee74       0x5e ./Core/Src/Free42/core_commands7.o
 *fill*         0x9000eed2        0x6 
 .text._ZL10date2compsdPiS_S_
                0x9000eed8      0x138 ./Core/Src/Free42/core_commands7.o
 .text._ZL16number_to_stringi
                0x9000f010       0x48 ./Core/Src/Free42/core_commands7.o
 .text._ZL6concatb
                0x9000f058      0x240 ./Core/Src/Free42/core_commands7.o
 .text._Z11docmd_accelP10arg_struct
                0x9000f298        0x4 ./Core/Src/Free42/core_commands7.o
                0x9000f298                docmd_accel(arg_struct*)
 .text._Z11docmd_locatP10arg_struct
                0x9000f29c        0x4 ./Core/Src/Free42/core_commands7.o
                0x9000f29c                docmd_locat(arg_struct*)
 .text._Z13docmd_headingP10arg_struct
                0x9000f2a0        0x4 ./Core/Src/Free42/core_commands7.o
                0x9000f2a0                docmd_heading(arg_struct*)
 *fill*         0x9000f2a4        0x4 
 .text._Z11docmd_adateP10arg_struct
                0x9000f2a8      0x2d0 ./Core/Src/Free42/core_commands7.o
                0x9000f2a8                docmd_adate(arg_struct*)
 .text._Z11docmd_atimeP10arg_struct
                0x9000f578      0x288 ./Core/Src/Free42/core_commands7.o
                0x9000f578                docmd_atime(arg_struct*)
 .text._Z13docmd_atime24P10arg_struct
                0x9000f800       0x18 ./Core/Src/Free42/core_commands7.o
                0x9000f800                docmd_atime24(arg_struct*)
 .text._Z11docmd_clk12P10arg_struct
                0x9000f818        0xc ./Core/Src/Free42/core_commands7.o
                0x9000f818                docmd_clk12(arg_struct*)
 .text._Z11docmd_clk24P10arg_struct
                0x9000f824       0x10 ./Core/Src/Free42/core_commands7.o
                0x9000f824                docmd_clk24(arg_struct*)
 *fill*         0x9000f834        0x4 
 .text._Z10docmd_dateP10arg_struct
                0x9000f838      0x23c ./Core/Src/Free42/core_commands7.o
                0x9000f838                docmd_date(arg_struct*)
 *fill*         0x9000fa74        0x4 
 .text._Z15docmd_date_plusP10arg_struct
                0x9000fa78      0x204 ./Core/Src/Free42/core_commands7.o
                0x9000fa78                docmd_date_plus(arg_struct*)
 *fill*         0x9000fc7c        0x4 
 .text._Z11docmd_ddaysP10arg_struct
                0x9000fc80      0x100 ./Core/Src/Free42/core_commands7.o
                0x9000fc80                docmd_ddays(arg_struct*)
 .text._Z9docmd_dmyP10arg_struct
                0x9000fd80       0x14 ./Core/Src/Free42/core_commands7.o
                0x9000fd80                docmd_dmy(arg_struct*)
 *fill*         0x9000fd94        0x4 
 .text._Z9docmd_dowP10arg_struct
                0x9000fd98       0xfc ./Core/Src/Free42/core_commands7.o
                0x9000fd98                docmd_dow(arg_struct*)
 .text._Z9docmd_mdyP10arg_struct
                0x9000fe94       0x10 ./Core/Src/Free42/core_commands7.o
                0x9000fe94                docmd_mdy(arg_struct*)
 *fill*         0x9000fea4        0x4 
 .text._Z10docmd_timeP10arg_struct
                0x9000fea8      0x1b4 ./Core/Src/Free42/core_commands7.o
                0x9000fea8                docmd_time(arg_struct*)
 .text._Z9docmd_ymdP10arg_struct
                0x9001005c       0x14 ./Core/Src/Free42/core_commands7.o
                0x9001005c                docmd_ymd(arg_struct*)
 .text._Z13docmd_getkey1P10arg_struct
                0x90010070       0x2c ./Core/Src/Free42/core_commands7.o
                0x90010070                docmd_getkey1(arg_struct*)
 .text._Z12docmd_fptestP10arg_struct
                0x9001009c        0x4 ./Core/Src/Free42/core_commands7.o
                0x9001009c                docmd_fptest(arg_struct*)
 .text._Z10docmd_lstoP10arg_struct
                0x900100a0       0x88 ./Core/Src/Free42/core_commands7.o
                0x900100a0                docmd_lsto(arg_struct*)
 .text._Z12docmd_lxastoP10arg_struct
                0x90010128       0x9c ./Core/Src/Free42/core_commands7.o
                0x90010128                docmd_lxasto(arg_struct*)
 .text._Z11docmd_lastoP10arg_struct
                0x900101c4       0x1c ./Core/Src/Free42/core_commands7.o
                0x900101c4                docmd_lasto(arg_struct*)
 .text._Z11docmd_wsizeP10arg_struct