../Core/Src/IntelDecimal/bid128_noncomp.c:63:1:__bid128_isSigned	24	static
../Core/Src/IntelDecimal/bid128_noncomp.c:80:1:__bid128_isNormal	48	static
../Core/Src/IntelDecimal/bid128_noncomp.c:160:1:__bid128_isSubnormal	48	static
../Core/Src/IntelDecimal/bid128_noncomp.c:238:1:__bid128_isFinite	24	static
../Core/Src/IntelDecimal/bid128_noncomp.c:252:1:__bid128_isZero	40	static
../Core/Src/IntelDecimal/bid128_noncomp.c:283:1:__bid128_isInf	24	static
../Core/Src/IntelDecimal/bid128_noncomp.c:299:1:__bid128_isSignaling	24	static
../Core/Src/IntelDecimal/bid128_noncomp.c:316:1:__bid128_isCanonical	40	static
../Core/Src/IntelDecimal/bid128_noncomp.c:368:1:__bid128_isNaN	24	static
../Core/Src/IntelDecimal/bid128_noncomp.c:385:1:__bid128_copy	0	static
../Core/Src/IntelDecimal/bid128_noncomp.c:402:1:__bid128_negate	0	static
../Core/Src/IntelDecimal/bid128_noncomp.c:420:1:__bid128_abs	0	static
../Core/Src/IntelDecimal/bid128_noncomp.c:439:1:__bid128_copySign	0	static
../Core/Src/IntelDecimal/bid128_noncomp.c:456:1:__bid128_class	104	static
../Core/Src/IntelDecimal/bid128_noncomp.c:547:1:__bid128_sameQuantum	32	static
../Core/Src/IntelDecimal/bid128_noncomp.c:593:1:__bid128_totalOrder	120	static
../Core/Src/IntelDecimal/bid128_noncomp.c:935:1:__bid128_totalOrderMag	120	static
../Core/Src/IntelDecimal/bid128_noncomp.c:1205:1:__bid128_radix	24	static
../Core/Src/IntelDecimal/bid128_noncomp.c:1218:13:__bid128_inf	0	static
../Core/Src/IntelDecimal/bid128_noncomp.c:1231:13:__bid128_nan	48	static
