../Core/Src/IntelDecimal/bid128_fma.c:39:1:bid_rounding_correction	48	static
../Core/Src/IntelDecimal/bid128_fma.c:196:1:bid_bid_nr_digits256	32	static
../Core/Src/IntelDecimal/bid128_fma.c:258:1:bid_add_and_round.constprop	368	static
../Core/Src/IntelDecimal/bid128_fma.c:664:1:bid128_ext_fma	520	static
../Core/Src/IntelDecimal/bid128_fma.c:3654:1:__bid128_fma	104	static
../Core/Src/IntelDecimal/bid128_fma.c:3690:1:__bid128ddd_fma	168	static
../Core/Src/IntelDecimal/bid128_fma.c:3734:1:__bid128ddq_fma	144	static
../Core/Src/IntelDecimal/bid128_fma.c:3775:1:__bid128dqd_fma	144	static
../Core/Src/IntelDecimal/bid128_fma.c:3816:1:__bid128dqq_fma	128	static
../Core/Src/IntelDecimal/bid128_fma.c:3855:1:__bid128qdd_fma	144	static
../Core/Src/IntelDecimal/bid128_fma.c:3896:1:__bid128qdq_fma	128	static
../Core/Src/IntelDecimal/bid128_fma.c:3935:1:__bid128qqd_fma	128	static
../Core/Src/IntelDecimal/bid128_fma.c:4181:1:__bid64qqq_fma	256	static
../Core/Src/IntelDecimal/bid128_fma.c:3977:1:__bid64ddq_fma	104	static
../Core/Src/IntelDecimal/bid128_fma.c:4012:1:__bid64dqd_fma	96	static
../Core/Src/IntelDecimal/bid128_fma.c:4047:1:__bid64dqq_fma	80	static
../Core/Src/IntelDecimal/bid128_fma.c:4080:1:__bid64qdd_fma	128	static
../Core/Src/IntelDecimal/bid128_fma.c:4115:1:__bid64qdq_fma	104	static
../Core/Src/IntelDecimal/bid128_fma.c:4148:1:__bid64qqd_fma	104	static
