../Core/Src/IntelDecimal/bid128_compare.c:33:1:__bid128_quiet_equal	1536	static
../Core/Src/IntelDecimal/bid128_compare.c:173:1:__bid128_quiet_greater	2720	static
../Core/Src/IntelDecimal/bid128_compare.c:425:1:__bid128_quiet_greater_equal	2704	static
../Core/Src/IntelDecimal/bid128_compare.c:676:1:__bid128_quiet_greater_unordered	2704	static
../Core/Src/IntelDecimal/bid128_compare.c:927:1:__bid128_quiet_less	2744	static
../Core/Src/IntelDecimal/bid128_compare.c:1177:1:__bid128_quiet_less_equal	2744	static
../Core/Src/IntelDecimal/bid128_compare.c:1430:1:__bid128_quiet_less_unordered	2744	static
../Core/Src/IntelDecimal/bid128_compare.c:1682:1:__bid128_quiet_not_equal	1528	static
../Core/Src/IntelDecimal/bid128_compare.c:1823:1:__bid128_quiet_not_greater	2744	static
../Core/Src/IntelDecimal/bid128_compare.c:2073:1:__bid128_quiet_not_less	2704	static
../Core/Src/IntelDecimal/bid128_compare.c:2324:1:__bid128_quiet_ordered	120	static
../Core/Src/IntelDecimal/bid128_compare.c:2348:1:__bid128_quiet_unordered	120	static
../Core/Src/IntelDecimal/bid128_compare.c:2372:1:__bid128_signaling_greater	2704	static
../Core/Src/IntelDecimal/bid128_compare.c:2621:1:__bid128_signaling_greater_equal	2688	static
../Core/Src/IntelDecimal/bid128_compare.c:2869:1:__bid128_signaling_greater_unordered	2688	static
../Core/Src/IntelDecimal/bid128_compare.c:3115:1:__bid128_signaling_less	2728	static
../Core/Src/IntelDecimal/bid128_compare.c:3364:1:__bid128_signaling_less_equal	2728	static
../Core/Src/IntelDecimal/bid128_compare.c:3612:1:__bid128_signaling_less_unordered	2728	static
../Core/Src/IntelDecimal/bid128_compare.c:3860:1:__bid128_signaling_not_greater	2728	static
../Core/Src/IntelDecimal/bid128_compare.c:4107:1:__bid128_signaling_not_less	2688	static
