../Core/Src/IntelDecimal/bid32_round_integral.c:36:1:__bid32_round_integral_exact	8	static
../Core/Src/IntelDecimal/bid32_round_integral.c:52:1:__bid32_round_integral_nearest_even	8	static
../Core/Src/IntelDecimal/bid32_round_integral.c:71:1:__bid32_round_integral_negative	8	static
../Core/Src/IntelDecimal/bid32_round_integral.c:90:1:__bid32_round_integral_positive	8	static
../Core/Src/IntelDecimal/bid32_round_integral.c:109:1:__bid32_round_integral_zero	8	static
../Core/Src/IntelDecimal/bid32_round_integral.c:128:1:__bid32_round_integral_nearest_away	8	static
