../Core/Src/IntelDecimal/bid32_compare.c:37:1:__bid32_quiet_equal	12	static
../Core/Src/IntelDecimal/bid32_compare.c:145:1:__bid32_quiet_greater	12	static
../Core/Src/IntelDecimal/bid32_compare.c:299:1:__bid32_quiet_greater_equal	8	static
../Core/Src/IntelDecimal/bid32_compare.c:448:1:__bid32_quiet_greater_unordered	8	static
../Core/Src/IntelDecimal/bid32_compare.c:595:1:__bid32_quiet_less	8	static
../Core/Src/IntelDecimal/bid32_compare.c:746:1:__bid32_quiet_less_equal	8	static
../Core/Src/IntelDecimal/bid32_compare.c:896:1:__bid32_quiet_less_unordered	8	static
../Core/Src/IntelDecimal/bid32_compare.c:1046:1:__bid32_quiet_not_equal	8	static
../Core/Src/IntelDecimal/bid32_compare.c:1164:1:__bid32_quiet_not_greater	8	static
../Core/Src/IntelDecimal/bid32_compare.c:1330:1:__bid32_quiet_not_less	8	static
../Core/Src/IntelDecimal/bid32_compare.c:1497:1:__bid32_quiet_ordered	0	static
../Core/Src/IntelDecimal/bid32_compare.c:1515:1:__bid32_quiet_unordered	0	static
../Core/Src/IntelDecimal/bid32_compare.c:1534:1:__bid32_signaling_greater	8	static
../Core/Src/IntelDecimal/bid32_compare.c:1698:1:__bid32_signaling_greater_equal	8	static
../Core/Src/IntelDecimal/bid32_compare.c:1862:1:__bid32_signaling_greater_unordered	8	static
../Core/Src/IntelDecimal/bid32_compare.c:2025:1:__bid32_signaling_less	8	static
../Core/Src/IntelDecimal/bid32_compare.c:2189:1:__bid32_signaling_less_equal	8	static
../Core/Src/IntelDecimal/bid32_compare.c:2352:1:__bid32_signaling_less_unordered	8	static
../Core/Src/IntelDecimal/bid32_compare.c:2516:1:__bid32_signaling_not_greater	8	static
../Core/Src/IntelDecimal/bid32_compare.c:2679:1:__bid32_signaling_not_less	8	static
