../Core/Src/IntelDecimal/bid32_noncomp.c:65:1:__bid32_isSigned	0	static
../Core/Src/IntelDecimal/bid32_noncomp.c:81:1:__bid32_isNormal	0	static
../Core/Src/IntelDecimal/bid32_noncomp.c:133:1:__bid32_isSubnormal	0	static
../Core/Src/IntelDecimal/bid32_noncomp.c:185:1:__bid32_isFinite	0	static
../Core/Src/IntelDecimal/bid32_noncomp.c:200:1:__bid32_isZero	0	static
../Core/Src/IntelDecimal/bid32_noncomp.c:227:1:__bid32_isInf	0	static
../Core/Src/IntelDecimal/bid32_noncomp.c:242:1:__bid32_isSignaling	0	static
../Core/Src/IntelDecimal/bid32_noncomp.c:257:1:__bid32_isCanonical	0	static
../Core/Src/IntelDecimal/bid32_noncomp.c:290:1:__bid32_isNaN	0	static
../Core/Src/IntelDecimal/bid32_noncomp.c:306:1:__bid32_copy	0	static
../Core/Src/IntelDecimal/bid32_noncomp.c:322:1:__bid32_negate	0	static
../Core/Src/IntelDecimal/bid32_noncomp.c:338:1:__bid32_abs	0	static
../Core/Src/IntelDecimal/bid32_noncomp.c:358:1:__bid32_copySign	0	static
../Core/Src/IntelDecimal/bid32_noncomp.c:373:1:__bid32_class	4	static
../Core/Src/IntelDecimal/bid32_noncomp.c:447:1:__bid32_sameQuantum	0	static
../Core/Src/IntelDecimal/bid32_noncomp.c:486:1:__bid32_totalOrder	16	static
../Core/Src/IntelDecimal/bid32_noncomp.c:741:1:__bid32_totalOrderMag	8	static
../Core/Src/IntelDecimal/bid32_noncomp.c:938:1:__bid32_radix	0	static
../Core/Src/IntelDecimal/bid32_noncomp.c:951:12:__bid32_inf	0	static
../Core/Src/IntelDecimal/bid32_noncomp.c:965:12:__bid32_nan	16	static
