../Core/Src/IntelDecimal/bid64_noncomp.c:69:1:__bid64_isSigned	24	static
../Core/Src/IntelDecimal/bid64_noncomp.c:85:1:__bid64_isNormal	272	static
../Core/Src/IntelDecimal/bid64_noncomp.c:138:1:__bid64_isSubnormal	272	static
../Core/Src/IntelDecimal/bid64_noncomp.c:190:1:__bid64_isFinite	24	static
../Core/Src/IntelDecimal/bid64_noncomp.c:205:1:__bid64_isZero	56	static
../Core/Src/IntelDecimal/bid64_noncomp.c:232:1:__bid64_isInf	32	static
../Core/Src/IntelDecimal/bid64_noncomp.c:248:1:__bid64_isSignaling	24	static
../Core/Src/IntelDecimal/bid64_noncomp.c:264:1:__bid64_isCanonical	88	static
../Core/Src/IntelDecimal/bid64_noncomp.c:299:1:__bid64_isNaN	24	static
../Core/Src/IntelDecimal/bid64_noncomp.c:315:1:__bid64_copy	24	static
../Core/Src/IntelDecimal/bid64_noncomp.c:332:1:__bid64_negate	24	static
../Core/Src/IntelDecimal/bid64_noncomp.c:348:1:__bid64_abs	24	static
../Core/Src/IntelDecimal/bid64_noncomp.c:367:1:__bid64_copySign	56	static
../Core/Src/IntelDecimal/bid64_noncomp.c:382:1:__bid64_class	288	static
../Core/Src/IntelDecimal/bid64_noncomp.c:460:1:__bid64_sameQuantum	120	static
../Core/Src/IntelDecimal/bid64_noncomp.c:499:1:__bid64_totalOrder	688	static
../Core/Src/IntelDecimal/bid64_noncomp.c:769:1:__bid64_totalOrderMag	600	static
../Core/Src/IntelDecimal/bid64_noncomp.c:970:1:__bid64_radix	24	static
../Core/Src/IntelDecimal/bid64_noncomp.c:983:12:__bid64_inf	16	static
../Core/Src/IntelDecimal/bid64_noncomp.c:995:12:__bid64_nan	64	static
