../Core/Src/IntelDecimal/bid64_noncomp.c:69:1:__bid64_isSigned	0	static
../Core/Src/IntelDecimal/bid64_noncomp.c:85:1:__bid64_isNormal	16	static
../Core/Src/IntelDecimal/bid64_noncomp.c:138:1:__bid64_isSubnormal	16	static
../Core/Src/IntelDecimal/bid64_noncomp.c:190:1:__bid64_isFinite	0	static
../Core/Src/IntelDecimal/bid64_noncomp.c:205:1:__bid64_isZero	0	static
../Core/Src/IntelDecimal/bid64_noncomp.c:232:1:__bid64_isInf	0	static
../Core/Src/IntelDecimal/bid64_noncomp.c:248:1:__bid64_isSignaling	0	static
../Core/Src/IntelDecimal/bid64_noncomp.c:264:1:__bid64_isCanonical	0	static
../Core/Src/IntelDecimal/bid64_noncomp.c:299:1:__bid64_isNaN	0	static
../Core/Src/IntelDecimal/bid64_noncomp.c:315:1:__bid64_copy	0	static
../Core/Src/IntelDecimal/bid64_noncomp.c:332:1:__bid64_negate	0	static
../Core/Src/IntelDecimal/bid64_noncomp.c:348:1:__bid64_abs	0	static
../Core/Src/IntelDecimal/bid64_noncomp.c:367:1:__bid64_copySign	0	static
../Core/Src/IntelDecimal/bid64_noncomp.c:382:1:__bid64_class	20	static
../Core/Src/IntelDecimal/bid64_noncomp.c:460:1:__bid64_sameQuantum	4	static
../Core/Src/IntelDecimal/bid64_noncomp.c:499:1:__bid64_totalOrder	32	static
../Core/Src/IntelDecimal/bid64_noncomp.c:769:1:__bid64_totalOrderMag	24	static
../Core/Src/IntelDecimal/bid64_noncomp.c:970:1:__bid64_radix	0	static
../Core/Src/IntelDecimal/bid64_noncomp.c:983:12:__bid64_inf	0	static
../Core/Src/IntelDecimal/bid64_noncomp.c:995:12:__bid64_nan	16	static
