../Core/Src/IntelDecimal/bid64_compare.c:40:1:__bid64_quiet_equal	28	static
../Core/Src/IntelDecimal/bid64_compare.c:147:1:__bid64_quiet_greater	28	static
../Core/Src/IntelDecimal/bid64_compare.c:306:1:__bid64_quiet_greater_equal	28	static
../Core/Src/IntelDecimal/bid64_compare.c:461:1:__bid64_quiet_greater_unordered	28	static
../Core/Src/IntelDecimal/bid64_compare.c:614:1:__bid64_quiet_less	28	static
../Core/Src/IntelDecimal/bid64_compare.c:771:1:__bid64_quiet_less_equal	28	static
../Core/Src/IntelDecimal/bid64_compare.c:927:1:__bid64_quiet_less_unordered	28	static
../Core/Src/IntelDecimal/bid64_compare.c:1083:1:__bid64_quiet_not_equal	32	static
../Core/Src/IntelDecimal/bid64_compare.c:1201:1:__bid64_quiet_not_greater	28	static
../Core/Src/IntelDecimal/bid64_compare.c:1373:1:__bid64_quiet_not_less	28	static
../Core/Src/IntelDecimal/bid64_compare.c:1546:1:__bid64_quiet_ordered	0	static
../Core/Src/IntelDecimal/bid64_compare.c:1564:1:__bid64_quiet_unordered	0	static
../Core/Src/IntelDecimal/bid64_compare.c:1583:1:__bid64_signaling_greater	28	static
../Core/Src/IntelDecimal/bid64_compare.c:1753:1:__bid64_signaling_greater_equal	28	static
../Core/Src/IntelDecimal/bid64_compare.c:1923:1:__bid64_signaling_greater_unordered	28	static
../Core/Src/IntelDecimal/bid64_compare.c:2092:1:__bid64_signaling_less	28	static
../Core/Src/IntelDecimal/bid64_compare.c:2262:1:__bid64_signaling_less_equal	28	static
../Core/Src/IntelDecimal/bid64_compare.c:2431:1:__bid64_signaling_less_unordered	28	static
../Core/Src/IntelDecimal/bid64_compare.c:2601:1:__bid64_signaling_not_greater	28	static
../Core/Src/IntelDecimal/bid64_compare.c:2770:1:__bid64_signaling_not_less	28	static
