../Core/Src/IntelDecimal/bid_binarydecimal.c:143952:1:__bid32_to_binary32	104	static
../Core/Src/IntelDecimal/bid_binarydecimal.c:144086:1:__bid64_to_binary32	128	static
../Core/Src/IntelDecimal/bid_binarydecimal.c:144224:1:__bid128_to_binary32	160	static
../Core/Src/IntelDecimal/bid_binarydecimal.c:144359:1:__bid32_to_binary64	96	static
../Core/Src/IntelDecimal/bid_binarydecimal.c:144452:1:__bid64_to_binary64	104	static
../Core/Src/IntelDecimal/bid_binarydecimal.c:144591:1:__bid128_to_binary64	168	static
../Core/Src/IntelDecimal/bid_binarydecimal.c:144723:1:__bid32_to_binary80	104	static
../Core/Src/IntelDecimal/bid_binarydecimal.c:144818:1:__bid64_to_binary80	128	static
../Core/Src/IntelDecimal/bid_binarydecimal.c:144917:1:__bid128_to_binary80	176	static
../Core/Src/IntelDecimal/bid_binarydecimal.c:145058:1:__bid32_to_binary128	112	static
../Core/Src/IntelDecimal/bid_binarydecimal.c:145168:1:__bid64_to_binary128	144	static
../Core/Src/IntelDecimal/bid_binarydecimal.c:145275:1:__bid128_to_binary128	152	static
../Core/Src/IntelDecimal/bid_binarydecimal.c:145418:1:__binary32_to_bid32	96	static
../Core/Src/IntelDecimal/bid_binarydecimal.c:145562:1:__binary64_to_bid32	128	static
../Core/Src/IntelDecimal/bid_binarydecimal.c:145743:1:__binary80_to_bid32	152	static
../Core/Src/IntelDecimal/bid_binarydecimal.c:145926:1:__binary128_to_bid32	160	static
../Core/Src/IntelDecimal/bid_binarydecimal.c:146101:1:__binary32_to_bid64	48	static
../Core/Src/IntelDecimal/bid_binarydecimal.c:146250:1:__binary64_to_bid64	96	static
../Core/Src/IntelDecimal/bid_binarydecimal.c:146401:1:__binary80_to_bid64	152	static
../Core/Src/IntelDecimal/bid_binarydecimal.c:146585:1:__binary128_to_bid64	168	static
../Core/Src/IntelDecimal/bid_binarydecimal.c:146763:1:__binary32_to_bid128	232	static
../Core/Src/IntelDecimal/bid_binarydecimal.c:146934:1:__binary64_to_bid128	248	static
../Core/Src/IntelDecimal/bid_binarydecimal.c:147107:1:__binary80_to_bid128	264	static
../Core/Src/IntelDecimal/bid_binarydecimal.c:147277:1:__binary128_to_bid128	264	static
../Core/Src/IntelDecimal/bid_binarydecimal.c:147489:6:bid128_to_binary128_2part	144	static
