../Core/Src/IntelDecimal/bid_binarydecimal.c:143952:1:__bid32_to_binary32	1400	static
../Core/Src/IntelDecimal/bid_binarydecimal.c:144086:1:__bid64_to_binary32	2424	static
../Core/Src/IntelDecimal/bid_binarydecimal.c:144224:1:__bid128_to_binary32	2552	static
../Core/Src/IntelDecimal/bid_binarydecimal.c:144359:1:__bid32_to_binary64	1408	static
../Core/Src/IntelDecimal/bid_binarydecimal.c:144452:1:__bid64_to_binary64	1592	static
../Core/Src/IntelDecimal/bid_binarydecimal.c:144591:1:__bid128_to_binary64	2776	static
../Core/Src/IntelDecimal/bid_binarydecimal.c:144723:1:__bid32_to_binary80	1416	static
../Core/Src/IntelDecimal/bid_binarydecimal.c:144818:1:__bid64_to_binary80	2440	static
../Core/Src/IntelDecimal/bid_binarydecimal.c:144917:1:__bid128_to_binary80	2744	static
../Core/Src/IntelDecimal/bid_binarydecimal.c:145058:1:__bid32_to_binary128	1392	static
../Core/Src/IntelDecimal/bid_binarydecimal.c:145168:1:__bid64_to_binary128	2416	static
../Core/Src/IntelDecimal/bid_binarydecimal.c:145275:1:__bid128_to_binary128	2704	static
../Core/Src/IntelDecimal/bid_binarydecimal.c:145418:1:__binary32_to_bid32	2648	static
../Core/Src/IntelDecimal/bid_binarydecimal.c:145562:1:__binary64_to_bid32	2704	static
../Core/Src/IntelDecimal/bid_binarydecimal.c:145743:1:__binary80_to_bid32	2768	static
../Core/Src/IntelDecimal/bid_binarydecimal.c:145926:1:__binary128_to_bid32	3024	static
../Core/Src/IntelDecimal/bid_binarydecimal.c:146101:1:__binary32_to_bid64	2848	static
../Core/Src/IntelDecimal/bid_binarydecimal.c:146250:1:__binary64_to_bid64	2888	static
../Core/Src/IntelDecimal/bid_binarydecimal.c:146401:1:__binary80_to_bid64	3000	static
../Core/Src/IntelDecimal/bid_binarydecimal.c:146585:1:__binary128_to_bid64	3264	static
../Core/Src/IntelDecimal/bid_binarydecimal.c:146763:1:__binary32_to_bid128	7072	static
../Core/Src/IntelDecimal/bid_binarydecimal.c:146934:1:__binary64_to_bid128	7104	static
../Core/Src/IntelDecimal/bid_binarydecimal.c:147107:1:__binary80_to_bid128	7168	static
../Core/Src/IntelDecimal/bid_binarydecimal.c:147277:1:__binary128_to_bid128	7432	static
../Core/Src/IntelDecimal/bid_binarydecimal.c:147489:6:bid128_to_binary128_2part	2832	static
