../Core/Src/main.c:132:13:settings_provider	2
../Core/Src/main.c:162:13:start_menu_provider	2
../Core/Src/main.c:200:6:program_list_item_selected	1
../Core/Src/main.c:117:6:settings_menu_item_selected	4
../Core/Src/main.c:384:6:timeout1_callback	1
../Core/Src/main.c:389:6:timeout2_callback	1
../Core/Src/main.c:170:13:program_list_provider	11
../Core/Src/main.c:729:6:callbackTick	2
../Core/Src/main.c:378:6:repeat_callback	3
../Core/Src/main.c:90:6:show_license	2
../Core/Src/main.c:139:6:settings	1
../Core/Src/main.c:148:6:help	2
../Core/Src/main.c:204:6:load_program_selected	3
../Core/Src/main.c:225:6:save_program_selected	6
../Core/Src/main.c:295:6:start_menu_item_selected	16
../Core/Src/main.c:367:19:register_timer	1
../Core/Src/main.c:394:6:processEvent	4
../Core/Src/main.c:406:6:check_for_copy	5
../Core/Src/main.c:426:16:checkForEvents	2
../Core/Src/main.c:454:16:update_lcd	1
../Core/Src/main.c:474:16:alt_main_loop	31
../Core/Src/main.c:655:6:main_loop	16
../Core/Src/main.c:751:5:main	0
../Core/Src/main.c:1188:6:Error_Handler	1
