../Core/Src/main.c:127:13:settings_provider	0	static
../Core/Src/main.c:157:13:start_menu_provider	0	static
../Core/Src/main.c:114:6:settings_menu_item_selected	8	static
../Core/Src/main.c:213:16:repeat_callback	8	static
../Core/Src/main.c:219:16:timeout1_callback	8	static
../Core/Src/main.c:224:16:timeout2_callback	8	static
../Core/Src/main.c:502:6:callbackTick	24	static
../Core/Src/main.c:162:6:start_menu_item_selected	16	static
../Core/Src/main.c:87:6:show_license	16	static
../Core/Src/main.c:134:6:settings	8	static
../Core/Src/main.c:143:6:help	16	static
../Core/Src/main.c:202:19:register_timer	8	static
../Core/Src/main.c:229:16:processEvent	0	static
../Core/Src/main.c:240:16:checkForEvents	8	static
../Core/Src/main.c:268:16:update_lcd	0	static
../Core/Src/main.c:288:16:alt_main_loop	72	static,ignoring_inline_asm
../Core/Src/main.c:428:6:main_loop	56	static,ignoring_inline_asm
../Core/Src/main.c:524:5:main	8	static
../Core/Src/main.c:960:6:Error_Handler	0	static,ignoring_inline_asm
