../Core/Src/main.c:127:13:settings_provider	2
../Core/Src/main.c:157:13:start_menu_provider	2
../Core/Src/main.c:114:6:settings_menu_item_selected	4
../Core/Src/main.c:213:16:repeat_callback	3
../Core/Src/main.c:219:16:timeout1_callback	1
../Core/Src/main.c:224:16:timeout2_callback	1
../Core/Src/main.c:502:6:callbackTick	2
../Core/Src/main.c:162:6:start_menu_item_selected	11
../Core/Src/main.c:87:6:show_license	2
../Core/Src/main.c:134:6:settings	1
../Core/Src/main.c:143:6:help	2
../Core/Src/main.c:202:19:register_timer	1
../Core/Src/main.c:229:16:processEvent	4
../Core/Src/main.c:240:16:checkForEvents	2
../Core/Src/main.c:268:16:update_lcd	1
../Core/Src/main.c:288:16:alt_main_loop	24
../Core/Src/main.c:428:6:main_loop	16
../Core/Src/main.c:524:5:main	0
../Core/Src/main.c:960:6:Error_Handler	1
