../Core/Src/main.c:131:13:start_menu_provider	0	static
../Core/Src/main.c:418:16:callbackTick	24	static
../Core/Src/main.c:185:16:repeat_callback	8	static
../Core/Src/main.c:191:16:timeout1_callback	8	static
../Core/Src/main.c:196:16:timeout2_callback	8	static
../Core/Src/main.c:136:6:start_menu_item_selected	16	static
../Core/Src/main.c:83:6:show_license	16	static
../Core/Src/main.c:103:6:settings	16	static
../Core/Src/main.c:117:6:help	16	static
../Core/Src/main.c:174:19:register_timer	8	static
../Core/Src/main.c:201:16:processEvent	0	static
../Core/Src/main.c:212:16:checkForEvents	8	static
../Core/Src/main.c:233:16:update_lcd	0	static
../Core/Src/main.c:253:16:alt_main_loop	64	static,ignoring_inline_asm
../Core/Src/main.c:345:6:main_loop	56	static,ignoring_inline_asm
../Core/Src/main.c:441:5:main	8	static
../Core/Src/main.c:873:6:Error_Handler	0	static,ignoring_inline_asm
