../Core/Src/rp/RP.cc:68:6:void RP_NOP()	0	static,ignoring_inline_asm
../Core/Src/rp/RP.cc:74:6:char RP_GET_KEY()	0	static,ignoring_inline_asm
../Core/Src/rp/RP.cc:81:6:char RP_WA_KEY()	0	static,ignoring_inline_asm
../Core/Src/rp/RP.cc:88:6:void RP_PUSH_KEY(uint8_t)	0	static,ignoring_inline_asm
../Core/Src/rp/RP.cc:95:6:void RP_RELEASE_KEY()	0	static,ignoring_inline_asm
../Core/Src/rp/RP.cc:101:6:void RP_CLEAR_KEY_QUEUE()	0	static,ignoring_inline_asm
../Core/Src/rp/RP.cc:108:6:void RP_DISPLAY_ON()	0	static,ignoring_inline_asm
../Core/Src/rp/RP.cc:113:6:void RP_DISPLAY_OFF()	0	static,ignoring_inline_asm
../Core/Src/rp/RP.cc:118:6:void RP_DISPLAY_DRAW(char*)	0	static,ignoring_inline_asm
../Core/Src/rp/RP.cc:124:6:void RP_DRAW_PAGE0(uint8_t*)	0	static,ignoring_inline_asm
../Core/Src/rp/RP.cc:130:6:void RP_DRAW_PAGE1(uint8_t*)	0	static,ignoring_inline_asm
../Core/Src/rp/RP.cc:136:6:void RP_DRAW_PAGE2(uint8_t*)	0	static,ignoring_inline_asm
../Core/Src/rp/RP.cc:142:6:void RP_DRAW_PAGE3(uint8_t*)	0	static,ignoring_inline_asm
../Core/Src/rp/RP.cc:150:6:void RP_POWER_OFF()	0	static,ignoring_inline_asm
../Core/Src/rp/RP.cc:157:10:uint32_t RP_GET_ERROR()	0	static,ignoring_inline_asm
../Core/Src/rp/RP.cc:164:10:uint32_t RP_CLEAR_ERROR(uint32_t)	0	static,ignoring_inline_asm
../Core/Src/rp/RP.cc:174:6:void RP_DELAY(uint32_t)	0	static,ignoring_inline_asm
../Core/Src/rp/RP.cc:180:6:void RP_DELAY_UNTIL(uint32_t)	0	static,ignoring_inline_asm
../Core/Src/rp/RP.cc:186:10:uint32_t RP_MILLIS()	0	static,ignoring_inline_asm
../Core/Src/rp/RP.cc:195:9:uint8_t RP_PASTE(char*)	0	static
../Core/Src/rp/RP.cc:198:9:uint8_t RP_PASTE_IMM(char*)	0	static,ignoring_inline_asm
../Core/Src/rp/RP.cc:208:6:void RP_EXIT(uint32_t)	0	static
../Core/Src/rp/RP.cc:213:10:uint32_t RP_FOPEN(RP_FILE*, const char*, unsigned char)	24	static,ignoring_inline_asm
../Core/Src/rp/RP.cc:232:10:uint32_t RP_FCLOSE(RP_FILE)	0	static,ignoring_inline_asm
../Core/Src/rp/RP.cc:242:10:uint32_t RP_FILE_SELECTOR(const char*, const char*, char*, unsigned int)	16	static,ignoring_inline_asm
../Core/Src/rp/RP.cc:262:10:uint32_t RP_FREAD(RP_FILE, char*, uint32_t, uint32_t*)	16	static,ignoring_inline_asm
../Core/Src/rp/RP.cc:283:10:uint32_t RP_FWRITE(RP_FILE, const char*, uint32_t, uint32_t*)	16	static,ignoring_inline_asm
../Core/Src/rp/RP.cc:303:10:uint32_t RP_FSEEK(RP_FILE, uint32_t, uint32_t)	16	static,ignoring_inline_asm
../Core/Src/rp/RP.cc:322:10:uint32_t RP_STAT(const char*, stat*)	8	static,ignoring_inline_asm
../Core/Src/rp/RP.cc:339:10:uint32_t RP_FSTAT(RP_FILE, stat*)	8	static,ignoring_inline_asm
../Core/Src/rp/RP.cc:356:10:uint32_t RP_FLIST(const char*, char**)	0	static
../Core/Src/rp/RP.cc:359:10:uint32_t RP_MKDIR(const char*)	0	static,ignoring_inline_asm
../Core/Src/rp/RP.cc:367:10:uint32_t RP_UNLINK(const char*)	0	static,ignoring_inline_asm
../Core/Src/rp/RP.cc:375:10:uint32_t RP_RENAME(const char*, const char*)	8	static,ignoring_inline_asm
../Core/Src/rp/RP.cc:388:10:uint32_t RP_RMDIR(const char*)	0	static,ignoring_inline_asm
../Core/Src/rp/RP.cc:402:9:uint8_t RP_REGISTER_TIMER(uint32_t, void (*)(uint8_t), uint8_t)	16	static,ignoring_inline_asm
../Core/Src/rp/RP.cc:415:7:void RP_UNREGISTER_TIMER(uint8_t)	8	static,ignoring_inline_asm
../Core/Src/rp/RP.cc:427:6:void RP_PRINT_TEXT(char*, uint8_t*, uint8_t*)	16	static,ignoring_inline_asm
