../Core/Src/Free42/core_main.cc:2940:12:int ascii2hp(char*, int, const char*, int)	36	static
../Core/Src/Free42/core_main.cc:4193:14:char* parse_string(const char*, int, int*)	24	static
../Core/Src/Free42/core_main.cc:1929:15:double parse_number_line(char*)	40	static
../Core/Src/Free42/core_main.cc:2462:12:int complex2buf(char*, double, double, bool, const char*)	72	static
../Core/Src/Free42/core_main.cc:4133:12:int get_token(const char*, int*, int*)	32	static
../Core/Src/Free42/core_main.cc:2742:12:int scan_number(const char*, int, int, const char*, bool)	24	static
../Core/Src/Free42/core_main.cc:2817:13:bool parse_phloat(const char*, int, double*, const char*)	160	static
../Core/Src/Free42/core_main.cc:3299:12:int parse_scalar(const char*, int, bool, double*, double*, int*, const char*)	56	static
../Core/Src/Free42/core_main.cc:4215:17:vartype* deserialize_list(const char*, int*)	96	static
../Core/Src/Free42/core_main.cc:2940:12:int ascii2hp(char*, int, const char*, int)	36	static
../Core/Src/Free42/core_main.cc:2490:13:void serialize_list(textbuf*, vartype_list*, int)	144	static
../Core/Src/Free42/core_main.cc:5286:12:int handle_error(int)	24	static
../Core/Src/Free42/core_main.cc:5261:13:void stop_interruptible()	16	static
../Core/Src/Free42/core_main.cc:98:6:void core_init(int, int, const char*, int)	56	static
../Core/Src/Free42/core_main.cc:344:6:void core_save_state(const char*)	40	static
../Core/Src/Free42/core_main.cc:368:6:void core_cleanup()	16	static
../Core/Src/Free42/core_main.cc:387:6:void core_repaint_display()	0	static
../Core/Src/Free42/core_main.cc:391:6:bool core_menu()	8	static
../Core/Src/Free42/core_main.cc:395:6:bool alpha_active()	8	static
../Core/Src/Free42/core_main.cc:400:6:bool core_alpha_menu()	8	static
../Core/Src/Free42/core_main.cc:404:6:bool core_hex_menu()	8	static
../Core/Src/Free42/core_main.cc:410:5:int core_special_menu_key(int)	0	static
../Core/Src/Free42/core_main.cc:436:42:int core_repeat()	8	static
../Core/Src/Free42/core_main.cc:443:43:void core_keytimeout1()	16	static
../Core/Src/Free42/core_main.cc:473:43:void core_keytimeout2()	16	static
../Core/Src/Free42/core_main.cc:490:6:bool core_timeout3(bool)	8	static
../Core/Src/Free42/core_main.cc:513:43:bool core_keyup()	80	static
../Core/Src/Free42/core_main.cc:170:43:bool core_keydown(int, bool*, int*)	88	static
../Core/Src/Free42/core_main.cc:88:6:bool program_running()	40	static
../Core/Src/Free42/core_main.cc:748:6:void core_update_allow_big_stack()	40	static
../Core/Src/Free42/core_main.cc:762:7:char* core_list_programs()	120	static
../Core/Src/Free42/core_main.cc:1147:6:int core_program_size(int)	96	static
../Core/Src/Free42/core_main.cc:1277:6:void core_export_programs(int, const int*, const char*)	1200	static
../Core/Src/Free42/core_main.cc:1975:6:void core_import_programs(int, const char*)	1128	static
../Core/Src/Free42/core_main.cc:4701:43:void set_alpha_entry(bool)	0	static
../Core/Src/Free42/core_main.cc:4705:43:void set_running(bool)	16	static
../Core/Src/Free42/core_main.cc:4907:5:int find_builtin(const char*, int)	16	static
../Core/Src/Free42/core_main.cc:414:6:bool core_keydown_command(const char*, bool, bool*, int*)	96	static
../Core/Src/Free42/core_main.cc:4944:43:void sst()	8	static
../Core/Src/Free42/core_main.cc:4957:43:void bst()	8	static
../Core/Src/Free42/core_main.cc:4968:6:void fix_thousands_separators(char*, int*)	24	static
../Core/Src/Free42/core_main.cc:5012:5:int find_menu_key(int)	0	static
../Core/Src/Free42/core_main.cc:5024:6:void start_incomplete_command(int)	24	static
../Core/Src/Free42/core_main.cc:4719:6:void do_interactive(int)	56	static
../Core/Src/Free42/core_main.cc:5100:6:void finish_command_entry(bool)	32	static
../Core/Src/Free42/core_main.cc:662:6:bool core_powercycle()	64	static
../Core/Src/Free42/core_main.cc:5177:6:void finish_xeq()	24	static
../Core/Src/Free42/core_main.cc:5230:6:void start_alpha_prgm_line()	16	static
../Core/Src/Free42/core_main.cc:5244:6:void finish_alpha_prgm_line()	40	static
../Core/Src/Free42/core_main.cc:5273:6:void set_old_pc(int)	0	static
../Core/Src/Free42/core_main.cc:5389:13:const char* number_format()	16	static
../Core/Src/Free42/core_main.cc:2628:7:char* core_copy()	200	static
../Core/Src/Free42/core_main.cc:4356:6:void core_paste(const char*)	496	static
