../Core/Src/Free42/core_keydown.cc:34:13:bool is_number_key(int, int, bool*)	16	static
../Core/Src/Free42/core_keydown.cc:68:13:void set_solve_integ(int)	16	static
../Core/Src/Free42/core_keydown.cc:61:12:int basekeys()	8	static
../Core/Src/Free42/core_keydown.cc:91:13:void view(const char*, int)	40	static
C:/Users/Jerem/OneDrive/Documents/career/my_projects/stm-workspace/Free42/Core/Inc/Free42/core_globals.h:350:17:bool prgm_struct::is_end(int)	0	static
../Core/Src/Free42/core_keydown.cc:407:6:void keydown_number_entry(int, int)	160	static
../Core/Src/Free42/core_keydown.cc:681:6:void keydown_command_entry(int, int)	48	static
../Core/Src/Free42/core_keydown.cc:1791:6:void keydown_alpha_mode(int, int)	24	static
../Core/Src/Free42/core_keydown.cc:2056:6:void keydown_normal_mode(int, int)	72	static
../Core/Src/Free42/core_keydown.cc:155:6:void keydown(int, int)	80	static
