../Core/Src/Free42/core_main.cc:2918:12:int ascii2hp(char*, int, const char*, int)	36	static
../Core/Src/Free42/core_main.cc:3428:13:bool nexttoken(const char*, int, int, int*, int*)	12	static
../Core/Src/Free42/core_main.cc:4160:12:int parse_int(const char*, int)	16	static
../Core/Src/Free42/core_main.cc:4171:14:char* parse_string(const char*, int, int*)	24	static
../Core/Src/Free42/core_main.cc:1921:15:double parse_number_line(char*)	72	static
../Core/Src/Free42/core_main.cc:2431:12:int real2buf(char*, double, const char*, bool)	32	static
../Core/Src/Free42/core_main.cc:2440:12:int complex2buf(char*, double, double, bool, const char*)	80	static
../Core/Src/Free42/core_main.cc:2468:13:void serialize_list(textbuf*, vartype_list*, int)	120	static
../Core/Src/Free42/core_main.cc:4111:12:int get_token(const char*, int*, int*)	32	static
../Core/Src/Free42/core_main.cc:2720:12:int scan_number(const char*, int, int, const char*, bool)	24	static
../Core/Src/Free42/core_main.cc:2795:13:bool parse_phloat(const char*, int, double*, const char*)	152	static
../Core/Src/Free42/core_main.cc:3277:12:int parse_scalar(const char*, int, bool, double*, double*, int*, const char*)	56	static
../Core/Src/Free42/core_main.cc:4193:17:vartype* deserialize_list(const char*, int*)	104	static
../Core/Src/Free42/core_main.cc:66:13:void set_shift(bool)	16	static
../Core/Src/Free42/core_main.cc:5255:13:void set_last_err(int)	0	static
C:/Users/Jerem/OneDrive/Documents/career/my_projects/stm-workspace/Free42/Core/Inc/Free42/core_globals.h:350:17:bool prgm_struct::is_end(int)	0	static
../Core/Src/Free42/core_main.cc:86:43:bool program_running()	0	static
../Core/Src/Free42/core_main.cc:90:6:void core_init(int, int, const char*, int)	64	static
../Core/Src/Free42/core_main.cc:360:6:void core_cleanup()	16	static
../Core/Src/Free42/core_main.cc:379:6:void core_repaint_display()	0	static
../Core/Src/Free42/core_main.cc:383:6:bool core_menu()	8	static
../Core/Src/Free42/core_main.cc:387:6:bool alpha_active()	8	static
../Core/Src/Free42/core_main.cc:392:6:bool core_alpha_menu()	0	static
../Core/Src/Free42/core_main.cc:396:6:bool core_hex_menu()	8	static
../Core/Src/Free42/core_main.cc:402:5:int core_special_menu_key(int)	0	static
../Core/Src/Free42/core_main.cc:428:5:int core_repeat()	8	static
../Core/Src/Free42/core_main.cc:435:6:void core_keytimeout1()	16	static
../Core/Src/Free42/core_main.cc:465:6:void core_keytimeout2()	24	static
../Core/Src/Free42/core_main.cc:482:6:bool core_timeout3(bool)	8	static
../Core/Src/Free42/core_main.cc:740:6:void core_update_allow_big_stack()	40	static
../Core/Src/Free42/core_main.cc:754:7:char* core_list_programs()	112	static
../Core/Src/Free42/core_main.cc:1139:6:int core_program_size(int)	88	static
../Core/Src/Free42/core_main.cc:1269:6:void core_export_programs(int, const int*, const char*)	1200	static
../Core/Src/Free42/core_main.cc:4679:6:void set_alpha_entry(bool)	0	static
../Core/Src/Free42/core_main.cc:4683:6:void set_running(bool)	16	static
../Core/Src/Free42/core_main.cc:5264:12:int handle_error(int)	16	static
../Core/Src/Free42/core_main.cc:5239:13:void stop_interruptible()	16	static
../Core/Src/Free42/core_main.cc:336:6:void core_save_state(const char*)	40	static
../Core/Src/Free42/core_main.cc:505:43:bool core_keyup()	72	static
../Core/Src/Free42/core_main.cc:162:43:bool core_keydown(int, bool*, int*)	88	static
../Core/Src/Free42/core_main.cc:1953:6:void core_import_programs(int, const char*)	1128	static
../Core/Src/Free42/core_main.cc:4885:5:int find_builtin(const char*, int)	20	static
../Core/Src/Free42/core_main.cc:406:6:bool core_keydown_command(const char*, bool, bool*, int*)	88	static
../Core/Src/Free42/core_main.cc:4922:6:void sst()	8	static
../Core/Src/Free42/core_main.cc:4935:6:void bst()	8	static
../Core/Src/Free42/core_main.cc:4946:6:void fix_thousands_separators(char*, int*)	24	static
../Core/Src/Free42/core_main.cc:4990:5:int find_menu_key(int)	0	static
../Core/Src/Free42/core_main.cc:5002:6:void start_incomplete_command(int)	32	static
../Core/Src/Free42/core_main.cc:4697:6:void do_interactive(int)	56	static
../Core/Src/Free42/core_main.cc:5078:6:void finish_command_entry(bool)	32	static
../Core/Src/Free42/core_main.cc:654:6:bool core_powercycle()	56	static
../Core/Src/Free42/core_main.cc:5155:6:void finish_xeq()	32	static
../Core/Src/Free42/core_main.cc:5208:6:void start_alpha_prgm_line()	16	static
../Core/Src/Free42/core_main.cc:5222:6:void finish_alpha_prgm_line()	40	static
../Core/Src/Free42/core_main.cc:5251:6:void set_old_pc(int)	0	static
../Core/Src/Free42/core_main.cc:5367:13:const char* number_format()	16	static
../Core/Src/Free42/core_main.cc:2606:7:char* core_copy()	176	static
../Core/Src/Free42/core_main.cc:4334:6:void core_paste(const char*)	472	static
