C:\ST\STM32CubeIDE_1.15.0\STM32CubeIDE\plugins\com.st.stm32cube.ide.mcu.externaltools.gnu-tools-for-stm32.13.3.rel1.win32_1.0.0.202411081344\tools\bin/../lib/gcc/arm-none-eabi/13.3.1/../../../../arm-none-eabi/include/c++/13.3.1/cmath:1152:3:constexpr bool std::isinf(double)	32	static
C:\ST\STM32CubeIDE_1.15.0\STM32CubeIDE\plugins\com.st.stm32cube.ide.mcu.externaltools.gnu-tools-for-stm32.13.3.rel1.win32_1.0.0.202411081344\tools\bin/../lib/gcc/arm-none-eabi/13.3.1/../../../../arm-none-eabi/include/c++/13.3.1/cmath:1179:3:constexpr bool std::isnan(double)	24	static
C:/Users/Jerem/OneDrive/Documents/career/my_projects/stm-workspace/Free42/Core/Inc/Free42/core_variables.h:92:11:char* vartype_string::txt()	16	static
C:/Users/Jerem/OneDrive/Documents/career/my_projects/stm-workspace/Free42/Core/Inc/Free42/core_globals.h:350:17:bool prgm_struct::is_end(int)	16	static
../Core/Src/Free42/core_main.cc:66:13:void set_shift(bool)	24	static
../Core/Src/Free42/core_main.cc:86:6:bool program_running()	4	static
../Core/Src/Free42/core_main.cc:90:6:void core_init(int, int, const char*, int)	72	static
../Core/Src/Free42/core_main.cc:161:6:bool core_keydown(int, bool*, int*)	56	static
../Core/Src/Free42/core_main.cc:335:6:void core_save_state(const char*)	48	static
../Core/Src/Free42/core_main.cc:359:6:void core_cleanup()	16	static
../Core/Src/Free42/core_main.cc:378:6:void core_repaint_display()	8	static
../Core/Src/Free42/core_main.cc:382:6:bool core_menu()	8	static
../Core/Src/Free42/core_main.cc:386:6:bool alpha_active()	16	static
../Core/Src/Free42/core_main.cc:391:6:bool core_alpha_menu()	8	static
../Core/Src/Free42/core_main.cc:395:6:bool core_hex_menu()	8	static
../Core/Src/Free42/core_main.cc:401:5:int core_special_menu_key(int)	16	static
../Core/Src/Free42/core_main.cc:405:6:bool core_keydown_command(const char*, bool, bool*, int*)	112	static
../Core/Src/Free42/core_main.cc:427:5:int core_repeat()	16	static
../Core/Src/Free42/core_main.cc:434:6:void core_keytimeout1()	16	static
../Core/Src/Free42/core_main.cc:464:6:void core_keytimeout2()	16	static
../Core/Src/Free42/core_main.cc:481:6:bool core_timeout3(bool)	16	static
../Core/Src/Free42/core_main.cc:504:6:bool core_keyup()	80	static
../Core/Src/Free42/core_main.cc:653:6:bool core_powercycle()	48	static
../Core/Src/Free42/core_main.cc:739:6:void core_update_allow_big_stack()	40	static
../Core/Src/Free42/core_main.cc:753:7:char* core_list_programs()	112	static
../Core/Src/Free42/core_main.cc:818:13:void export_hp42s(int)	1192	static
../Core/Src/Free42/core_main.cc:1138:6:int core_program_size(int)	96	static
../Core/Src/Free42/core_main.cc:1268:6:void core_export_programs(int, const int*, const char*)	1072	static
../Core/Src/Free42/core_main.cc:1909:13:bool looks_like_zero(const char*)	24	static
../Core/Src/Free42/core_main.cc:1920:15:double parse_number_line(char*)	64	static
../Core/Src/Free42/core_main.cc:1952:6:void core_import_programs(int, const char*)	1240	static
../Core/Src/Free42/core_main.cc:2430:12:int real2buf(char*, double, const char*, bool)	56	static
../Core/Src/Free42/core_main.cc:2439:12:int complex2buf(char*, double, double, bool, const char*)	88	static
../Core/Src/Free42/core_main.cc:2467:13:void serialize_list(textbuf*, vartype_list*, int)	160	static
../Core/Src/Free42/core_main.cc:2605:7:char* core_copy()	256	static
../Core/Src/Free42/core_main.cc:2719:12:int scan_number(const char*, int, int, const char*, bool)	48	static
../Core/Src/Free42/core_main.cc:2794:13:bool parse_phloat(const char*, int, double*, const char*)	176	static
../Core/Src/Free42/core_main.cc:2917:12:int ascii2hp(char*, int, const char*, int)	56	static
../Core/Src/Free42/core_main.cc:3208:12:int text2hp(char*, int)	32	static
../Core/Src/Free42/core_main.cc:3228:17:vartype* parse_base(const char*, int)	96	static
../Core/Src/Free42/core_main.cc:3276:12:int parse_scalar(const char*, int, bool, double*, double*, int*, const char*)	56	static
../Core/Src/Free42/core_main.cc:3427:13:bool nexttoken(const char*, int, int, int*, int*)	32	static
../Core/Src/Free42/core_main.cc:3448:13:void paste_programs(const char*)	600	static
../Core/Src/Free42/core_main.cc:4110:12:int get_token(const char*, int*, int*)	32	static
../Core/Src/Free42/core_main.cc:4159:12:int parse_int(const char*, int)	32	static
../Core/Src/Free42/core_main.cc:4170:14:char* parse_string(const char*, int, int*)	48	static
../Core/Src/Free42/core_main.cc:4192:17:vartype* deserialize_list(const char*, int*)	176	static
../Core/Src/Free42/core_main.cc:4333:6:void core_paste(const char*)	312	static
../Core/Src/Free42/core_main.cc:4678:6:void set_alpha_entry(bool)	16	static
../Core/Src/Free42/core_main.cc:4682:6:void set_running(bool)	24	static
../Core/Src/Free42/core_main.cc:4696:6:void do_interactive(int)	56	static
../Core/Src/Free42/core_main.cc:4787:13:void continue_running()	56	static
../Core/Src/Free42/core_main.cc:4884:5:int find_builtin(const char*, int)	32	static
../Core/Src/Free42/core_main.cc:4921:6:void sst()	8	static
../Core/Src/Free42/core_main.cc:4934:6:void bst()	16	static
../Core/Src/Free42/core_main.cc:4945:6:void fix_thousands_separators(char*, int*)	40	static
../Core/Src/Free42/core_main.cc:4989:5:int find_menu_key(int)	16	static
../Core/Src/Free42/core_main.cc:5001:6:void start_incomplete_command(int)	24	static
../Core/Src/Free42/core_main.cc:5077:6:void finish_command_entry(bool)	32	static
../Core/Src/Free42/core_main.cc:5154:6:void finish_xeq()	24	static
../Core/Src/Free42/core_main.cc:5207:6:void start_alpha_prgm_line()	8	static
../Core/Src/Free42/core_main.cc:5221:6:void finish_alpha_prgm_line()	48	static
../Core/Src/Free42/core_main.cc:5238:13:void stop_interruptible()	24	static
../Core/Src/Free42/core_main.cc:5250:6:void set_old_pc(int)	16	static
../Core/Src/Free42/core_main.cc:5254:13:void set_last_err(int)	16	static
../Core/Src/Free42/core_main.cc:5263:12:int handle_error(int)	24	static
../Core/Src/Free42/core_main.cc:5366:13:const char* number_format()	16	static
