../Core/Src/Free42/shell_main.cc:17:6:void shell_get_time_date(unsigned int*, unsigned int*, int*)	0	static
../Core/Src/Free42/shell_main.cc:21:6:void shell_powerdown()	0	static
../Core/Src/Free42/shell_main.cc:26:6:void shell_message(const char*)	0	static
../Core/Src/Free42/shell_main.cc:31:6:void shell_request_timeout3(int)	0	static
../Core/Src/Free42/shell_main.cc:35:6:bool shell_wants_cpu()	0	static
../Core/Src/Free42/shell_main.cc:39:6:void shell_delay(int)	0	static
../Core/Src/Free42/shell_main.cc:43:13:const char* shell_number_format()	0	static
../Core/Src/Free42/shell_main.cc:47:6:long long int shell_random_seed()	0	static
../Core/Src/Free42/shell_main.cc:53:43:void shell_blitter(const char*, int, int, int, int, int)	80	static
../Core/Src/Free42/shell_main.cc:84:7:unsigned int shell_milliseconds()	0	static
../Core/Src/Free42/shell_main.cc:88:6:void shell_beeper(int)	0	static
../Core/Src/Free42/shell_main.cc:92:7:long long unsigned int shell_get_mem()	8	static,ignoring_inline_asm
../Core/Src/Free42/shell_main.cc:101:6:void shell_print(const char*, int, const char*, int, int, int, int, int)	0	static
../Core/Src/Free42/shell_main.cc:105:6:void shell_check_for_copy()	8	static
../Core/Src/Free42/shell_main.cc:118:13:const char* shell_platform()	0	static
../Core/Src/Free42/shell_main.cc:122:5:int shell_date_format()	0	static
../Core/Src/Free42/shell_main.cc:126:6:bool shell_clk24()	0	static
../Core/Src/Free42/shell_main.cc:130:6:bool shell_low_battery()	0	static
../Core/Src/Free42/shell_main.cc:134:5:int skin_getchar()	0	static
../Core/Src/Free42/shell_main.cc:139:6:void skin_put_pixels(const unsigned char*)	0	static
../Core/Src/Free42/shell_main.cc:143:6:void skin_finish_image()	0	static
../Core/Src/Free42/shell_main.cc:149:6:void shell_annunciators(int, int, int, int, int, int)	0	static
