../Core/Src/Free42/shell_main.cc:33:6:void shell_get_time_date(unsigned int*, unsigned int*, int*)	24	static
../Core/Src/Free42/shell_main.cc:37:6:void shell_powerdown()	8	static
../Core/Src/Free42/shell_main.cc:43:6:void shell_message(const char*)	16	static
../Core/Src/Free42/shell_main.cc:48:6:void shell_request_timeout3(int)	16	static
../Core/Src/Free42/shell_main.cc:52:6:bool shell_wants_cpu()	4	static
../Core/Src/Free42/shell_main.cc:56:6:void shell_delay(int)	16	static
../Core/Src/Free42/shell_main.cc:60:13:const char* shell_number_format()	4	static
../Core/Src/Free42/shell_main.cc:64:6:long long int shell_random_seed()	4	static
../Core/Src/Free42/shell_main.cc:70:6:void shell_blitter(const char*, int, int, int, int, int)	40	static
../Core/Src/Free42/shell_main.cc:101:7:unsigned int shell_milliseconds()	8	static
../Core/Src/Free42/shell_main.cc:105:6:void shell_beeper(int)	16	static
../Core/Src/Free42/shell_main.cc:109:7:long long unsigned int shell_get_mem()	32	static,ignoring_inline_asm
../Core/Src/Free42/shell_main.cc:113:6:void shell_print(const char*, int, const char*, int, int, int, int, int)	32	static
../Core/Src/Free42/shell_main.cc:126:13:const char* shell_platform()	4	static
../Core/Src/Free42/shell_main.cc:130:5:int shell_date_format()	4	static
../Core/Src/Free42/shell_main.cc:134:6:bool shell_clk24()	4	static
../Core/Src/Free42/shell_main.cc:138:6:bool shell_low_battery()	4	static
../Core/Src/Free42/shell_main.cc:142:5:int skin_getchar()	4	static
../Core/Src/Free42/shell_main.cc:147:6:void skin_put_pixels(const unsigned char*)	16	static
../Core/Src/Free42/shell_main.cc:151:6:void skin_finish_image()	4	static
../Core/Src/Free42/shell_main.cc:157:6:void shell_annunciators(int, int, int, int, int, int)	24	static
