../Core/Src/Free42/shell_main.cc:21:6:void shell_get_time_date(unsigned int*, unsigned int*, int*)	0	static
../Core/Src/Free42/shell_main.cc:25:6:void shell_powerdown()	0	static
../Core/Src/Free42/shell_main.cc:30:6:void shell_message(const char*)	0	static
../Core/Src/Free42/shell_main.cc:35:6:void shell_request_timeout3(int)	0	static
../Core/Src/Free42/shell_main.cc:39:6:bool shell_wants_cpu()	0	static
../Core/Src/Free42/shell_main.cc:43:6:void shell_delay(int)	0	static
../Core/Src/Free42/shell_main.cc:47:13:const char* shell_number_format()	0	static
../Core/Src/Free42/shell_main.cc:51:6:long long int shell_random_seed()	0	static
../Core/Src/Free42/shell_main.cc:60:43:void shell_blitter(const char*, int, int, int, int, int)	88	static
../Core/Src/Free42/shell_main.cc:95:7:unsigned int shell_milliseconds()	0	static
../Core/Src/Free42/shell_main.cc:99:6:void shell_beeper(int)	0	static
../Core/Src/Free42/shell_main.cc:103:7:long long unsigned int shell_get_mem()	16	static,ignoring_inline_asm
../Core/Src/Free42/shell_main.cc:130:6:void initializePrintFrames()	0	static
../Core/Src/Free42/shell_main.cc:141:6:void shell_print(const char*, int, const char*, int, int, int, int, int)	32	static
../Core/Src/Free42/shell_main.cc:210:6:void print_frame_to_screen(PrintFrame*, unsigned int)	48	static
../Core/Src/Free42/shell_main.cc:247:5:int shell_history_draw(int, int)	48	static
../Core/Src/Free42/shell_main.cc:309:6:void shell_check_for_copy()	8	static
../Core/Src/Free42/shell_main.cc:323:13:const char* shell_platform()	0	static
../Core/Src/Free42/shell_main.cc:327:5:int shell_date_format()	0	static
../Core/Src/Free42/shell_main.cc:331:6:bool shell_clk24()	0	static
../Core/Src/Free42/shell_main.cc:335:6:bool shell_low_battery()	0	static
../Core/Src/Free42/shell_main.cc:339:5:int skin_getchar()	0	static
../Core/Src/Free42/shell_main.cc:344:6:void skin_put_pixels(const unsigned char*)	0	static
../Core/Src/Free42/shell_main.cc:348:6:void skin_finish_image()	0	static
../Core/Src/Free42/shell_main.cc:354:6:void shell_annunciators(int, int, int, int, int, int)	0	static
