../Core/Src/Free42/shell_main.cc:33:6:void shell_get_time_date(unsigned int*, unsigned int*, int*)	0	static
../Core/Src/Free42/shell_main.cc:37:6:void shell_powerdown()	0	static
../Core/Src/Free42/shell_main.cc:42:6:void shell_message(const char*)	0	static
../Core/Src/Free42/shell_main.cc:47:6:void shell_request_timeout3(int)	0	static
../Core/Src/Free42/shell_main.cc:51:6:bool shell_wants_cpu()	0	static
../Core/Src/Free42/shell_main.cc:55:6:void shell_delay(int)	0	static
../Core/Src/Free42/shell_main.cc:59:13:const char* shell_number_format()	0	static
../Core/Src/Free42/shell_main.cc:63:6:long long int shell_random_seed()	0	static
../Core/Src/Free42/shell_main.cc:69:43:void shell_blitter(const char*, int, int, int, int, int)	80	static
../Core/Src/Free42/shell_main.cc:100:7:unsigned int shell_milliseconds()	0	static
../Core/Src/Free42/shell_main.cc:104:6:void shell_beeper(int)	0	static
../Core/Src/Free42/shell_main.cc:108:7:long long unsigned int shell_get_mem()	8	static,ignoring_inline_asm
../Core/Src/Free42/shell_main.cc:112:6:void shell_print(const char*, int, const char*, int, int, int, int, int)	16	static
../Core/Src/Free42/shell_main.cc:125:13:const char* shell_platform()	0	static
../Core/Src/Free42/shell_main.cc:129:5:int shell_date_format()	0	static
../Core/Src/Free42/shell_main.cc:133:6:bool shell_clk24()	0	static
../Core/Src/Free42/shell_main.cc:137:6:bool shell_low_battery()	0	static
../Core/Src/Free42/shell_main.cc:141:5:int skin_getchar()	0	static
../Core/Src/Free42/shell_main.cc:146:6:void skin_put_pixels(const unsigned char*)	0	static
../Core/Src/Free42/shell_main.cc:150:6:void skin_finish_image()	0	static
../Core/Src/Free42/shell_main.cc:156:6:void shell_annunciators(int, int, int, int, int, int)	0	static
