../Core/IntelDecimal/bid128_noncomp.c:63:1:__bid128_isSigned	40	static
../Core/IntelDecimal/bid128_noncomp.c:80:1:__bid128_isNormal	128	static
../Core/IntelDecimal/bid128_noncomp.c:160:1:__bid128_isSubnormal	136	static
../Core/IntelDecimal/bid128_noncomp.c:238:1:__bid128_isFinite	48	static
../Core/IntelDecimal/bid128_noncomp.c:252:1:__bid128_isZero	88	static
../Core/IntelDecimal/bid128_noncomp.c:283:1:__bid128_isInf	56	static
../Core/IntelDecimal/bid128_noncomp.c:299:1:__bid128_isSignaling	48	static
../Core/IntelDecimal/bid128_noncomp.c:316:1:__bid128_isCanonical	128	static
../Core/IntelDecimal/bid128_noncomp.c:368:1:__bid128_isNaN	48	static
../Core/IntelDecimal/bid128_noncomp.c:385:1:__bid128_copy	48	static
../Core/IntelDecimal/bid128_noncomp.c:402:1:__bid128_negate	48	static
../Core/IntelDecimal/bid128_noncomp.c:420:1:__bid128_abs	48	static
../Core/IntelDecimal/bid128_noncomp.c:439:1:__bid128_copySign	64	static
../Core/IntelDecimal/bid128_noncomp.c:456:1:__bid128_class	1408	static
../Core/IntelDecimal/bid128_noncomp.c:547:1:__bid128_sameQuantum	168	static
../Core/IntelDecimal/bid128_noncomp.c:593:1:__bid128_totalOrder	2784	static
../Core/IntelDecimal/bid128_noncomp.c:935:1:__bid128_totalOrderMag	2712	static
../Core/IntelDecimal/bid128_noncomp.c:1205:1:__bid128_radix	40	static
../Core/IntelDecimal/bid128_noncomp.c:1218:13:__bid128_inf	40	static
../Core/IntelDecimal/bid128_noncomp.c:1231:13:__bid128_nan	96	static
