C:/Users/Jerem/OneDrive/Documents/career/my_projects/stm-workspace/Free42/Core/Inc/IntelDecimal/bid_internal.h:809:1:unpack_BID64	128	static
C:/Users/Jerem/OneDrive/Documents/career/my_projects/stm-workspace/Free42/Core/Inc/IntelDecimal/bid_internal.h:1504:1:bid_handle_UF_128_rem	1408	static
C:/Users/Jerem/OneDrive/Documents/career/my_projects/stm-workspace/Free42/Core/Inc/IntelDecimal/bid_internal.h:1649:1:handle_UF_128	1320	static
C:/Users/Jerem/OneDrive/Documents/career/my_projects/stm-workspace/Free42/Core/Inc/IntelDecimal/bid_internal.h:1846:1:unpack_BID128_value	152	static
C:/Users/Jerem/OneDrive/Documents/career/my_projects/stm-workspace/Free42/Core/Inc/IntelDecimal/bid_internal.h:2098:1:bid_get_BID128	216	static
C:/Users/Jerem/OneDrive/Documents/career/my_projects/stm-workspace/Free42/Core/Inc/IntelDecimal/bid_div_macros.h:277:1:bid___div_128_by_128	1016	static
C:/Users/Jerem/OneDrive/Documents/career/my_projects/stm-workspace/Free42/Core/Inc/IntelDecimal/bid_div_macros.h:398:1:bid___div_256_by_128	1656	static
../Core/IntelDecimal/bid128_div.c:38:1:__bid128_div	5936	static
../Core/IntelDecimal/bid128_div.c:487:1:__bid128dd_div	6096	static
../Core/IntelDecimal/bid128_div.c:938:1:__bid128dq_div	5920	static
../Core/IntelDecimal/bid128_div.c:1389:1:__bid128qd_div	5904	static
